C:\ST\STM32CubeIDE_1.15.1\STM32CubeIDE\plugins\com.st.stm32cube.ide.mcu.externaltools.gnu-tools-for-stm32.12.3.rel1.win32_1.0.100.202403111256\tools\arm-none-eabi\include\c++\12.3.1\arm-none-eabi\thumb\v7-m\nofp\bits\gthr-default.h:229:1:int __gthread_key_delete(__gthread_key_t)	16	static
C:/Users/Thiemo/Documents/emb/Template/Src/Bargraf.cpp:13:1:Bargraf::Bargraf(char)	16	static
C:/Users/Thiemo/Documents/emb/Template/Src/Bargraf.cpp:20:1:Bargraf::~Bargraf()	16	static
C:/Users/Thiemo/Documents/emb/Template/Src/Bargraf.cpp:20:1:virtual Bargraf::~Bargraf()	16	static
C:/Users/Thiemo/Documents/emb/Template/Src/Bargraf.cpp:27:6:void Bargraf::draw(int)	56	static
C:/Users/Thiemo/Documents/emb/Template/Src/Bargraf.cpp:46:1:void __static_initialization_and_destruction_0(int, int)	16	static
C:/Users/Thiemo/Documents/emb/Template/Src/Bargraf.cpp:46:1:cpp)	8	static
C:/Users/Thiemo/Documents/emb/Template/Src/Bargraf.cpp:46:1:cpp)	8	static
