C:/Users/Thiemo/Documents/emb/EmbSysLib-01.04.00/Src/Hardware/MCU/STM32L1xx/Sys/GCC/core_cm3.h:1508:22:void __NVIC_EnableIRQ(IRQn_Type)	16	static,ignoring_inline_asm
C:/Users/Thiemo/Documents/emb/EmbSysLib-01.04.00/Src/Hardware/Common/Encoder/Encoder.h:49:5:EmbSysLib::Hw::Encoder::Encoder(Mode)	16	static
C:/Users/Thiemo/Documents/emb/EmbSysLib-01.04.00/Src/Hardware/Common/Rtc/Rtc.h:67:17:static BYTE EmbSysLib::Hw::Rtc::getDayOfWeek(BYTE, BYTE, WORD)	16	static
C:/Users/Thiemo/Documents/emb/EmbSysLib-01.04.00/Src/Hardware/Common/SPI/SPImaster.h:84:14:void EmbSysLib::Hw::SPImaster::Device::start()	16	static
C:/Users/Thiemo/Documents/emb/EmbSysLib-01.04.00/Src/Hardware/Common/SPI/SPImaster.h:93:14:void EmbSysLib::Hw::SPImaster::Device::stop()	16	static
C:/Users/Thiemo/Documents/emb/EmbSysLib-01.04.00/Src/Std/DataPointer.h:34:5:EmbSysLib::Std::DataPointer::DataPointer()	16	static
C:/Users/Thiemo/Documents/emb/EmbSysLib-01.04.00/Src/Std/DataPointer.h:45:5:EmbSysLib::Std::DataPointer::DataPointer(BYTE*, WORD)	24	static
C:/Users/Thiemo/Documents/emb/EmbSysLib-01.04.00/Src/Std/DataPointer.h:66:10:void EmbSysLib::Std::DataPointer::operator=(const EmbSysLib::Std::DataPointer&)	16	static
C:/Users/Thiemo/Documents/emb/EmbSysLib-01.04.00/Src/Std/DataPointer.h:86:10:BYTE EmbSysLib::Std::DataPointer::set(const BYTE*, WORD)	24	static
C:/Users/Thiemo/Documents/emb/EmbSysLib-01.04.00/Src/Std/DataPointer.h:111:11:BYTE* EmbSysLib::Std::DataPointer::getPtr() const	16	static
C:/Users/Thiemo/Documents/emb/EmbSysLib-01.04.00/Src/Std/DataPointer.h:135:10:BYTE EmbSysLib::Std::DataPointer::isEmpty()	16	static
C:/Users/Thiemo/Documents/emb/EmbSysLib-01.04.00/Src/Std/DataPointer.h:144:10:WORD EmbSysLib::Std::DataPointer::getSize()	16	static
C:/Users/Thiemo/Documents/emb/EmbSysLib-01.04.00/Src/Std/DataPointer.h:153:10:void EmbSysLib::Std::DataPointer::shift(WORD)	16	static
C:/Users/Thiemo/Documents/emb/EmbSysLib-01.04.00/Src/Hardware/Common/USB/USBdevice/USBcontrol.h:52:14:BYTE EmbSysLib::Hw::USBdeviceControl::Setup::reqRecipient()	16	static
C:/Users/Thiemo/Documents/emb/EmbSysLib-01.04.00/Src/Hardware/Common/USB/USBdevice/USBcontrol.h:53:14:BYTE EmbSysLib::Hw::USBdeviceControl::Setup::reqType()	16	static
C:/Users/Thiemo/Documents/emb/EmbSysLib-01.04.00/Src/Hardware/Common/USB/USBdevice/USBcontrol.h:54:14:BYTE EmbSysLib::Hw::USBdeviceControl::Setup::reqDir()	16	static
C:/Users/Thiemo/Documents/emb/EmbSysLib-01.04.00/Src/Hardware/Common/USB/USBdevice/USBcontrol.h:55:14:BYTE EmbSysLib::Hw::USBdeviceControl::Setup::request()	16	static
C:/Users/Thiemo/Documents/emb/EmbSysLib-01.04.00/Src/Hardware/Common/USB/USBdevice/USBcontrol.h:56:14:WORD EmbSysLib::Hw::USBdeviceControl::Setup::value()	16	static
C:/Users/Thiemo/Documents/emb/EmbSysLib-01.04.00/Src/Hardware/Common/USB/USBdevice/USBcontrol.h:57:14:BYTE EmbSysLib::Hw::USBdeviceControl::Setup::valueLow()	16	static
C:/Users/Thiemo/Documents/emb/EmbSysLib-01.04.00/Src/Hardware/Common/USB/USBdevice/USBcontrol.h:58:14:BYTE EmbSysLib::Hw::USBdeviceControl::Setup::valueHigh()	16	static
C:/Users/Thiemo/Documents/emb/EmbSysLib-01.04.00/Src/Hardware/Common/USB/USBdevice/USBcontrol.h:59:14:BYTE EmbSysLib::Hw::USBdeviceControl::Setup::index()	16	static
C:/Users/Thiemo/Documents/emb/EmbSysLib-01.04.00/Src/Hardware/Common/USB/USBdevice/USBcontrol.h:60:14:BYTE EmbSysLib::Hw::USBdeviceControl::Setup::indexLow()	16	static
C:/Users/Thiemo/Documents/emb/EmbSysLib-01.04.00/Src/Hardware/Common/USB/USBdevice/USBcontrol.h:62:14:WORD EmbSysLib::Hw::USBdeviceControl::Setup::length()	16	static
C:/Users/Thiemo/Documents/emb/EmbSysLib-01.04.00/Src/Hardware/Common/USB/USBdevice/USBinterface.h:57:18:virtual void EmbSysLib::Hw::USBdeviceInterface::onStart()	16	static
C:/Users/Thiemo/Documents/emb/EmbSysLib-01.04.00/Src/Hardware/Common/USB/USBdevice/USBinterface.h:66:18:virtual void EmbSysLib::Hw::USBdeviceInterface::onStop()	16	static
C:/Users/Thiemo/Documents/emb/EmbSysLib-01.04.00/Src/Hardware/Common/USB/USBdevice/USBinterface.h:79:18:virtual void EmbSysLib::Hw::USBdeviceInterface::onConfigEndpoint(BYTE, EmbSysLib::Std::DataPointer&, WORD)	32	static
C:/Users/Thiemo/Documents/emb/EmbSysLib-01.04.00/Src/Hardware/Common/USB/USBdevice/USBinterface.h:98:18:virtual bool EmbSysLib::Hw::USBdeviceInterface::onTransmit(BYTE, EmbSysLib::Std::DataPointer&)	24	static
C:/Users/Thiemo/Documents/emb/EmbSysLib-01.04.00/Src/Hardware/Common/USB/USBdevice/USBinterface.h:117:18:virtual bool EmbSysLib::Hw::USBdeviceInterface::onReceive(BYTE, WORD, EmbSysLib::Std::DataPointer&)	24	static
C:/Users/Thiemo/Documents/emb/EmbSysLib-01.04.00/Src/Hardware/Common/USB/USBdevice/USBinterface.h:139:18:virtual bool EmbSysLib::Hw::USBdeviceInterface::onRequestCtrl_IN(EmbSysLib::Std::DataPointer&, BYTE, WORD, WORD)	24	static
C:/Users/Thiemo/Documents/emb/EmbSysLib-01.04.00/Src/Hardware/Common/USB/USBdevice/USBinterface.h:163:18:virtual bool EmbSysLib::Hw::USBdeviceInterface::onRequestCtrl_OUT(EmbSysLib::Std::DataPointer&, BYTE, WORD, WORD)	24	static
C:/Users/Thiemo/Documents/emb/EmbSysLib-01.04.00/Src/Hardware/Common/USB/USBdevice/USBinterface.h:177:18:virtual void EmbSysLib::Hw::USBdeviceInterface::onTransmitCtrl()	16	static
C:/Users/Thiemo/Documents/emb/EmbSysLib-01.04.00/Src/Hardware/Common/USB/USBdevice/USBinterface.h:193:18:virtual bool EmbSysLib::Hw::USBdeviceInterface::onReceiveCtrl(WORD)	16	static
C:/Users/Thiemo/Documents/emb/EmbSysLib-01.04.00/Src/Hardware/Common/USB/USBdevice/USBinterface.h:205:25:virtual EmbSysLib::Std::DataPointer EmbSysLib::Hw::USBdeviceInterface::onGetDescriptor(WORD)	24	static
C:/Users/Thiemo/Documents/emb/EmbSysLib-01.04.00/Src/Hardware/MCU/STM32L1xx/Src/USBdevice_Mcu.h:63:9:EmbSysLib::Hw::USBdevice_Mcu::EPconfig::EPconfig()	16	static
C:/Users/Thiemo/Documents/emb/EmbSysLib-01.04.00/Src/Hardware/Common/Display/DisplayGraphic.h:153:18:virtual void EmbSysLib::Hw::DisplayGraphic::refresh()	16	static
C:/Users/Thiemo/Documents/emb/EmbSysLib-01.04.00/Src/Hardware/Common/Display/DisplayGraphic.h:161:18:virtual WORD EmbSysLib::Hw::DisplayGraphic::getWidth()	16	static
C:/Users/Thiemo/Documents/emb/EmbSysLib-01.04.00/Src/Hardware/Common/Display/DisplayGraphic.h:170:18:virtual WORD EmbSysLib::Hw::DisplayGraphic::getHeight()	16	static
C:/Users/Thiemo/Documents/emb/EmbSysLib-01.04.00/Src/Hardware/Common/Display/DisplayGraphic.h:182:17:static WORD EmbSysLib::Hw::DisplayGraphic::RGB2color(BYTE, BYTE, BYTE)	16	static
C:/Users/Thiemo/Documents/emb/EmbSysLib-01.04.00/Src/Hardware/Common/Timer/Timer.h:58:11:EmbSysLib::Hw::Timer::Task::Task()	16	static
C:/Users/Thiemo/Documents/emb/EmbSysLib-01.04.00/Src/Hardware/Common/Net/Net.h:45:14:virtual void EmbSysLib::Hw::Net::Handler::update()	16	static
C:/Users/Thiemo/Documents/emb/EmbSysLib-01.04.00/Src/Hardware/Common/Net/Net.h:41:11:EmbSysLib::Hw::Net::Handler::Handler()	16	static
C:/Users/Thiemo/Documents/emb/EmbSysLib-01.04.00/Src/Hardware/Common/Net/Net.h:91:5:EmbSysLib::Hw::Net::Net(EmbSysLib::Hw::Timer&)	16	static
C:/Users/Thiemo/Documents/emb/EmbSysLib-01.04.00/Src/Hardware/Common/Net/Net.h:100:18:virtual void EmbSysLib::Hw::Net::update()	24	static
C:/Users/Thiemo/Documents/emb/EmbSysLib-01.04.00/Src/Hardware/Common/Net/Net.h:120:18:virtual void EmbSysLib::Hw::Net::addTask(Task&)	16	static
C:/Users/Thiemo/Documents/emb/EmbSysLib-01.04.00/Src/Hardware/Common/Net/Net.h:66:11:EmbSysLib::Hw::Net::Task::Task()	16	static
C:/Users/Thiemo/Documents/emb/EmbSysLib-01.04.00/Src/Hardware/Common/Net/NetSocket.h:73:5:EmbSysLib::Hw::NetSocket::NetSocket(Handler*)	24	static
C:/Users/Thiemo/Documents/emb/EmbSysLib-01.04.00/Src/Hardware/Common/Net/NetSocket.h:88:10:void EmbSysLib::Hw::NetSocket::add(Handler*)	16	static
C:/Users/Thiemo/Documents/emb/EmbSysLib-01.04.00/Src/Hardware/Common/Net/NetSocket.h:97:24:virtual EmbSysLib::Hw::NetAddr<4> EmbSysLib::Hw::NetSocket::getRemoteAddr()	24	static
C:/Users/Thiemo/Documents/emb/EmbSysLib-01.04.00/Src/Hardware/Common/Net/NetSocket.h:106:18:virtual WORD EmbSysLib::Hw::NetSocket::getRemotePort()	16	static
C:/Users/Thiemo/Documents/emb/EmbSysLib-01.04.00/Src/Hardware/Common/Net/NetSocket.h:135:18:virtual void EmbSysLib::Hw::NetSocket::write(char)	16	static
C:/Users/Thiemo/Documents/emb/EmbSysLib-01.04.00/Src/Hardware/Common/Net/NetSocket.h:143:18:virtual void EmbSysLib::Hw::NetSocket::write(const char*)	24	static
C:/Users/Thiemo/Documents/emb/EmbSysLib-01.04.00/Src/Hardware/Common/Net/NetSocket.h:151:18:virtual void EmbSysLib::Hw::NetSocket::write(const char*, WORD)	32	static
C:/Users/Thiemo/Documents/emb/EmbSysLib-01.04.00/Src/Hardware/Common/Net/Eth/NetEthTransport.h:41:9:EmbSysLib::Hw::NetEthTransport::Socket::Socket(EmbSysLib::Hw::Net&, EmbSysLib::Hw::NetSocket::Handler*)	24	static
C:/Users/Thiemo/Documents/emb/EmbSysLib-01.04.00/Src/Hardware/Common/Net/Eth/NetEthTransport.h:51:22:virtual void EmbSysLib::Hw::NetEthTransport::Socket::setTimeout(WORD, WORD)	16	static
C:/Users/Thiemo/Documents/emb/EmbSysLib-01.04.00/Src/Hardware/Common/Net/Eth/NetEthTransport.h:71:5:EmbSysLib::Hw::NetEthTransport::NetEthTransport(EmbSysLib::Hw::Ethernet&, EmbSysLib::Hw::NetEthIP&)	24	static
C:/Users/Thiemo/Documents/emb/EmbSysLib-01.04.00/Src/Hardware/Common/Net/Eth/NetEthIP.h:66:14:void EmbSysLib::Hw::NetEthIP::Header::setFlags(BYTE)	16	static
C:/Users/Thiemo/Documents/emb/EmbSysLib-01.04.00/Src/Hardware/Common/Net/Eth/NetEthIP.h:81:14:void EmbSysLib::Hw::NetEthIP::Header::setFragmentOffset(BYTE)	16	static
C:/Users/Thiemo/Documents/emb/EmbSysLib-01.04.00/Src/Hardware/Common/Net/Eth/NetEthDHCP.h:73:18:virtual bool EmbSysLib::Hw::NetEthDHCP::onProcess()	16	static
C:/Users/Thiemo/Documents/emb/EmbSysLib-01.04.00/Src/Hardware/Common/Net/Eth/NetEthTCP.h:71:14:WORD EmbSysLib::Hw::NetEthTCP::Header::getDataOffset()	16	static
C:/Users/Thiemo/Documents/emb/EmbSysLib-01.04.00/Src/Hardware/Common/Net/Eth/NetEthTCP.h:77:14:void EmbSysLib::Hw::NetEthTCP::Header::setDataOffset(BYTE)	16	static
C:/Users/Thiemo/Documents/emb/EmbSysLib-01.04.00/Src/Hardware/Common/Net/Eth/NetEthTCP.h:84:14:BYTE EmbSysLib::Hw::NetEthTCP::Header::getFlags()	16	static
C:/Users/Thiemo/Documents/emb/EmbSysLib-01.04.00/Src/Hardware/Common/Net/Eth/NetEthTCP.h:90:14:void EmbSysLib::Hw::NetEthTCP::Header::setFlags(BYTE)	16	static
C:/Users/Thiemo/Documents/emb/EmbSysLib-01.04.00/Src/Hardware/Common/Net/Eth/NetEthTCP.h:191:14:bool EmbSysLib::Hw::NetEthTCP::Socket::isFlag(BYTE)	16	static
C:/Users/Thiemo/Documents/emb/EmbSysLib-01.04.00/Src/Device/Digital/Digital.h:104:18:virtual void EmbSysLib::Dev::Digital::set()	16	static
C:/Users/Thiemo/Documents/emb/EmbSysLib-01.04.00/Src/Device/Digital/Digital.h:112:18:virtual void EmbSysLib::Dev::Digital::clr()	16	static
C:/Users/Thiemo/Documents/emb/EmbSysLib-01.04.00/Src/Device/Digital/Digital.h:120:18:virtual void EmbSysLib::Dev::Digital::toggle()	16	static
C:/Users/Thiemo/Documents/emb/EmbSysLib-01.04.00/Src/Device/Digital/Digital.h:138:19:virtual EmbSysLib::Dev::Digital::Event EmbSysLib::Dev::Digital::getEvent()	24	static
C:/Users/Thiemo/Documents/emb/EmbSysLib-01.04.00/Src/Device/Digital/Digital.h:157:18:virtual bool EmbSysLib::Dev::Digital::operator=(bool)	16	static
C:/Users/Thiemo/Documents/emb/EmbSysLib-01.04.00/Src/Device/Digital/Digital.h:168:18:virtual bool EmbSysLib::Dev::Digital::operator=(EmbSysLib::Dev::Digital&)	24	static
C:/Users/Thiemo/Documents/emb/EmbSysLib-01.04.00/Src/Device/Digital/Digital.h:178:13:virtual EmbSysLib::Dev::Digital::operator bool()	16	static
C:/Users/Thiemo/Documents/emb/EmbSysLib-01.04.00/Src/Device/Terminal/Terminal.h:181:10:WORD EmbSysLib::Dev::Terminal::remapESC(WORD)	16	static
C:/Users/Thiemo/Documents/emb/EmbSysLib-01.04.00/Src/Device/Terminal/Terminal.h:196:10:bool EmbSysLib::Dev::Terminal::isNumber(BYTE)	16	static
C:/Users/Thiemo/Documents/emb/EmbSysLib-01.04.00/Src/Hardware/MCU/STM32L1xx/System.cpp:28:1:EmbSysLib::Hw::System::System(bool)	16	static
C:/Users/Thiemo/Documents/emb/EmbSysLib-01.04.00/Src/Hardware/MCU/STM32L1xx/System.cpp:38:6:static void EmbSysLib::Hw::System::start()	8	static
C:/Users/Thiemo/Documents/emb/EmbSysLib-01.04.00/Src/Hardware/MCU/STM32L1xx/System.cpp:44:6:static void EmbSysLib::Hw::System::disableInterrupt()	16	static,ignoring_inline_asm
C:/Users/Thiemo/Documents/emb/EmbSysLib-01.04.00/Src/Hardware/MCU/STM32L1xx/System.cpp:51:6:static void EmbSysLib::Hw::System::enableInterrupt()	16	static,ignoring_inline_asm
C:/Users/Thiemo/Documents/emb/EmbSysLib-01.04.00/Src/Hardware/MCU/STM32L1xx/System.cpp:64:6:static void EmbSysLib::Hw::System::enableWatchdog(WORD)	24	static
C:/Users/Thiemo/Documents/emb/EmbSysLib-01.04.00/Src/Hardware/MCU/STM32L1xx/System.cpp:93:6:static void EmbSysLib::Hw::System::disableWatchdog()	4	static
C:/Users/Thiemo/Documents/emb/EmbSysLib-01.04.00/Src/Hardware/MCU/STM32L1xx/System.cpp:99:6:static void EmbSysLib::Hw::System::feedWatchdog()	4	static
C:/Users/Thiemo/Documents/emb/EmbSysLib-01.04.00/Src/Hardware/MCU/STM32L1xx/System.cpp:105:6:static void EmbSysLib::Hw::System::reset()	8	static,ignoring_inline_asm
C:/Users/Thiemo/Documents/emb/EmbSysLib-01.04.00/Src/Hardware/MCU/STM32L1xx/System.cpp:117:6:static void EmbSysLib::Hw::System::delayMicroSec(short unsigned int)	24	static,ignoring_inline_asm
C:/Users/Thiemo/Documents/emb/EmbSysLib-01.04.00/Src/Hardware/MCU/STM32L1xx/System.cpp:128:6:static void EmbSysLib::Hw::System::delayMilliSec(short unsigned int)	16	static
C:/Users/Thiemo/Documents/emb/EmbSysLib-01.04.00/Src/Hardware/MCU/STM32L1xx/System.cpp:145:6:void SystemInit()	16	static,ignoring_inline_asm
C:/Users/Thiemo/Documents/emb/EmbSysLib-01.04.00/Src/Hardware/MCU/STM32L1xx/System.cpp:341:8:void __cxa_pure_virtual()	8	static
C:/Users/Thiemo/Documents/emb/EmbSysLib-01.04.00/Src/Hardware/MCU/STM32L1xx/Mcu_Types.cpp:17:6:WORD hton(WORD)	16	static
C:/Users/Thiemo/Documents/emb/EmbSysLib-01.04.00/Src/Hardware/MCU/STM32L1xx/Mcu_Types.cpp:24:7:DWORD hton(DWORD)	16	static
C:/Users/Thiemo/Documents/emb/EmbSysLib-01.04.00/Src/Hardware/MCU/STM32L1xx/Mcu_Types.cpp:33:6:WORD ntoh(WORD)	16	static
C:/Users/Thiemo/Documents/emb/EmbSysLib-01.04.00/Src/Hardware/MCU/STM32L1xx/Mcu_Types.cpp:39:7:DWORD ntoh(DWORD)	16	static
C:/Users/Thiemo/Documents/emb/EmbSysLib-01.04.00/Src/Hardware/MCU/STM32L1xx/PinConfig.cpp:28:6:static void EmbSysLib::Hw::PinConfig::set(GPIO_TypeDef*, BYTE, DWORD, BYTE)	64	static
C:/Users/Thiemo/Documents/emb/EmbSysLib-01.04.00/Src/Hardware/MCU/STM32L1xx/PinConfig.cpp:53:6:static bool EmbSysLib::Hw::PinConfig::set(Function, DWORD)	32	static
C:/Users/Thiemo/Documents/emb/EmbSysLib-01.04.00/Src/Hardware/MCU/STM32L1xx/Src/Adc_Mcu.cpp:28:1:EmbSysLib::Hw::Adc_Mcu::Adc_Mcu(EmbSysLib::Hw::Timer&)	16	static
C:/Users/Thiemo/Documents/emb/EmbSysLib-01.04.00/Src/Hardware/MCU/STM32L1xx/Src/Adc_Mcu.cpp:55:6:virtual void EmbSysLib::Hw::Adc_Mcu::configCh(BYTE, BYTE)	16	static
C:/Users/Thiemo/Documents/emb/EmbSysLib-01.04.00/Src/Hardware/MCU/STM32L1xx/Src/Adc_Mcu.cpp:82:13:virtual WORD EmbSysLib::Hw::Adc_Mcu::getResult()	16	static
C:/Users/Thiemo/Documents/emb/EmbSysLib-01.04.00/Src/Hardware/MCU/STM32L1xx/Src/Adc_Mcu.cpp:88:13:virtual void EmbSysLib::Hw::Adc_Mcu::startCh(BYTE)	16	static
C:/Users/Thiemo/Documents/emb/EmbSysLib-01.04.00/Src/Hardware/MCU/STM32L1xx/Src/Adc_Mcu.cpp:99:8:void EmbSysLib::Hw::ADC1_IRQHandler()	8	static
C:/Users/Thiemo/Documents/emb/EmbSysLib-01.04.00/Src/Hardware/MCU/STM32L1xx/Src/Dac_Mcu.cpp:25:1:EmbSysLib::Hw::Dac_Mcu::Dac_Mcu()	16	static
C:/Users/Thiemo/Documents/emb/EmbSysLib-01.04.00/Src/Hardware/MCU/STM32L1xx/Src/Dac_Mcu.cpp:34:13:virtual void EmbSysLib::Hw::Dac_Mcu::set(BYTE, WORD)	16	static
C:/Users/Thiemo/Documents/emb/EmbSysLib-01.04.00/Src/Hardware/MCU/STM32L1xx/Src/Dac_Mcu.cpp:47:13:virtual void EmbSysLib::Hw::Dac_Mcu::enable(BYTE)	16	static
C:/Users/Thiemo/Documents/emb/EmbSysLib-01.04.00/Src/Hardware/MCU/STM32L1xx/Src/Encoder_Mcu.cpp:24:1:EmbSysLib::Hw::Encoder_Mcu::Encoder_Mcu(TimerId, EmbSysLib::Hw::Encoder::Mode)	16	static
C:/Users/Thiemo/Documents/emb/EmbSysLib-01.04.00/Src/Hardware/MCU/STM32L1xx/Src/Encoder_Mcu.cpp:92:5:virtual int EmbSysLib::Hw::Encoder_Mcu::get()	24	static
C:/Users/Thiemo/Documents/emb/EmbSysLib-01.04.00/Src/Hardware/MCU/STM32L1xx/Src/I2Cmaster_Mcu.cpp:31:1:EmbSysLib::Hw::I2Cmaster_Mcu::I2Cmaster_Mcu(I2C_ID, WORD)	16	static
C:/Users/Thiemo/Documents/emb/EmbSysLib-01.04.00/Src/Hardware/MCU/STM32L1xx/Src/I2Cmaster_Mcu.cpp:85:13:virtual void EmbSysLib::Hw::I2Cmaster_Mcu::start(BYTE)	16	static
C:/Users/Thiemo/Documents/emb/EmbSysLib-01.04.00/Src/Hardware/MCU/STM32L1xx/Src/I2Cmaster_Mcu.cpp:96:13:virtual void EmbSysLib::Hw::I2Cmaster_Mcu::stop()	16	static
C:/Users/Thiemo/Documents/emb/EmbSysLib-01.04.00/Src/Hardware/MCU/STM32L1xx/Src/I2Cmaster_Mcu.cpp:102:13:virtual void EmbSysLib::Hw::I2Cmaster_Mcu::sendAddr(BYTE)	24	static
C:/Users/Thiemo/Documents/emb/EmbSysLib-01.04.00/Src/Hardware/MCU/STM32L1xx/Src/I2Cmaster_Mcu.cpp:118:13:virtual void EmbSysLib::Hw::I2Cmaster_Mcu::writeByte(BYTE)	24	static
C:/Users/Thiemo/Documents/emb/EmbSysLib-01.04.00/Src/Hardware/MCU/STM32L1xx/Src/I2Cmaster_Mcu.cpp:129:13:virtual BYTE EmbSysLib::Hw::I2Cmaster_Mcu::readByteAck()	16	static
C:/Users/Thiemo/Documents/emb/EmbSysLib-01.04.00/Src/Hardware/MCU/STM32L1xx/Src/I2Cmaster_Mcu.cpp:141:13:virtual BYTE EmbSysLib::Hw::I2Cmaster_Mcu::readByteNack()	16	static
C:/Users/Thiemo/Documents/emb/EmbSysLib-01.04.00/Src/Hardware/MCU/STM32L1xx/Src/I2Cmaster_Mcu.cpp:153:13:virtual void EmbSysLib::Hw::I2Cmaster_Mcu::waitForAckn(MTYPE)	24	static
C:/Users/Thiemo/Documents/emb/EmbSysLib-01.04.00/Src/Hardware/MCU/STM32L1xx/Src/Memory_BKRAM.cpp:32:1:EmbSysLib::Hw::Memory_BKRAM::Memory_BKRAM()	24	static
C:/Users/Thiemo/Documents/emb/EmbSysLib-01.04.00/Src/Hardware/MCU/STM32L1xx/Src/Memory_BKRAM.cpp:45:6:virtual void EmbSysLib::Hw::Memory_BKRAM::unlock()	16	static
C:/Users/Thiemo/Documents/emb/EmbSysLib-01.04.00/Src/Hardware/MCU/STM32L1xx/Src/Memory_BKRAM.cpp:51:6:virtual void EmbSysLib::Hw::Memory_BKRAM::lock()	16	static
C:/Users/Thiemo/Documents/emb/EmbSysLib-01.04.00/Src/Hardware/MCU/STM32L1xx/Src/Memory_BKRAM.cpp:57:20:virtual const BYTE* EmbSysLib::Hw::Memory_BKRAM::getPtr()	16	static
C:/Users/Thiemo/Documents/emb/EmbSysLib-01.04.00/Src/Hardware/MCU/STM32L1xx/Src/Memory_BKRAM.cpp:63:13:virtual void EmbSysLib::Hw::Memory_BKRAM::writeByte(DWORD, BYTE)	32	static
C:/Users/Thiemo/Documents/emb/EmbSysLib-01.04.00/Src/Hardware/MCU/STM32L1xx/Src/Memory_BKRAM.cpp:75:13:virtual BYTE EmbSysLib::Hw::Memory_BKRAM::readByte(DWORD)	24	static
C:/Users/Thiemo/Documents/emb/EmbSysLib-01.04.00/Src/Hardware/MCU/STM32L1xx/Src/Memory_EEPROM.cpp:29:1:EmbSysLib::Hw::Memory_EEPROM::Memory_EEPROM()	24	static
C:/Users/Thiemo/Documents/emb/EmbSysLib-01.04.00/Src/Hardware/MCU/STM32L1xx/Src/Memory_EEPROM.cpp:41:6:virtual void EmbSysLib::Hw::Memory_EEPROM::unlock()	16	static
C:/Users/Thiemo/Documents/emb/EmbSysLib-01.04.00/Src/Hardware/MCU/STM32L1xx/Src/Memory_EEPROM.cpp:52:6:virtual void EmbSysLib::Hw::Memory_EEPROM::lock()	16	static
C:/Users/Thiemo/Documents/emb/EmbSysLib-01.04.00/Src/Hardware/MCU/STM32L1xx/Src/Memory_EEPROM.cpp:58:20:virtual const BYTE* EmbSysLib::Hw::Memory_EEPROM::getPtr()	16	static
C:/Users/Thiemo/Documents/emb/EmbSysLib-01.04.00/Src/Hardware/MCU/STM32L1xx/Src/Memory_EEPROM.cpp:64:6:virtual void EmbSysLib::Hw::Memory_EEPROM::writeByte(DWORD, BYTE)	24	static
C:/Users/Thiemo/Documents/emb/EmbSysLib-01.04.00/Src/Hardware/MCU/STM32L1xx/Src/Memory_EEPROM.cpp:71:6:virtual BYTE EmbSysLib::Hw::Memory_EEPROM::readByte(DWORD)	16	static
C:/Users/Thiemo/Documents/emb/EmbSysLib-01.04.00/Src/Hardware/MCU/STM32L1xx/Src/Memory_Flash.cpp:24:1:EmbSysLib::Hw::Memory_Flash::Memory_Flash(DWORD, DWORD)	32	static
C:/Users/Thiemo/Documents/emb/EmbSysLib-01.04.00/Src/Hardware/MCU/STM32L1xx/Src/Memory_Flash.cpp:36:6:virtual void EmbSysLib::Hw::Memory_Flash::unlock()	16	static
C:/Users/Thiemo/Documents/emb/EmbSysLib-01.04.00/Src/Hardware/MCU/STM32L1xx/Src/Memory_Flash.cpp:55:6:virtual void EmbSysLib::Hw::Memory_Flash::lock()	16	static
C:/Users/Thiemo/Documents/emb/EmbSysLib-01.04.00/Src/Hardware/MCU/STM32L1xx/Src/Memory_Flash.cpp:72:20:virtual const BYTE* EmbSysLib::Hw::Memory_Flash::getPtr()	16	static
C:/Users/Thiemo/Documents/emb/EmbSysLib-01.04.00/Src/Hardware/MCU/STM32L1xx/Src/Memory_Flash.cpp:78:6:virtual void EmbSysLib::Hw::Memory_Flash::erase()	24	static
C:/Users/Thiemo/Documents/emb/EmbSysLib-01.04.00/Src/Hardware/MCU/STM32L1xx/Src/Memory_Flash.cpp:89:6:virtual void EmbSysLib::Hw::Memory_Flash::writeByte(DWORD, BYTE)	32	static
C:/Users/Thiemo/Documents/emb/EmbSysLib-01.04.00/Src/Hardware/MCU/STM32L1xx/Src/Memory_Flash.cpp:121:6:virtual BYTE EmbSysLib::Hw::Memory_Flash::readByte(DWORD)	24	static
C:/Users/Thiemo/Documents/emb/EmbSysLib-01.04.00/Src/Hardware/MCU/STM32L1xx/Src/Memory_Flash.cpp:128:6:void EmbSysLib::Hw::Memory_Flash::erasePage(DWORD)	16	static
C:/Users/Thiemo/Documents/emb/EmbSysLib-01.04.00/Src/Hardware/MCU/STM32L1xx/Src/Port_Mcu.cpp:25:1:EmbSysLib::Hw::Port_Mcu::Port_Mcu(PortId)	16	static
C:/Users/Thiemo/Documents/emb/EmbSysLib-01.04.00/Src/Hardware/MCU/STM32L1xx/Src/Port_Mcu.cpp:45:6:virtual void EmbSysLib::Hw::Port_Mcu::setMode(MTYPE, EmbSysLib::Hw::Port::Mode)	32	static
C:/Users/Thiemo/Documents/emb/EmbSysLib-01.04.00/Src/Hardware/MCU/STM32L1xx/Src/Port_Mcu.cpp:57:6:virtual void EmbSysLib::Hw::Port_Mcu::setPinMode(BYTE, EmbSysLib::Hw::Port::Mode)	24	static
C:/Users/Thiemo/Documents/emb/EmbSysLib-01.04.00/Src/Hardware/MCU/STM32L1xx/Src/Port_Mcu.cpp:70:13:virtual void EmbSysLib::Hw::Port_Mcu::set(MTYPE)	16	static
C:/Users/Thiemo/Documents/emb/EmbSysLib-01.04.00/Src/Hardware/MCU/STM32L1xx/Src/Port_Mcu.cpp:76:13:virtual void EmbSysLib::Hw::Port_Mcu::set(MTYPE, MTYPE)	24	static
C:/Users/Thiemo/Documents/emb/EmbSysLib-01.04.00/Src/Hardware/MCU/STM32L1xx/Src/Port_Mcu.cpp:83:13:virtual void EmbSysLib::Hw::Port_Mcu::clr(MTYPE)	16	static
C:/Users/Thiemo/Documents/emb/EmbSysLib-01.04.00/Src/Hardware/MCU/STM32L1xx/Src/Port_Mcu.cpp:89:14:virtual MTYPE EmbSysLib::Hw::Port_Mcu::get()	16	static
C:/Users/Thiemo/Documents/emb/EmbSysLib-01.04.00/Src/Hardware/MCU/STM32L1xx/Src/Rtc_Mcu.cpp:25:1:EmbSysLib::Hw::Rtc_Mcu::Rtc_Mcu()	16	static
C:/Users/Thiemo/Documents/emb/EmbSysLib-01.04.00/Src/Hardware/MCU/STM32L1xx/Src/Rtc_Mcu.cpp:50:6:virtual void EmbSysLib::Hw::Rtc_Mcu::set(const EmbSysLib::Hw::Rtc::Properties&)	24	static
C:/Users/Thiemo/Documents/emb/EmbSysLib-01.04.00/Src/Hardware/MCU/STM32L1xx/Src/Rtc_Mcu.cpp:82:6:virtual BYTE EmbSysLib::Hw::Rtc_Mcu::get(EmbSysLib::Hw::Rtc::Properties&)	24	static
C:/Users/Thiemo/Documents/emb/EmbSysLib-01.04.00/Src/Hardware/MCU/STM32L1xx/Src/Rtos_Mcu.cpp:39:8:void EmbSysLib::Hw::SysTick_Handler()	8	static,ignoring_inline_asm
C:/Users/Thiemo/Documents/emb/EmbSysLib-01.04.00/Src/Hardware/MCU/STM32L1xx/Src/Rtos_Mcu.cpp:54:8:void EmbSysLib::Hw::PendSV_Handler()	8	static,ignoring_inline_asm
C:/Users/Thiemo/Documents/emb/EmbSysLib-01.04.00/Src/Hardware/MCU/STM32L1xx/Src/SPImaster_Mcu.cpp:30:1:EmbSysLib::Hw::SPImaster_Mcu::SPImaster_Mcu(SPI_ID, SPI_Baudrate, EmbSysLib::Hw::SPImaster::ClockPolPha)	24	static
C:/Users/Thiemo/Documents/emb/EmbSysLib-01.04.00/Src/Hardware/MCU/STM32L1xx/Src/SPImaster_Mcu.cpp:106:6:virtual BYTE EmbSysLib::Hw::SPImaster_Mcu::transceiveByte(BYTE)	24	static,ignoring_inline_asm
C:/Users/Thiemo/Documents/emb/EmbSysLib-01.04.00/Src/Hardware/MCU/STM32L1xx/Src/Timer_Mcu.cpp:41:1:EmbSysLib::Hw::Timer_Mcu::Timer_Mcu(TimerId, DWORD)	40	static
C:/Users/Thiemo/Documents/emb/EmbSysLib-01.04.00/Src/Hardware/MCU/STM32L1xx/Src/Timer_Mcu.cpp:139:6:virtual void EmbSysLib::Hw::Timer_Mcu::enablePWM(BYTE, EmbSysLib::Hw::Timer::Mode)	24	static
C:/Users/Thiemo/Documents/emb/EmbSysLib-01.04.00/Src/Hardware/MCU/STM32L1xx/Src/Timer_Mcu.cpp:255:6:virtual void EmbSysLib::Hw::Timer_Mcu::setPWM(BYTE, WORD)	16	static
C:/Users/Thiemo/Documents/emb/EmbSysLib-01.04.00/Src/Hardware/MCU/STM32L1xx/Src/Timer_Mcu.cpp:271:6:void EmbSysLib::Hw::Timer_Mcu::isr()	16	static
C:/Users/Thiemo/Documents/emb/EmbSysLib-01.04.00/Src/Hardware/MCU/STM32L1xx/Src/Timer_Mcu.cpp:279:8:void EmbSysLib::Hw::TIM2_IRQHandler()	8	static
C:/Users/Thiemo/Documents/emb/EmbSysLib-01.04.00/Src/Hardware/MCU/STM32L1xx/Src/Timer_Mcu.cpp:287:8:void EmbSysLib::Hw::TIM3_IRQHandler()	8	static
C:/Users/Thiemo/Documents/emb/EmbSysLib-01.04.00/Src/Hardware/MCU/STM32L1xx/Src/Timer_Mcu.cpp:295:8:void EmbSysLib::Hw::TIM4_IRQHandler()	8	static
C:/Users/Thiemo/Documents/emb/EmbSysLib-01.04.00/Src/Hardware/MCU/STM32L1xx/Src/Timer_Mcu.cpp:303:8:void EmbSysLib::Hw::TIM5_IRQHandler()	8	static
C:/Users/Thiemo/Documents/emb/EmbSysLib-01.04.00/Src/Hardware/MCU/STM32L1xx/Src/Timer_Mcu.cpp:311:8:void EmbSysLib::Hw::TIM6_IRQHandler()	8	static
C:/Users/Thiemo/Documents/emb/EmbSysLib-01.04.00/Src/Hardware/MCU/STM32L1xx/Src/Timer_Mcu.cpp:319:8:void EmbSysLib::Hw::TIM7_IRQHandler()	8	static
C:/Users/Thiemo/Documents/emb/EmbSysLib-01.04.00/Src/Hardware/MCU/STM32L1xx/Src/Timer_Mcu.cpp:327:8:void EmbSysLib::Hw::TIM9_IRQHandler()	8	static
C:/Users/Thiemo/Documents/emb/EmbSysLib-01.04.00/Src/Hardware/MCU/STM32L1xx/Src/Timer_Mcu.cpp:335:8:void EmbSysLib::Hw::TIM10_IRQHandler()	8	static
C:/Users/Thiemo/Documents/emb/EmbSysLib-01.04.00/Src/Hardware/MCU/STM32L1xx/Src/Timer_Mcu.cpp:343:8:void EmbSysLib::Hw::TIM11_IRQHandler()	8	static
C:/Users/Thiemo/Documents/emb/EmbSysLib-01.04.00/Src/Hardware/MCU/STM32L1xx/Src/Uart_Mcu.cpp:36:1:EmbSysLib::Hw::Uart_Mcu::Uart_Mcu(USART_Id, DWORD, WORD, WORD)	24	static
C:/Users/Thiemo/Documents/emb/EmbSysLib-01.04.00/Src/Hardware/MCU/STM32L1xx/Src/Uart_Mcu.cpp:95:13:virtual BYTE EmbSysLib::Hw::Uart_Mcu::getByte()	16	static
C:/Users/Thiemo/Documents/emb/EmbSysLib-01.04.00/Src/Hardware/MCU/STM32L1xx/Src/Uart_Mcu.cpp:101:13:virtual void EmbSysLib::Hw::Uart_Mcu::setByte(BYTE)	16	static
C:/Users/Thiemo/Documents/emb/EmbSysLib-01.04.00/Src/Hardware/MCU/STM32L1xx/Src/Uart_Mcu.cpp:117:6:virtual void EmbSysLib::Hw::Uart_Mcu::setBaudrate(DWORD)	24	static
C:/Users/Thiemo/Documents/emb/EmbSysLib-01.04.00/Src/Hardware/MCU/STM32L1xx/Src/Uart_Mcu.cpp:134:6:void EmbSysLib::Hw::Uart_Mcu::isr()	16	static
C:/Users/Thiemo/Documents/emb/EmbSysLib-01.04.00/Src/Hardware/MCU/STM32L1xx/Src/Uart_Mcu.cpp:150:8:void EmbSysLib::Hw::USART1_IRQHandler()	8	static
C:/Users/Thiemo/Documents/emb/EmbSysLib-01.04.00/Src/Hardware/MCU/STM32L1xx/Src/Uart_Mcu.cpp:159:8:void EmbSysLib::Hw::USART2_IRQHandler()	8	static
C:/Users/Thiemo/Documents/emb/EmbSysLib-01.04.00/Src/Hardware/MCU/STM32L1xx/Src/Uart_Mcu.cpp:168:8:void EmbSysLib::Hw::USART3_IRQHandler()	8	static
C:/Users/Thiemo/Documents/emb/EmbSysLib-01.04.00/Src/Hardware/MCU/STM32L1xx/Src/USBdevice_Mcu.cpp:72:1:EmbSysLib::Hw::USBdevice_Mcu::USBdevice_Mcu(EmbSysLib::Hw::USBdeviceDescriptor&)	24	static
C:/Users/Thiemo/Documents/emb/EmbSysLib-01.04.00/Src/Hardware/MCU/STM32L1xx/Src/USBdevice_Mcu.cpp:80:13:void EmbSysLib::Hw::USBdevice_Mcu::isr()	24	static
C:/Users/Thiemo/Documents/emb/EmbSysLib-01.04.00/Src/Hardware/MCU/STM32L1xx/Src/USBdevice_Mcu.cpp:120:6:virtual void EmbSysLib::Hw::USBdevice_Mcu::start()	16	static
C:/Users/Thiemo/Documents/emb/EmbSysLib-01.04.00/Src/Hardware/MCU/STM32L1xx/Src/USBdevice_Mcu.cpp:131:6:virtual void EmbSysLib::Hw::USBdevice_Mcu::reset()	32	static
C:/Users/Thiemo/Documents/emb/EmbSysLib-01.04.00/Src/Hardware/MCU/STM32L1xx/Src/USBdevice_Mcu.cpp:175:6:virtual void EmbSysLib::Hw::USBdevice_Mcu::configure(BYTE)	16	static
C:/Users/Thiemo/Documents/emb/EmbSysLib-01.04.00/Src/Hardware/MCU/STM32L1xx/Src/USBdevice_Mcu.cpp:180:6:virtual void EmbSysLib::Hw::USBdevice_Mcu::setAddress(BYTE)	24	static
C:/Users/Thiemo/Documents/emb/EmbSysLib-01.04.00/Src/Hardware/MCU/STM32L1xx/Src/USBdevice_Mcu.cpp:193:6:virtual void EmbSysLib::Hw::USBdevice_Mcu::configEP(BYTE, WORD, BYTE)	32	static
C:/Users/Thiemo/Documents/emb/EmbSysLib-01.04.00/Src/Hardware/MCU/STM32L1xx/Src/USBdevice_Mcu.cpp:219:6:virtual void EmbSysLib::Hw::USBdevice_Mcu::setStallEP(BYTE)	24	static
C:/Users/Thiemo/Documents/emb/EmbSysLib-01.04.00/Src/Hardware/MCU/STM32L1xx/Src/USBdevice_Mcu.cpp:230:6:virtual void EmbSysLib::Hw::USBdevice_Mcu::clrStallEP(BYTE)	16	static
C:/Users/Thiemo/Documents/emb/EmbSysLib-01.04.00/Src/Hardware/MCU/STM32L1xx/Src/USBdevice_Mcu.cpp:235:6:virtual void EmbSysLib::Hw::USBdevice_Mcu::setNAK_EP(BYTE)	24	static
C:/Users/Thiemo/Documents/emb/EmbSysLib-01.04.00/Src/Hardware/MCU/STM32L1xx/Src/USBdevice_Mcu.cpp:245:6:virtual void EmbSysLib::Hw::USBdevice_Mcu::clrNAK_EP(BYTE)	24	static
C:/Users/Thiemo/Documents/emb/EmbSysLib-01.04.00/Src/Hardware/MCU/STM32L1xx/Src/USBdevice_Mcu.cpp:255:6:virtual WORD EmbSysLib::Hw::USBdevice_Mcu::readEP(BYTE, BYTE*, WORD)	40	static
C:/Users/Thiemo/Documents/emb/EmbSysLib-01.04.00/Src/Hardware/MCU/STM32L1xx/Src/USBdevice_Mcu.cpp:282:6:virtual WORD EmbSysLib::Hw::USBdevice_Mcu::writeEP(BYTE, BYTE*, WORD)	32	static
C:/Users/Thiemo/Documents/emb/EmbSysLib-01.04.00/Src/Hardware/MCU/STM32L1xx/Src/USBdevice_Mcu.cpp:312:7:WORD* EmbSysLib::Hw::USBdevice_Mcu::EPconfig::bdt_init(BYTE, BYTE, WORD)	24	static
C:/Users/Thiemo/Documents/emb/EmbSysLib-01.04.00/Src/Hardware/MCU/STM32L1xx/Src/USBdevice_Mcu.cpp:344:6:void EmbSysLib::Hw::USBdevice_Mcu::EPconfig::init(DWORD, DWORD, DWORD, WORD)	24	static
C:/Users/Thiemo/Documents/emb/EmbSysLib-01.04.00/Src/Hardware/MCU/STM32L1xx/Src/USBdevice_Mcu.cpp:376:6:void EmbSysLib::Hw::USBdevice_Mcu::EPconfig::clrCTR_RX()	16	static
C:/Users/Thiemo/Documents/emb/EmbSysLib-01.04.00/Src/Hardware/MCU/STM32L1xx/Src/USBdevice_Mcu.cpp:382:6:void EmbSysLib::Hw::USBdevice_Mcu::EPconfig::clrCTR_TX()	16	static
C:/Users/Thiemo/Documents/emb/EmbSysLib-01.04.00/Src/Hardware/MCU/STM32L1xx/Src/USBdevice_Mcu.cpp:388:6:void EmbSysLib::Hw::USBdevice_Mcu::EPconfig::setSTAT_RX(DWORD)	16	static
C:/Users/Thiemo/Documents/emb/EmbSysLib-01.04.00/Src/Hardware/MCU/STM32L1xx/Src/USBdevice_Mcu.cpp:394:6:void EmbSysLib::Hw::USBdevice_Mcu::EPconfig::setSTAT_TX(DWORD)	16	static
C:/Users/Thiemo/Documents/emb/EmbSysLib-01.04.00/Src/Hardware/MCU/STM32L1xx/Src/USBdevice_Mcu.cpp:407:8:void EmbSysLib::Hw::USB_LP_IRQHandler()	8	static
C:/Users/Thiemo/Documents/emb/EmbSysLib-01.04.00/Src/Std/Clock.cpp:23:1:EmbSysLib::Std::Clock::Clock()	16	static
C:/Users/Thiemo/Documents/emb/EmbSysLib-01.04.00/Src/Std/Clock.cpp:31:6:void EmbSysLib::Std::Clock::start(DWORD, WORD)	24	static
C:/Users/Thiemo/Documents/emb/EmbSysLib-01.04.00/Src/Std/Clock.cpp:39:6:void EmbSysLib::Std::Clock::start()	16	static
C:/Users/Thiemo/Documents/emb/EmbSysLib-01.04.00/Src/Std/Clock.cpp:46:6:BYTE EmbSysLib::Std::Clock::timeout()	24	static
C:/Users/Thiemo/Documents/emb/EmbSysLib-01.04.00/Src/Std/Clock.cpp:60:6:void EmbSysLib::Std::Clock::stop()	16	static
C:/Users/Thiemo/Documents/emb/EmbSysLib-01.04.00/Src/Std/Clock.cpp:66:7:LWORD EmbSysLib::Std::Clock::get()	40	static
C:/Users/Thiemo/Documents/emb/EmbSysLib-01.04.00/Src/Std/Clock.cpp:72:7:LWORD EmbSysLib::Std::Clock::toTics(DWORD, WORD)	72	static
C:/Users/Thiemo/Documents/emb/EmbSysLib-01.04.00/Src/Std/Crc.cpp:23:1:EmbSysLib::Std::Crc::Crc(MODE, WORD, WORD)	40	static
C:/Users/Thiemo/Documents/emb/EmbSysLib-01.04.00/Src/Std/Crc.cpp:47:1:EmbSysLib::Std::Crc::~Crc()	16	static
C:/Users/Thiemo/Documents/emb/EmbSysLib-01.04.00/Src/Std/Crc.cpp:56:6:void EmbSysLib::Std::Crc::operator()(const BYTE*, DWORD)	40	static
C:/Users/Thiemo/Documents/emb/EmbSysLib-01.04.00/Src/Std/Crc.cpp:75:6:void EmbSysLib::Std::Crc::operator()(BYTE)	32	static
C:/Users/Thiemo/Documents/emb/EmbSysLib-01.04.00/Src/Std/Crc.cpp:90:13:WORD EmbSysLib::Std::Crc::tabMethod(BYTE)	24	static
C:/Users/Thiemo/Documents/emb/EmbSysLib-01.04.00/Src/Std/Report.cpp:29:1:EmbSysLib::Std::Report::Report(WORD)	16	static
C:/Users/Thiemo/Documents/emb/EmbSysLib-01.04.00/Src/Std/Report.cpp:36:6:void EmbSysLib::Std::Report::store(WORD)	16	static
C:/Users/Thiemo/Documents/emb/EmbSysLib-01.04.00/Src/Std/Report.cpp:50:6:void EmbSysLib::Std::Report::error(WORD)	24	static
C:/Users/Thiemo/Documents/emb/EmbSysLib-01.04.00/Src/Std/Report.cpp:64:6:void EmbSysLib::Std::Report::alert(WORD)	24	static
C:/Users/Thiemo/Documents/emb/EmbSysLib-01.04.00/Src/Std/Report.cpp:74:6:WORD EmbSysLib::Std::Report::getCode()	16	static
C:/Users/Thiemo/Documents/emb/EmbSysLib-01.04.00/Src/Std/Report.cpp:80:6:WORD EmbSysLib::Std::Report::getCodeEvent()	24	static
C:/Users/Thiemo/Documents/emb/EmbSysLib-01.04.00/Src/Std/Report.cpp:93:6:WORD EmbSysLib::Std::Report::getModuleId()	16	static
C:/Users/Thiemo/Documents/emb/EmbSysLib-01.04.00/Src/Std/Report.cpp:104:1:EmbSysLib::Std::Report::Handler::Handler()	16	static
C:/Users/Thiemo/Documents/emb/EmbSysLib-01.04.00/Src/Std/Report.cpp:110:1:EmbSysLib::Std::Report::Handler::~Handler()	16	static
C:/Users/Thiemo/Documents/emb/EmbSysLib-01.04.00/Src/Hardware/Common/Analog/Adc.cpp:24:1:EmbSysLib::Hw::Adc::Adc(WORD, BYTE, EmbSysLib::Hw::Timer&)	24	static
C:/Users/Thiemo/Documents/emb/EmbSysLib-01.04.00/Src/Hardware/Common/Analog/Adc.cpp:44:6:virtual void EmbSysLib::Hw::Adc::enable(BYTE, BYTE)	24	static
C:/Users/Thiemo/Documents/emb/EmbSysLib-01.04.00/Src/Hardware/Common/Analog/Adc.cpp:70:13:virtual WORD EmbSysLib::Hw::Adc::get(BYTE)	16	static
C:/Users/Thiemo/Documents/emb/EmbSysLib-01.04.00/Src/Hardware/Common/Analog/Adc.cpp:76:13:virtual void EmbSysLib::Hw::Adc::update()	16	static
C:/Users/Thiemo/Documents/emb/EmbSysLib-01.04.00/Src/Hardware/Common/Analog/Adc.cpp:90:13:virtual void EmbSysLib::Hw::Adc::isr()	24	static
C:/Users/Thiemo/Documents/emb/EmbSysLib-01.04.00/Src/Hardware/Common/Analog/Dac.cpp:23:1:EmbSysLib::Hw::Dac::Dac(WORD)	16	static
C:/Users/Thiemo/Documents/emb/EmbSysLib-01.04.00/Src/Hardware/Common/Display/Type/Font.cpp:23:1:EmbSysLib::Hw::Font::Font(const Header*, const BYTE*)	24	static
C:/Users/Thiemo/Documents/emb/EmbSysLib-01.04.00/Src/Hardware/Common/Display/Type/Font.cpp:32:1:EmbSysLib::Hw::Font::Font(const BYTE*)	16	static
C:/Users/Thiemo/Documents/emb/EmbSysLib-01.04.00/Src/Hardware/Common/Display/Type/Font.cpp:39:7:BYTE EmbSysLib::Hw::Font::getCharWidth() const	16	static
C:/Users/Thiemo/Documents/emb/EmbSysLib-01.04.00/Src/Hardware/Common/Display/Type/Font.cpp:45:6:BYTE EmbSysLib::Hw::Font::getCharHeight() const	16	static
C:/Users/Thiemo/Documents/emb/EmbSysLib-01.04.00/Src/Hardware/Common/Display/Type/Font.cpp:51:6:void EmbSysLib::Hw::Font::setChar(BYTE)	24	static
C:/Users/Thiemo/Documents/emb/EmbSysLib-01.04.00/Src/Hardware/Common/Display/Type/Font.cpp:64:6:BYTE EmbSysLib::Hw::Font::getPixel(BYTE, BYTE)	32	static
C:/Users/Thiemo/Documents/emb/EmbSysLib-01.04.00/Src/Hardware/Common/Display/Type/Bitmap.cpp:23:1:EmbSysLib::Hw::Bitmap::Bitmap(const Header*, const WORD*)	24	static
C:/Users/Thiemo/Documents/emb/EmbSysLib-01.04.00/Src/Hardware/Common/Display/Type/Bitmap.cpp:31:1:EmbSysLib::Hw::Bitmap::Bitmap(const BYTE*)	16	static
C:/Users/Thiemo/Documents/emb/EmbSysLib-01.04.00/Src/Hardware/Common/Display/Type/Bitmap.cpp:38:6:WORD EmbSysLib::Hw::Bitmap::getWidth() const	16	static
C:/Users/Thiemo/Documents/emb/EmbSysLib-01.04.00/Src/Hardware/Common/Display/Type/Bitmap.cpp:44:6:WORD EmbSysLib::Hw::Bitmap::getHeight() const	16	static
C:/Users/Thiemo/Documents/emb/EmbSysLib-01.04.00/Src/Hardware/Common/Display/Type/Bitmap.cpp:50:6:WORD EmbSysLib::Hw::Bitmap::getPixel(WORD, WORD)	32	static
C:/Users/Thiemo/Documents/emb/EmbSysLib-01.04.00/Src/Hardware/Common/Display/DisplayChar.cpp:23:1:EmbSysLib::Hw::DisplayChar::DisplayChar(WORD, BYTE, BYTE)	16	static
C:/Users/Thiemo/Documents/emb/EmbSysLib-01.04.00/Src/Hardware/Common/Display/DisplayChar.cpp:33:13:virtual BYTE EmbSysLib::Hw::DisplayChar::getNumberOfLines()	16	static
C:/Users/Thiemo/Documents/emb/EmbSysLib-01.04.00/Src/Hardware/Common/Display/DisplayChar.cpp:39:13:virtual BYTE EmbSysLib::Hw::DisplayChar::getNumberOfColumns()	16	static
C:/Users/Thiemo/Documents/emb/EmbSysLib-01.04.00/Src/Hardware/Common/Display/DisplayChar.cpp:45:6:virtual void EmbSysLib::Hw::DisplayChar::putString(const char*)	16	static
C:/Users/Thiemo/Documents/emb/EmbSysLib-01.04.00/Src/Hardware/Common/Display/DisplayGraphic.cpp:23:1:EmbSysLib::Hw::DisplayGraphic::DisplayGraphic(WORD, WORD, WORD, EmbSysLib::Hw::Font, BYTE)	40	static
C:/Users/Thiemo/Documents/emb/EmbSysLib-01.04.00/Src/Hardware/Common/Display/DisplayGraphic.cpp:48:6:virtual void EmbSysLib::Hw::DisplayGraphic::setFont(EmbSysLib::Hw::Font, BYTE)	24	static
C:/Users/Thiemo/Documents/emb/EmbSysLib-01.04.00/Src/Hardware/Common/Display/DisplayGraphic.cpp:56:6:virtual void EmbSysLib::Hw::DisplayGraphic::setZoom(BYTE)	16	static
C:/Users/Thiemo/Documents/emb/EmbSysLib-01.04.00/Src/Hardware/Common/Display/DisplayGraphic.cpp:62:6:virtual void EmbSysLib::Hw::DisplayGraphic::setBackColor(WORD)	16	static
C:/Users/Thiemo/Documents/emb/EmbSysLib-01.04.00/Src/Hardware/Common/Display/DisplayGraphic.cpp:68:6:virtual void EmbSysLib::Hw::DisplayGraphic::setPaintColor(WORD)	16	static
C:/Users/Thiemo/Documents/emb/EmbSysLib-01.04.00/Src/Hardware/Common/Display/DisplayGraphic.cpp:74:6:virtual void EmbSysLib::Hw::DisplayGraphic::setTextColor(WORD)	16	static
C:/Users/Thiemo/Documents/emb/EmbSysLib-01.04.00/Src/Hardware/Common/Display/DisplayGraphic.cpp:80:6:virtual void EmbSysLib::Hw::DisplayGraphic::gotoPixelPos(WORD, WORD)	16	static
C:/Users/Thiemo/Documents/emb/EmbSysLib-01.04.00/Src/Hardware/Common/Display/DisplayGraphic.cpp:87:6:virtual void EmbSysLib::Hw::DisplayGraphic::gotoTextPos(BYTE, BYTE)	24	static
C:/Users/Thiemo/Documents/emb/EmbSysLib-01.04.00/Src/Hardware/Common/Display/DisplayGraphic.cpp:94:6:virtual void EmbSysLib::Hw::DisplayGraphic::putChar(char)	56	static
C:/Users/Thiemo/Documents/emb/EmbSysLib-01.04.00/Src/Hardware/Common/Display/DisplayGraphic.cpp:121:6:virtual void EmbSysLib::Hw::DisplayGraphic::putPixel(WORD, WORD)	24	static
C:/Users/Thiemo/Documents/emb/EmbSysLib-01.04.00/Src/Hardware/Common/Display/DisplayGraphic.cpp:127:6:virtual void EmbSysLib::Hw::DisplayGraphic::putRectangle(WORD, WORD, WORD, WORD)	48	static
C:/Users/Thiemo/Documents/emb/EmbSysLib-01.04.00/Src/Hardware/Common/Display/DisplayGraphic.cpp:144:6:virtual void EmbSysLib::Hw::DisplayGraphic::putBitmap(WORD, WORD, EmbSysLib::Hw::Bitmap)	40	static
C:/Users/Thiemo/Documents/emb/EmbSysLib-01.04.00/Src/Hardware/Common/Ethernet/Ethernet.cpp:25:1:EmbSysLib::Hw::Ethernet::Ethernet(const EmbSysLib::Hw::NetAddr<6>&, EmbSysLib::Hw::Timer&)	24	static
C:/Users/Thiemo/Documents/emb/EmbSysLib-01.04.00/Src/Hardware/Common/Ethernet/Ethernet.cpp:36:6:virtual void EmbSysLib::Hw::Ethernet::process()	16	static
C:/Users/Thiemo/Documents/emb/EmbSysLib-01.04.00/Src/Hardware/Common/Ethernet/Ethernet.cpp:54:6:void EmbSysLib::Hw::Ethernet::setARP(EmbSysLib::Hw::NetEthARP*)	16	static
C:/Users/Thiemo/Documents/emb/EmbSysLib-01.04.00/Src/Hardware/Common/Ethernet/Ethernet.cpp:60:6:void EmbSysLib::Hw::Ethernet::setIP(EmbSysLib::Hw::NetEthIP*)	16	static
C:/Users/Thiemo/Documents/emb/EmbSysLib-01.04.00/Src/Hardware/Common/Ethernet/Ethernet.cpp:66:23:virtual EmbSysLib::Hw::NetAddr<4>& EmbSysLib::Hw::Ethernet::getIP()	16	static
C:/Users/Thiemo/Documents/emb/EmbSysLib-01.04.00/Src/Hardware/Common/Ethernet/Ethernet.cpp:76:19:const EmbSysLib::Hw::NetAddr<6>& EmbSysLib::Hw::Ethernet::getAddrPhy()	16	static
C:/Users/Thiemo/Documents/emb/EmbSysLib-01.04.00/Src/Hardware/Common/Ethernet/Ethernet.cpp:82:6:bool EmbSysLib::Hw::Ethernet::isNewIP()	16	static
C:/Users/Thiemo/Documents/emb/EmbSysLib-01.04.00/Src/Hardware/Common/I2C/I2Cmaster.cpp:23:1:EmbSysLib::Hw::I2Cmaster::I2Cmaster(WORD)	16	static
C:/Users/Thiemo/Documents/emb/EmbSysLib-01.04.00/Src/Hardware/Common/I2C/I2Cmaster.cpp:30:6:virtual BYTE EmbSysLib::Hw::I2Cmaster::write(BYTE, BYTE*, BYTE, BYTE*, BYTE)	32	static
C:/Users/Thiemo/Documents/emb/EmbSysLib-01.04.00/Src/Hardware/Common/I2C/I2Cmaster.cpp:58:6:virtual BYTE EmbSysLib::Hw::I2Cmaster::read(BYTE, BYTE*, BYTE, BYTE*, BYTE)	40	static
C:/Users/Thiemo/Documents/emb/EmbSysLib-01.04.00/Src/Hardware/Common/I2C/I2Cmaster_Emul.cpp:24:1:EmbSysLib::Hw::I2Cmaster_Emul::I2Cmaster_Emul(EmbSysLib::Hw::Port::Pin&, EmbSysLib::Hw::Port::Pin&, WORD)	24	static
C:/Users/Thiemo/Documents/emb/EmbSysLib-01.04.00/Src/Hardware/Common/I2C/I2Cmaster_Emul.cpp:42:6:virtual void EmbSysLib::Hw::I2Cmaster_Emul::wait()	16	static
C:/Users/Thiemo/Documents/emb/EmbSysLib-01.04.00/Src/Hardware/Common/I2C/I2Cmaster_Emul.cpp:48:6:virtual void EmbSysLib::Hw::I2Cmaster_Emul::waitForAckn()	24	static
C:/Users/Thiemo/Documents/emb/EmbSysLib-01.04.00/Src/Hardware/Common/I2C/I2Cmaster_Emul.cpp:67:6:virtual void EmbSysLib::Hw::I2Cmaster_Emul::start(BYTE)	16	static
C:/Users/Thiemo/Documents/emb/EmbSysLib-01.04.00/Src/Hardware/Common/I2C/I2Cmaster_Emul.cpp:82:6:virtual void EmbSysLib::Hw::I2Cmaster_Emul::stop()	16	static
C:/Users/Thiemo/Documents/emb/EmbSysLib-01.04.00/Src/Hardware/Common/I2C/I2Cmaster_Emul.cpp:97:6:virtual void EmbSysLib::Hw::I2Cmaster_Emul::sendAddr(BYTE)	16	static
C:/Users/Thiemo/Documents/emb/EmbSysLib-01.04.00/Src/Hardware/Common/I2C/I2Cmaster_Emul.cpp:103:6:virtual void EmbSysLib::Hw::I2Cmaster_Emul::writeByte(BYTE)	24	static
C:/Users/Thiemo/Documents/emb/EmbSysLib-01.04.00/Src/Hardware/Common/I2C/I2Cmaster_Emul.cpp:131:6:virtual BYTE EmbSysLib::Hw::I2Cmaster_Emul::readByteNack()	24	static
C:/Users/Thiemo/Documents/emb/EmbSysLib-01.04.00/Src/Hardware/Common/I2C/I2Cmaster_Emul.cpp:162:6:virtual BYTE EmbSysLib::Hw::I2Cmaster_Emul::readByteAck()	24	static
C:/Users/Thiemo/Documents/emb/EmbSysLib-01.04.00/Src/Hardware/Common/I2C/I2Cslave.cpp:23:1:EmbSysLib::Hw::I2Cslave::I2Cslave(DataHandler&, BYTE)	24	static
C:/Users/Thiemo/Documents/emb/EmbSysLib-01.04.00/Src/Hardware/Common/Memory/Memory.cpp:24:1:EmbSysLib::Hw::Memory::Memory(WORD, DWORD, BYTE, bool)	24	static
C:/Users/Thiemo/Documents/emb/EmbSysLib-01.04.00/Src/Hardware/Common/Memory/Memory.cpp:33:13:virtual void EmbSysLib::Hw::Memory::write(DWORD, BYTE)	24	static
C:/Users/Thiemo/Documents/emb/EmbSysLib-01.04.00/Src/Hardware/Common/Memory/Memory.cpp:46:13:virtual BYTE EmbSysLib::Hw::Memory::read(DWORD)	16	static
C:/Users/Thiemo/Documents/emb/EmbSysLib-01.04.00/Src/Hardware/Common/Memory/Memory.cpp:60:13:virtual void EmbSysLib::Hw::Memory::erase()	24	static
C:/Users/Thiemo/Documents/emb/EmbSysLib-01.04.00/Src/Hardware/Common/Memory/Memory.cpp:71:14:virtual DWORD EmbSysLib::Hw::Memory::getSize() const	16	static
C:/Users/Thiemo/Documents/emb/EmbSysLib-01.04.00/Src/Hardware/Common/Memory/Memory.cpp:77:13:virtual bool EmbSysLib::Hw::Memory::isFlash() const	16	static
C:/Users/Thiemo/Documents/emb/EmbSysLib-01.04.00/Src/Hardware/Common/Net/Eth/NetEthARP.cpp:25:1:EmbSysLib::Hw::NetEthARP::NetEthARP(EmbSysLib::Hw::Ethernet&, EmbSysLib::Hw::NetAddr<4>&)	24	static
C:/Users/Thiemo/Documents/emb/EmbSysLib-01.04.00/Src/Hardware/Common/Net/Eth/NetEthARP.cpp:36:6:void EmbSysLib::Hw::NetEthARP::process()	24	static
C:/Users/Thiemo/Documents/emb/EmbSysLib-01.04.00/Src/Hardware/Common/Net/Eth/NetEthARP.cpp:71:6:void EmbSysLib::Hw::NetEthARP::request(EmbSysLib::Hw::NetAddr<4>&)	24	static
C:/Users/Thiemo/Documents/emb/EmbSysLib-01.04.00/Src/Hardware/Common/Net/Eth/NetEthARP.cpp:89:6:void EmbSysLib::Hw::NetEthARP::setTCP(EmbSysLib::Hw::NetEthTCP*)	16	static
C:/Users/Thiemo/Documents/emb/EmbSysLib-01.04.00/Src/Hardware/Common/Net/Eth/NetEthARP.cpp:95:6:void EmbSysLib::Hw::NetEthARP::setUDP(EmbSysLib::Hw::NetEthUDP*)	16	static
C:/Users/Thiemo/Documents/emb/EmbSysLib-01.04.00/Src/Hardware/Common/Net/NetSocket.h:57:11:constexpr EmbSysLib::Hw::NetSocket::Handler::Handler()	16	static
C:/Users/Thiemo/Documents/emb/EmbSysLib-01.04.00/Src/Hardware/Common/Net/Eth/NetEthDHCP.cpp:23:1:EmbSysLib::Hw::NetEthDHCP::NetEthDHCP(EmbSysLib::Hw::NetEthUDP&, const char*)	24	static
C:/Users/Thiemo/Documents/emb/EmbSysLib-01.04.00/Src/Hardware/Common/Net/Eth/NetEthDHCP.cpp:35:6:virtual void EmbSysLib::Hw::NetEthDHCP::onReceive(EmbSysLib::Hw::NetSocket&)	32	static
C:/Users/Thiemo/Documents/emb/EmbSysLib-01.04.00/Src/Hardware/Common/Net/Eth/NetEthDHCP.cpp:70:6:virtual void EmbSysLib::Hw::NetEthDHCP::onTrigger()	16	static
C:/Users/Thiemo/Documents/emb/EmbSysLib-01.04.00/Src/Hardware/Common/Net/Eth/NetEthDHCP.cpp:89:6:BYTE EmbSysLib::Hw::NetEthDHCP::parse_options(BYTE*, int)	32	static
C:/Users/Thiemo/Documents/emb/EmbSysLib-01.04.00/Src/Hardware/Common/Net/Eth/NetEthDHCP.cpp:111:6:void EmbSysLib::Hw::NetEthDHCP::send(BYTE)	40	static
C:/Users/Thiemo/Documents/emb/EmbSysLib-01.04.00/Src/Hardware/Common/Net/Eth/NetEthICMP.cpp:23:1:EmbSysLib::Hw::NetEthICMP::NetEthICMP(EmbSysLib::Hw::NetEthIP&)	16	static
C:/Users/Thiemo/Documents/emb/EmbSysLib-01.04.00/Src/Hardware/Common/Net/Eth/NetEthICMP.cpp:32:6:void EmbSysLib::Hw::NetEthICMP::process()	40	static
C:/Users/Thiemo/Documents/emb/EmbSysLib-01.04.00/Src/Hardware/Common/Net/Eth/NetEthIP.cpp:23:1:EmbSysLib::Hw::NetEthIP::NetEthIP(EmbSysLib::Hw::Ethernet&, const EmbSysLib::Hw::NetAddr<4>&)	24	static
C:/Users/Thiemo/Documents/emb/EmbSysLib-01.04.00/Src/Hardware/Common/Net/Eth/NetEthIP.cpp:43:6:virtual bool EmbSysLib::Hw::NetEthIP::onProcess()	16	static
C:/Users/Thiemo/Documents/emb/EmbSysLib-01.04.00/Src/Hardware/Common/Net/Eth/NetEthIP.cpp:62:6:virtual void EmbSysLib::Hw::NetEthIP::onTrigger()	16	static
C:/Users/Thiemo/Documents/emb/EmbSysLib-01.04.00/Src/Hardware/Common/Net/Eth/NetEthIP.cpp:69:6:void EmbSysLib::Hw::NetEthIP::create(EmbSysLib::Hw::NetAddr<6>, EmbSysLib::Hw::NetAddr<4>, WORD, WORD)	32	static
C:/Users/Thiemo/Documents/emb/EmbSysLib-01.04.00/Src/Hardware/Common/Net/Eth/NetEthIP.cpp:95:13:void EmbSysLib::Hw::NetEthIP::setTCP(EmbSysLib::Hw::NetEthTCP*)	16	static
C:/Users/Thiemo/Documents/emb/EmbSysLib-01.04.00/Src/Hardware/Common/Net/Eth/NetEthIP.cpp:102:13:void EmbSysLib::Hw::NetEthIP::setUDP(EmbSysLib::Hw::NetEthUDP*)	16	static
C:/Users/Thiemo/Documents/emb/EmbSysLib-01.04.00/Src/Hardware/Common/Net/Eth/NetEthIP.cpp:109:13:void EmbSysLib::Hw::NetEthIP::setICMP(EmbSysLib::Hw::NetEthICMP*)	16	static
C:/Users/Thiemo/Documents/emb/EmbSysLib-01.04.00/Src/Hardware/Common/Net/Eth/NetEthIP.cpp:115:6:bool EmbSysLib::Hw::NetEthIP::isNewIP()	16	static
C:/Users/Thiemo/Documents/emb/EmbSysLib-01.04.00/Src/Hardware/Common/Net/Eth/NetEthIP.cpp:126:20:EmbSysLib::Hw::NetAddr<4>& EmbSysLib::Hw::NetEthIP::getAddr()	16	static
C:/Users/Thiemo/Documents/emb/EmbSysLib-01.04.00/Src/Hardware/Common/Net/Eth/NetEthIP.cpp:132:6:WORD EmbSysLib::Hw::NetEthIP::getAvailablePort()	24	static
C:/Users/Thiemo/Documents/emb/EmbSysLib-01.04.00/Src/Hardware/Common/Net/Eth/NetEthIP.cpp:157:6:static WORD EmbSysLib::Hw::NetEthIP::checksum(BYTE*, WORD, DWORD)	32	static
C:/Users/Thiemo/Documents/emb/EmbSysLib-01.04.00/Src/Hardware/Common/Net/Eth/NetEthTransport.cpp:23:19:virtual EmbSysLib::Hw::NetAddr<4> EmbSysLib::Hw::NetEthTransport::getAddr()	24	static
C:/Users/Thiemo/Documents/emb/EmbSysLib-01.04.00/Src/Hardware/Common/Net/Eth/NetEthTransport.cpp:29:25:virtual const EmbSysLib::Hw::NetAddr<6> EmbSysLib::Hw::NetEthTransport::getAddrPhy()	16	static
C:/Users/Thiemo/Documents/emb/EmbSysLib-01.04.00/Src/Hardware/Common/Net/Eth/NetEthTransport.cpp:35:6:void EmbSysLib::Hw::NetEthTransport::process()	24	static
C:/Users/Thiemo/Documents/emb/EmbSysLib-01.04.00/Src/Hardware/Common/Net/Eth/NetEthTransport.cpp:46:6:void EmbSysLib::Hw::NetEthTransport::trigger()	24	static
C:/Users/Thiemo/Documents/emb/EmbSysLib-01.04.00/Src/Hardware/Common/Net/Eth/NetEthTransport.cpp:58:6:bool EmbSysLib::Hw::NetEthTransport::isPortAvailable(WORD)	24	static
C:/Users/Thiemo/Documents/emb/EmbSysLib-01.04.00/Src/Hardware/Common/Net/Eth/NetEthTCP.cpp:23:1:EmbSysLib::Hw::NetEthTCP::NetEthTCP(EmbSysLib::Hw::Ethernet&, EmbSysLib::Hw::NetEthIP&)	24	static
C:/Users/Thiemo/Documents/emb/EmbSysLib-01.04.00/Src/Hardware/Common/Net/Eth/NetEthTCP.cpp:30:6:void EmbSysLib::Hw::NetEthTCP::create(Socket&, WORD)	48	static
C:/Users/Thiemo/Documents/emb/EmbSysLib-01.04.00/Src/Hardware/Common/Net/Eth/NetEthTCP.cpp:121:1:EmbSysLib::Hw::NetEthTCP::Socket::Socket(EmbSysLib::Hw::NetEthTCP&, EmbSysLib::Hw::NetSocket::Handler*)	24	static
C:/Users/Thiemo/Documents/emb/EmbSysLib-01.04.00/Src/Hardware/Common/Net/Eth/NetEthTCP.cpp:133:6:virtual void EmbSysLib::Hw::NetEthTCP::Socket::open(EmbSysLib::Hw::NetAddr<4>, WORD)	24	static
C:/Users/Thiemo/Documents/emb/EmbSysLib-01.04.00/Src/Hardware/Common/Net/Eth/NetEthTCP.cpp:173:6:virtual void EmbSysLib::Hw::NetEthTCP::Socket::close()	16	static
C:/Users/Thiemo/Documents/emb/EmbSysLib-01.04.00/Src/Hardware/Common/Net/Eth/NetEthTCP.cpp:181:6:virtual void EmbSysLib::Hw::NetEthTCP::Socket::clear()	16	static
C:/Users/Thiemo/Documents/emb/EmbSysLib-01.04.00/Src/Hardware/Common/Net/Eth/NetEthTCP.cpp:187:6:virtual void EmbSysLib::Hw::NetEthTCP::Socket::fillBuffer(char)	24	static
C:/Users/Thiemo/Documents/emb/EmbSysLib-01.04.00/Src/Hardware/Common/Net/Eth/NetEthTCP.cpp:204:6:virtual void EmbSysLib::Hw::NetEthTCP::Socket::flush()	16	static
C:/Users/Thiemo/Documents/emb/EmbSysLib-01.04.00/Src/Hardware/Common/Net/Eth/NetEthTCP.cpp:224:6:void EmbSysLib::Hw::NetEthTCP::Socket::sendFlags(BYTE)	16	static
C:/Users/Thiemo/Documents/emb/EmbSysLib-01.04.00/Src/Hardware/Common/Net/Eth/NetEthTCP.cpp:237:6:virtual bool EmbSysLib::Hw::NetEthTCP::Socket::get(BYTE&)	16	static
C:/Users/Thiemo/Documents/emb/EmbSysLib-01.04.00/Src/Hardware/Common/Net/Eth/NetEthTCP.cpp:248:13:virtual EmbSysLib::Std::DataPointer EmbSysLib::Hw::NetEthTCP::Socket::getDataPointer()	24	static
C:/Users/Thiemo/Documents/emb/EmbSysLib-01.04.00/Src/Hardware/Common/Net/Eth/NetEthTCP.cpp:256:6:virtual bool EmbSysLib::Hw::NetEthTCP::Socket::onProcess()	40	static
C:/Users/Thiemo/Documents/emb/EmbSysLib-01.04.00/Src/Hardware/Common/Net/Eth/NetEthTCP.cpp:317:6:virtual void EmbSysLib::Hw::NetEthTCP::Socket::update()	24	static
C:/Users/Thiemo/Documents/emb/EmbSysLib-01.04.00/Src/Hardware/Common/Net/Eth/NetEthTCP.cpp:611:6:virtual void EmbSysLib::Hw::NetEthTCP::Socket::onTrigger()	16	static
C:/Users/Thiemo/Documents/emb/EmbSysLib-01.04.00/Src/Hardware/Common/Net/Eth/NetEthTCP.cpp:621:6:virtual void EmbSysLib::Hw::NetEthTCP::handleARP(EmbSysLib::Hw::NetAddr<4>, EmbSysLib::Hw::NetAddr<6>)	32	static
C:/Users/Thiemo/Documents/emb/EmbSysLib-01.04.00/Src/Hardware/Common/Net/Eth/NetEthTCP.cpp:639:6:void EmbSysLib::Hw::NetEthTCP::Socket::nextState(BYTE)	24	static
C:/Users/Thiemo/Documents/emb/EmbSysLib-01.04.00/Src/Hardware/Common/Net/Eth/NetEthUDP.cpp:23:1:EmbSysLib::Hw::NetEthUDP::NetEthUDP(EmbSysLib::Hw::Ethernet&, EmbSysLib::Hw::NetEthIP&)	24	static
C:/Users/Thiemo/Documents/emb/EmbSysLib-01.04.00/Src/Hardware/Common/Net/Eth/NetEthUDP.cpp:30:6:void EmbSysLib::Hw::NetEthUDP::create(Socket&, WORD)	48	static
C:/Users/Thiemo/Documents/emb/EmbSysLib-01.04.00/Src/Hardware/Common/Net/Eth/NetEthUDP.cpp:61:1:EmbSysLib::Hw::NetEthUDP::Socket::Socket(EmbSysLib::Hw::NetEthUDP&, EmbSysLib::Hw::NetSocket::Handler*, WORD)	32	static
C:/Users/Thiemo/Documents/emb/EmbSysLib-01.04.00/Src/Hardware/Common/Net/Eth/NetEthUDP.cpp:81:6:virtual void EmbSysLib::Hw::NetEthUDP::Socket::open(EmbSysLib::Hw::NetAddr<4>, WORD)	32	static
C:/Users/Thiemo/Documents/emb/EmbSysLib-01.04.00/Src/Hardware/Common/Net/Eth/NetEthUDP.cpp:130:6:virtual void EmbSysLib::Hw::NetEthUDP::Socket::close()	24	static
C:/Users/Thiemo/Documents/emb/EmbSysLib-01.04.00/Src/Hardware/Common/Net/Eth/NetEthUDP.cpp:137:6:virtual void EmbSysLib::Hw::NetEthUDP::Socket::clear()	16	static
C:/Users/Thiemo/Documents/emb/EmbSysLib-01.04.00/Src/Hardware/Common/Net/Eth/NetEthUDP.cpp:146:6:virtual void EmbSysLib::Hw::NetEthUDP::Socket::fillBuffer(char)	24	static
C:/Users/Thiemo/Documents/emb/EmbSysLib-01.04.00/Src/Hardware/Common/Net/Eth/NetEthUDP.cpp:166:6:virtual void EmbSysLib::Hw::NetEthUDP::Socket::flush()	16	static
C:/Users/Thiemo/Documents/emb/EmbSysLib-01.04.00/Src/Hardware/Common/Net/Eth/NetEthUDP.cpp:177:6:virtual bool EmbSysLib::Hw::NetEthUDP::Socket::get(BYTE&)	16	static
C:/Users/Thiemo/Documents/emb/EmbSysLib-01.04.00/Src/Hardware/Common/Net/Eth/NetEthUDP.cpp:191:13:virtual EmbSysLib::Std::DataPointer EmbSysLib::Hw::NetEthUDP::Socket::getDataPointer()	24	static
C:/Users/Thiemo/Documents/emb/EmbSysLib-01.04.00/Src/Hardware/Common/Net/Eth/NetEthUDP.cpp:200:6:virtual bool EmbSysLib::Hw::NetEthUDP::Socket::onProcess()	40	static
C:/Users/Thiemo/Documents/emb/EmbSysLib-01.04.00/Src/Hardware/Common/Net/Eth/NetEthUDP.cpp:257:6:virtual void EmbSysLib::Hw::NetEthUDP::Socket::onTrigger()	24	static
C:/Users/Thiemo/Documents/emb/EmbSysLib-01.04.00/Src/Hardware/Common/Net/Eth/NetEthUDP.cpp:279:6:virtual void EmbSysLib::Hw::NetEthUDP::handleARP(EmbSysLib::Hw::NetAddr<4>, EmbSysLib::Hw::NetAddr<6>)	32	static
C:/Users/Thiemo/Documents/emb/EmbSysLib-01.04.00/Src/Hardware/Common/Port/Port.cpp:23:1:EmbSysLib::Hw::Port::Port(WORD)	16	static
C:/Users/Thiemo/Documents/emb/EmbSysLib-01.04.00/Src/Hardware/Common/Port/Port.cpp:34:1:EmbSysLib::Hw::Port::Pin::Pin(EmbSysLib::Hw::Port&, BYTE)	24	static
C:/Users/Thiemo/Documents/emb/EmbSysLib-01.04.00/Src/Hardware/Common/Port/Port.cpp:42:1:EmbSysLib::Hw::Port::Pin::Pin(EmbSysLib::Hw::Port&, BYTE, EmbSysLib::Hw::Port::Mode)	24	static
C:/Users/Thiemo/Documents/emb/EmbSysLib-01.04.00/Src/Hardware/Common/Port/Port.cpp:51:13:virtual void EmbSysLib::Hw::Port::Pin::setMode(EmbSysLib::Hw::Port::Mode)	16	static
C:/Users/Thiemo/Documents/emb/EmbSysLib-01.04.00/Src/Hardware/Common/Port/Port.cpp:57:13:virtual void EmbSysLib::Hw::Port::Pin::set()	16	static
C:/Users/Thiemo/Documents/emb/EmbSysLib-01.04.00/Src/Hardware/Common/Port/Port.cpp:63:13:virtual void EmbSysLib::Hw::Port::Pin::set(bool)	16	static
C:/Users/Thiemo/Documents/emb/EmbSysLib-01.04.00/Src/Hardware/Common/Port/Port.cpp:70:13:virtual void EmbSysLib::Hw::Port::Pin::clr()	16	static
C:/Users/Thiemo/Documents/emb/EmbSysLib-01.04.00/Src/Hardware/Common/Port/Port.cpp:76:13:virtual bool EmbSysLib::Hw::Port::Pin::get()	16	static
C:/Users/Thiemo/Documents/emb/EmbSysLib-01.04.00/Src/Hardware/Common/Port/ExtInt.cpp:23:8:virtual void EmbSysLib::Hw::ExtInt::add(Task*)	16	static
C:/Users/Thiemo/Documents/emb/EmbSysLib-01.04.00/Src/Hardware/Common/Port/ExtInt.cpp:29:13:virtual void EmbSysLib::Hw::ExtInt::isrHandler()	24	static
C:/Users/Thiemo/Documents/emb/EmbSysLib-01.04.00/Src/Hardware/Common/Rtc/Rtc.cpp:23:1:EmbSysLib::Hw::Rtc::Rtc(WORD)	16	static
C:/Users/Thiemo/Documents/emb/EmbSysLib-01.04.00/Src/Hardware/Common/SPI/SPImaster.cpp:23:1:EmbSysLib::Hw::SPImaster::SPImaster()	16	static
C:/Users/Thiemo/Documents/emb/EmbSysLib-01.04.00/Src/Hardware/Common/SPI/SPImaster.cpp:29:6:BYTE EmbSysLib::Hw::SPImaster::Device::transceive(BYTE)	24	static
C:/Users/Thiemo/Documents/emb/EmbSysLib-01.04.00/Src/Hardware/Common/SPI/SPImaster.cpp:38:6:void EmbSysLib::Hw::SPImaster::Device::transceive(BYTE*, WORD)	40	static
C:/Users/Thiemo/Documents/emb/EmbSysLib-01.04.00/Src/Hardware/Common/SPI/SPIslave.cpp:23:1:EmbSysLib::Hw::SPIslave::SPIslave(DataHandler&)	16	static
C:/Users/Thiemo/Documents/emb/EmbSysLib-01.04.00/Src/Hardware/Common/Timer/Timer.cpp:23:1:EmbSysLib::Hw::Timer::Timer(WORD)	16	static
C:/Users/Thiemo/Documents/emb/EmbSysLib-01.04.00/Src/Hardware/Common/Timer/Timer.cpp:29:7:virtual DWORD EmbSysLib::Hw::Timer::getCycleTime()	16	static
C:/Users/Thiemo/Documents/emb/EmbSysLib-01.04.00/Src/Hardware/Common/Timer/Timer.cpp:35:6:virtual void EmbSysLib::Hw::Timer::add(Task*)	16	static
C:/Users/Thiemo/Documents/emb/EmbSysLib-01.04.00/Src/Hardware/Common/Timer/Timer.cpp:41:13:virtual void EmbSysLib::Hw::Timer::isrHandler()	24	static
C:/Users/Thiemo/Documents/emb/EmbSysLib-01.04.00/Src/Hardware/Common/Touch/Touch.cpp:23:1:EmbSysLib::Hw::Touch::Touch(WORD, WORD, WORD, Orientation)	24	static
C:/Users/Thiemo/Documents/emb/EmbSysLib-01.04.00/Src/Hardware/Common/Touch/Touch.cpp:39:13:virtual WORD EmbSysLib::Hw::Touch::getPosX()	16	static
C:/Users/Thiemo/Documents/emb/EmbSysLib-01.04.00/Src/Hardware/Common/Touch/Touch.cpp:52:13:virtual WORD EmbSysLib::Hw::Touch::getPosY()	16	static
C:/Users/Thiemo/Documents/emb/EmbSysLib-01.04.00/Src/Hardware/Common/Touch/Touch.cpp:65:13:virtual BYTE EmbSysLib::Hw::Touch::isTouched()	16	static
C:/Users/Thiemo/Documents/emb/EmbSysLib-01.04.00/Src/Hardware/Common/Uart/Uart.cpp:24:1:EmbSysLib::Hw::Uart::Uart(WORD, WORD, WORD)	24	static
C:/Users/Thiemo/Documents/emb/EmbSysLib-01.04.00/Src/Hardware/Common/Uart/Uart.cpp:39:6:virtual void EmbSysLib::Hw::Uart::isrRx()	24	static
C:/Users/Thiemo/Documents/emb/EmbSysLib-01.04.00/Src/Hardware/Common/Uart/Uart.cpp:47:13:virtual void EmbSysLib::Hw::Uart::isrTx()	24	static
C:/Users/Thiemo/Documents/emb/EmbSysLib-01.04.00/Src/Hardware/Common/Uart/Uart.cpp:66:6:virtual void EmbSysLib::Hw::Uart::transmitByte(BYTE)	16	static
C:/Users/Thiemo/Documents/emb/EmbSysLib-01.04.00/Src/Hardware/Common/Uart/Uart.cpp:90:6:virtual void EmbSysLib::Hw::Uart::set(BYTE)	16	static
C:/Users/Thiemo/Documents/emb/EmbSysLib-01.04.00/Src/Hardware/Common/Uart/Uart.cpp:96:6:virtual void EmbSysLib::Hw::Uart::set(const BYTE*, WORD)	24	static
C:/Users/Thiemo/Documents/emb/EmbSysLib-01.04.00/Src/Hardware/Common/Uart/Uart.cpp:105:6:virtual void EmbSysLib::Hw::Uart::set(const char*)	16	static
C:/Users/Thiemo/Documents/emb/EmbSysLib-01.04.00/Src/Hardware/Common/Uart/Uart.cpp:114:13:virtual bool EmbSysLib::Hw::Uart::isTxBufferFull()	16	static
C:/Users/Thiemo/Documents/emb/EmbSysLib-01.04.00/Src/Hardware/Common/Uart/Uart.cpp:120:13:virtual WORD EmbSysLib::Hw::Uart::getFifoRemainingSize()	16	static
C:/Users/Thiemo/Documents/emb/EmbSysLib-01.04.00/Src/Hardware/Common/Uart/Uart.cpp:126:6:virtual bool EmbSysLib::Hw::Uart::get(BYTE&)	24	static
C:/Users/Thiemo/Documents/emb/EmbSysLib-01.04.00/Src/Hardware/Common/Uart/Uart.cpp:142:6:virtual BYTE EmbSysLib::Hw::Uart::get()	24	static
C:/Users/Thiemo/Documents/emb/EmbSysLib-01.04.00/Src/Hardware/Common/USB/USBdevice.cpp:23:1:EmbSysLib::Hw::USBdevice::USBdevice(WORD, EmbSysLib::Hw::USBdeviceDescriptor&)	24	static
C:/Users/Thiemo/Documents/emb/EmbSysLib-01.04.00/Src/Hardware/Common/USB/USBdevice.cpp:33:6:virtual void EmbSysLib::Hw::USBdevice::eventHandler(BYTE, BYTE)	24	static
C:/Users/Thiemo/Documents/emb/EmbSysLib-01.04.00/Src/Hardware/Common/USB/USBdevice.cpp:71:6:virtual void EmbSysLib::Hw::USBdevice::suspend()	48	static
C:/Users/Thiemo/Documents/emb/EmbSysLib-01.04.00/Src/Hardware/Common/USB/USBdevice/USBcontrol.cpp:23:1:EmbSysLib::Hw::USBdeviceControl::USBdeviceControl(EmbSysLib::Hw::USBdevice&)	24	static
C:/Users/Thiemo/Documents/emb/EmbSysLib-01.04.00/Src/Hardware/Common/USB/USBdevice/USBcontrol.cpp:34:6:virtual void EmbSysLib::Hw::USBdeviceControl::setup()	32	static
C:/Users/Thiemo/Documents/emb/EmbSysLib-01.04.00/Src/Hardware/Common/USB/USBdevice/USBcontrol.cpp:52:6:virtual void EmbSysLib::Hw::USBdeviceControl::in()	16	static
C:/Users/Thiemo/Documents/emb/EmbSysLib-01.04.00/Src/Hardware/Common/USB/USBdevice/USBcontrol.cpp:66:6:virtual void EmbSysLib::Hw::USBdeviceControl::out()	16	static
C:/Users/Thiemo/Documents/emb/EmbSysLib-01.04.00/Src/Hardware/Common/USB/USBdevice/USBcontrol.cpp:83:6:void EmbSysLib::Hw::USBdeviceControl::ReqDevice()	16	static
C:/Users/Thiemo/Documents/emb/EmbSysLib-01.04.00/Src/Hardware/Common/USB/USBdevice/USBcontrol.cpp:116:6:void EmbSysLib::Hw::USBdeviceControl::ReqInterface()	16	static
C:/Users/Thiemo/Documents/emb/EmbSysLib-01.04.00/Src/Hardware/Common/USB/USBdevice/USBcontrol.cpp:149:6:void EmbSysLib::Hw::USBdeviceControl::ReqEndpoint()	16	static
C:/Users/Thiemo/Documents/emb/EmbSysLib-01.04.00/Src/Hardware/Common/USB/USBdevice/USBcontrol.cpp:185:6:void EmbSysLib::Hw::USBdeviceControl::ReqDeviceStd_GetStatus()	32	static
C:/Users/Thiemo/Documents/emb/EmbSysLib-01.04.00/Src/Hardware/Common/USB/USBdevice/USBcontrol.cpp:191:6:void EmbSysLib::Hw::USBdeviceControl::ReqDeviceStd_SetAddress()	24	static
C:/Users/Thiemo/Documents/emb/EmbSysLib-01.04.00/Src/Hardware/Common/USB/USBdevice/USBcontrol.cpp:197:6:void EmbSysLib::Hw::USBdeviceControl::ReqDeviceStd_GetDescriptor()	56	static
C:/Users/Thiemo/Documents/emb/EmbSysLib-01.04.00/Src/Hardware/Common/USB/USBdevice/USBcontrol.cpp:226:6:void EmbSysLib::Hw::USBdeviceControl::ReqDeviceStd_GetConfiguration()	32	static
C:/Users/Thiemo/Documents/emb/EmbSysLib-01.04.00/Src/Hardware/Common/USB/USBdevice/USBcontrol.cpp:233:7:void EmbSysLib::Hw::USBdeviceControl::ReqDeviceStd_SetConfiguration()	80	static
C:/Users/Thiemo/Documents/emb/EmbSysLib-01.04.00/Src/Hardware/Common/USB/USBdevice/USBcontrol.cpp:271:6:void EmbSysLib::Hw::USBdeviceControl::ReqDeviceVendor()	32	static
C:/Users/Thiemo/Documents/emb/EmbSysLib-01.04.00/Src/Hardware/Common/USB/USBdevice/USBcontrol.cpp:285:7:void EmbSysLib::Hw::USBdeviceControl::ReqInterfaceStd_GetStatus()	16	static
C:/Users/Thiemo/Documents/emb/EmbSysLib-01.04.00/Src/Hardware/Common/USB/USBdevice/USBcontrol.cpp:292:7:void EmbSysLib::Hw::USBdeviceControl::ReqInterfaceStd_GetDescriptor()	48	static
C:/Users/Thiemo/Documents/emb/EmbSysLib-01.04.00/Src/Hardware/Common/USB/USBdevice/USBcontrol.cpp:308:7:void EmbSysLib::Hw::USBdeviceControl::ReqInterfaceStd_GetInterface()	16	static
C:/Users/Thiemo/Documents/emb/EmbSysLib-01.04.00/Src/Hardware/Common/USB/USBdevice/USBcontrol.cpp:315:7:void EmbSysLib::Hw::USBdeviceControl::ReqInterfaceStd_SetInterface()	16	static
C:/Users/Thiemo/Documents/emb/EmbSysLib-01.04.00/Src/Hardware/Common/USB/USBdevice/USBcontrol.cpp:322:7:void EmbSysLib::Hw::USBdeviceControl::ReqInterfaceClass()	56	static
C:/Users/Thiemo/Documents/emb/EmbSysLib-01.04.00/Src/Hardware/Common/USB/USBdevice/USBcontrol.cpp:367:6:void EmbSysLib::Hw::USBdeviceControl::ReqEndpointStd_ClrFeature()	32	static
C:/Users/Thiemo/Documents/emb/EmbSysLib-01.04.00/Src/Hardware/Common/USB/USBdevice/USBcontrol.cpp:385:6:void EmbSysLib::Hw::USBdeviceControl::ReqEndpointStd_SetFeature()	32	static
C:/Users/Thiemo/Documents/emb/EmbSysLib-01.04.00/Src/Hardware/Common/USB/USBdevice/USBcontrol.cpp:406:6:virtual void EmbSysLib::Hw::USBdeviceControl::stall()	16	static
C:/Users/Thiemo/Documents/emb/EmbSysLib-01.04.00/Src/Hardware/Common/USB/USBdevice/USBdescriptor.cpp:25:13:virtual EmbSysLib::Std::DataPointer EmbSysLib::Hw::USBdeviceDescriptor::getDescriptorDevice()	32	static
C:/Users/Thiemo/Documents/emb/EmbSysLib-01.04.00/Src/Hardware/Common/USB/USBdevice/USBdescriptor.cpp:31:13:virtual EmbSysLib::Std::DataPointer EmbSysLib::Hw::USBdeviceDescriptor::getDescriptorConfig(BYTE)	40	static
C:/Users/Thiemo/Documents/emb/EmbSysLib-01.04.00/Src/Hardware/Common/USB/USBdevice/USBdescriptor.cpp:37:13:virtual EmbSysLib::Std::DataPointer EmbSysLib::Hw::USBdeviceDescriptor::getDescriptorInterface(BYTE, BYTE)	40	static
C:/Users/Thiemo/Documents/emb/EmbSysLib-01.04.00/Src/Hardware/Common/USB/USBdevice/USBdescriptor.cpp:44:13:virtual EmbSysLib::Std::DataPointer EmbSysLib::Hw::USBdeviceDescriptor::getDescriptorEndpoint(BYTE, BYTE, BYTE)	40	static
C:/Users/Thiemo/Documents/emb/EmbSysLib-01.04.00/Src/Hardware/Common/USB/USBdevice/USBdescriptor.cpp:52:13:virtual EmbSysLib::Std::DataPointer EmbSysLib::Hw::USBdeviceDescriptor::getDescriptorHID(BYTE, BYTE, BYTE)	40	static
C:/Users/Thiemo/Documents/emb/EmbSysLib-01.04.00/Src/Hardware/Common/USB/USBdevice/USBdescriptor.cpp:60:13:virtual EmbSysLib::Std::DataPointer EmbSysLib::Hw::USBdeviceDescriptor::getDescriptorHIDreport(BYTE, BYTE, BYTE)	40	static
C:/Users/Thiemo/Documents/emb/EmbSysLib-01.04.00/Src/Hardware/Common/USB/USBdevice/USBdescriptor.cpp:68:13:virtual EmbSysLib::Std::DataPointer EmbSysLib::Hw::USBdeviceDescriptor::getDescriptorString(BYTE)	40	static
C:/Users/Thiemo/Documents/emb/EmbSysLib-01.04.00/Src/Hardware/Common/USB/USBdevice/USBdescriptor.cpp:74:13:virtual EmbSysLib::Std::DataPointer EmbSysLib::Hw::USBdeviceDescriptor::getDescriptorDeviceVendor()	32	static
C:/Users/Thiemo/Documents/emb/EmbSysLib-01.04.00/Src/Hardware/Common/USB/USBdevice/USBdescriptor.cpp:80:6:virtual BYTE EmbSysLib::Hw::USBdeviceDescriptor::getMaxPacketSize0()	32	static
C:/Users/Thiemo/Documents/emb/EmbSysLib-01.04.00/Src/Hardware/Common/USB/USBdevice/USBdescriptor.cpp:91:6:virtual BYTE EmbSysLib::Hw::USBdeviceDescriptor::getConfigDeviceStatus(BYTE)	32	static
C:/Users/Thiemo/Documents/emb/EmbSysLib-01.04.00/Src/Hardware/Common/USB/USBdevice/USBendpoint.cpp:24:1:EmbSysLib::Hw::USBdeviceEndpoint::USBdeviceEndpoint(EmbSysLib::Hw::USBdevice&, EmbSysLib::Hw::USBdeviceInterface*, BYTE, WORD, BYTE)	24	static
C:/Users/Thiemo/Documents/emb/EmbSysLib-01.04.00/Src/Hardware/Common/USB/USBdevice/USBendpoint.cpp:40:1:EmbSysLib::Hw::USBdeviceEndpoint::USBdeviceEndpoint(EmbSysLib::Hw::USBdevice&, BYTE, WORD)	24	static
C:/Users/Thiemo/Documents/emb/EmbSysLib-01.04.00/Src/Hardware/Common/USB/USBdevice/USBendpoint.cpp:52:6:void EmbSysLib::Hw::USBdeviceEndpoint::in()	16	static
C:/Users/Thiemo/Documents/emb/EmbSysLib-01.04.00/Src/Hardware/Common/USB/USBdevice/USBendpoint.cpp:86:6:void EmbSysLib::Hw::USBdeviceEndpoint::inCtrl()	16	static
C:/Users/Thiemo/Documents/emb/EmbSysLib-01.04.00/Src/Hardware/Common/USB/USBdevice/USBendpoint.cpp:102:6:void EmbSysLib::Hw::USBdeviceEndpoint::out()	32	static
C:/Users/Thiemo/Documents/emb/EmbSysLib-01.04.00/Src/Hardware/Common/USB/USBdevice/USBendpoint.cpp:122:6:void EmbSysLib::Hw::USBdeviceEndpoint::outCtrl()	24	static
C:/Users/Thiemo/Documents/emb/EmbSysLib-01.04.00/Src/Hardware/Common/USB/USBdevice/USBendpoint.cpp:142:6:WORD EmbSysLib::Hw::USBdeviceEndpoint::readData()	40	static
C:/Users/Thiemo/Documents/emb/EmbSysLib-01.04.00/Src/Hardware/Common/USB/USBdevice/USBendpoint.cpp:154:6:void EmbSysLib::Hw::USBdeviceEndpoint::writeData()	40	static
C:/Users/Thiemo/Documents/emb/EmbSysLib-01.04.00/Src/Hardware/Common/USB/USBdevice/USBendpoint.cpp:165:6:void EmbSysLib::Hw::USBdeviceEndpoint::writeData(const EmbSysLib::Std::DataPointer&)	16	static
C:/Users/Thiemo/Documents/emb/EmbSysLib-01.04.00/Src/Hardware/Common/USB/USBdevice/USBendpoint.cpp:172:6:void EmbSysLib::Hw::USBdeviceEndpoint::writeDataLen(const EmbSysLib::Std::DataPointer&, WORD)	40	static
C:/Users/Thiemo/Documents/emb/EmbSysLib-01.04.00/Src/Hardware/Common/USB/USBdevice/USBendpoint.cpp:182:6:void EmbSysLib::Hw::USBdeviceEndpoint::writeAcknowledge()	24	static
C:/Users/Thiemo/Documents/emb/EmbSysLib-01.04.00/Src/Hardware/Common/USB/USBdevice/USBendpoint.cpp:188:6:void EmbSysLib::Hw::USBdeviceEndpoint::readAcknowledge()	32	static
C:/Users/Thiemo/Documents/emb/EmbSysLib-01.04.00/Src/Hardware/Common/USB/USBdevice/USBendpoint.cpp:196:6:void EmbSysLib::Hw::USBdeviceEndpoint::setConfiguration()	24	static
C:/Users/Thiemo/Documents/emb/EmbSysLib-01.04.00/Src/Hardware/Common/USB/USBdevice/USBendpoint.cpp:208:6:void EmbSysLib::Hw::USBdeviceEndpoint::stall()	16	static
C:/Users/Thiemo/Documents/emb/EmbSysLib-01.04.00/Src/Hardware/Common/USB/USBdevice/USBendpoint.cpp:214:6:void EmbSysLib::Hw::USBdeviceEndpoint::clrStall()	16	static
C:/Users/Thiemo/Documents/emb/EmbSysLib-01.04.00/Src/Hardware/Common/USB/USBdevice/USBendpoint.cpp:220:6:void EmbSysLib::Hw::USBdeviceEndpoint::setNAK()	16	static
C:/Users/Thiemo/Documents/emb/EmbSysLib-01.04.00/Src/Hardware/Common/USB/USBdevice/USBendpoint.cpp:226:6:void EmbSysLib::Hw::USBdeviceEndpoint::clrNAK()	16	static
C:/Users/Thiemo/Documents/emb/EmbSysLib-01.04.00/Src/Hardware/Common/USB/USBdevice/USBinterface.cpp:23:1:EmbSysLib::Hw::USBdeviceInterface::USBdeviceInterface(EmbSysLib::Hw::USBdevice&, BYTE, BYTE)	64	static
C:/Users/Thiemo/Documents/emb/EmbSysLib-01.04.00/Src/Hardware/Common/USB/USBdevice/USBinterface.cpp:53:6:virtual void EmbSysLib::Hw::USBdeviceInterface::startTransmission(BYTE)	24	static
C:/Users/Thiemo/Documents/emb/EmbSysLib-01.04.00/Src/Device/Analog/Analog.cpp:23:1:EmbSysLib::Dev::Analog::Analog(BYTE, float, float)	24	static
C:/Users/Thiemo/Documents/emb/EmbSysLib-01.04.00/Src/Device/Analog/AnalogIn.cpp:23:1:EmbSysLib::Dev::AnalogIn::AnalogIn(BYTE, float, float)	32	static
C:/Users/Thiemo/Documents/emb/EmbSysLib-01.04.00/Src/Device/Analog/AnalogIn.cpp:34:14:virtual float EmbSysLib::Dev::AnalogIn::get()	24	static
C:/Users/Thiemo/Documents/emb/EmbSysLib-01.04.00/Src/Device/Analog/AnalogIn.cpp:40:8:virtual EmbSysLib::Dev::AnalogIn::operator float()	16	static
C:/Users/Thiemo/Documents/emb/EmbSysLib-01.04.00/Src/Device/Analog/AnalogIn.cpp:46:6:void EmbSysLib::Dev::AnalogIn::calibrate(float, float, float, float)	32	static
C:/Users/Thiemo/Documents/emb/EmbSysLib-01.04.00/Src/Device/Analog/AnalogInAdc.cpp:23:1:EmbSysLib::Dev::AnalogInAdc::AnalogInAdc(EmbSysLib::Hw::Adc&, BYTE, float, float, BYTE)	24	static
C:/Users/Thiemo/Documents/emb/EmbSysLib-01.04.00/Src/Device/Analog/AnalogInAdc.cpp:38:6:virtual WORD EmbSysLib::Dev::AnalogInAdc::getRaw()	16	static
C:/Users/Thiemo/Documents/emb/EmbSysLib-01.04.00/Src/Device/Analog/AnalogInAdc.cpp:44:6:virtual void EmbSysLib::Dev::AnalogInAdc::enable()	16	static
C:/Users/Thiemo/Documents/emb/EmbSysLib-01.04.00/Src/Device/Analog/AnalogOut.cpp:23:1:EmbSysLib::Dev::AnalogOut::AnalogOut(BYTE, float, float)	32	static
C:/Users/Thiemo/Documents/emb/EmbSysLib-01.04.00/Src/Device/Analog/AnalogOut.cpp:35:6:virtual void EmbSysLib::Dev::AnalogOut::set(float)	24	static
C:/Users/Thiemo/Documents/emb/EmbSysLib-01.04.00/Src/Device/Analog/AnalogOut.cpp:43:14:virtual float EmbSysLib::Dev::AnalogOut::operator=(float)	16	static
C:/Users/Thiemo/Documents/emb/EmbSysLib-01.04.00/Src/Device/Analog/AnalogOutDac.cpp:23:1:EmbSysLib::Dev::AnalogOutDac::AnalogOutDac(EmbSysLib::Hw::Dac&, BYTE, float, float)	24	static
C:/Users/Thiemo/Documents/emb/EmbSysLib-01.04.00/Src/Device/Analog/AnalogOutDac.cpp:36:6:virtual void EmbSysLib::Dev::AnalogOutDac::setRaw(WORD)	16	static
C:/Users/Thiemo/Documents/emb/EmbSysLib-01.04.00/Src/Device/Analog/AnalogOutPWM.cpp:23:1:EmbSysLib::Dev::AnalogOutPWM::AnalogOutPWM(EmbSysLib::Hw::Timer&, EmbSysLib::Hw::Timer::Mode, BYTE, float, float)	24	static
C:/Users/Thiemo/Documents/emb/EmbSysLib-01.04.00/Src/Device/Analog/AnalogOutPWM.cpp:37:6:virtual void EmbSysLib::Dev::AnalogOutPWM::setRaw(WORD)	16	static
C:/Users/Thiemo/Documents/emb/EmbSysLib-01.04.00/Src/Device/Digital/Digital.cpp:23:1:EmbSysLib::Dev::Digital::Digital(EmbSysLib::Hw::Port&, BYTE, Mode, bool)	24	static
C:/Users/Thiemo/Documents/emb/EmbSysLib-01.04.00/Src/Device/Digital/Digital.cpp:38:6:virtual void EmbSysLib::Dev::Digital::setMode(Mode)	16	static
C:/Users/Thiemo/Documents/emb/EmbSysLib-01.04.00/Src/Device/Digital/Digital.cpp:44:6:virtual void EmbSysLib::Dev::Digital::set(bool)	16	static
C:/Users/Thiemo/Documents/emb/EmbSysLib-01.04.00/Src/Device/Digital/Digital.cpp:51:6:virtual bool EmbSysLib::Dev::Digital::get()	16	static
C:/Users/Thiemo/Documents/emb/EmbSysLib-01.04.00/Src/Device/Screen/ScreenChar.cpp:26:1:EmbSysLib::Dev::ScreenChar::ScreenChar(EmbSysLib::Hw::DisplayChar&)	16	static
C:/Users/Thiemo/Documents/emb/EmbSysLib-01.04.00/Src/Device/Screen/ScreenChar.cpp:37:6:virtual void EmbSysLib::Dev::ScreenChar::clear()	16	static
C:/Users/Thiemo/Documents/emb/EmbSysLib-01.04.00/Src/Device/Screen/ScreenChar.cpp:43:6:virtual void EmbSysLib::Dev::ScreenChar::refresh()	16	static
C:/Users/Thiemo/Documents/emb/EmbSysLib-01.04.00/Src/Device/Screen/ScreenChar.cpp:49:6:)	28	static
C:/Users/Thiemo/Documents/emb/EmbSysLib-01.04.00/Src/Device/Screen/ScreenGraphic.cpp:27:1:EmbSysLib::Dev::ScreenGraphic::ScreenGraphic(EmbSysLib::Hw::DisplayGraphic&)	16	static
C:/Users/Thiemo/Documents/emb/EmbSysLib-01.04.00/Src/Device/Screen/ScreenGraphic.cpp:39:6:virtual void EmbSysLib::Dev::ScreenGraphic::clear()	16	static
C:/Users/Thiemo/Documents/emb/EmbSysLib-01.04.00/Src/Device/Screen/ScreenGraphic.cpp:45:6:virtual void EmbSysLib::Dev::ScreenGraphic::refresh()	16	static
C:/Users/Thiemo/Documents/emb/EmbSysLib-01.04.00/Src/Device/Screen/ScreenGraphic.cpp:51:6:)	28	static
C:/Users/Thiemo/Documents/emb/EmbSysLib-01.04.00/Src/Device/Screen/ScreenGraphic.cpp:66:6:virtual void EmbSysLib::Dev::ScreenGraphic::setFont(EmbSysLib::Hw::Font, BYTE)	40	static
C:/Users/Thiemo/Documents/emb/EmbSysLib-01.04.00/Src/Device/Screen/ScreenGraphic.cpp:72:6:virtual void EmbSysLib::Dev::ScreenGraphic::setZoom(BYTE)	16	static
C:/Users/Thiemo/Documents/emb/EmbSysLib-01.04.00/Src/Device/Screen/ScreenGraphic.cpp:78:6:virtual void EmbSysLib::Dev::ScreenGraphic::setBackColor(WORD)	16	static
C:/Users/Thiemo/Documents/emb/EmbSysLib-01.04.00/Src/Device/Screen/ScreenGraphic.cpp:84:6:virtual void EmbSysLib::Dev::ScreenGraphic::setTextColor(WORD)	16	static
C:/Users/Thiemo/Documents/emb/EmbSysLib-01.04.00/Src/Device/Screen/ScreenGraphic.cpp:90:6:)	28	static
C:/Users/Thiemo/Documents/emb/EmbSysLib-01.04.00/Src/Device/Screen/ScreenGraphic.cpp:105:6:virtual void EmbSysLib::Dev::ScreenGraphic::drawPixel(WORD, WORD, WORD)	24	static
C:/Users/Thiemo/Documents/emb/EmbSysLib-01.04.00/Src/Device/Screen/ScreenGraphic.cpp:112:6:virtual void EmbSysLib::Dev::ScreenGraphic::drawRectangle(WORD, WORD, WORD, WORD, WORD)	40	static
C:/Users/Thiemo/Documents/emb/EmbSysLib-01.04.00/Src/Device/Screen/ScreenGraphic.cpp:123:6:virtual void EmbSysLib::Dev::ScreenGraphic::drawRectangle(WORD, WORD, WORD, WORD, WORD, WORD)	40	static
C:/Users/Thiemo/Documents/emb/EmbSysLib-01.04.00/Src/Device/Screen/ScreenGraphic.cpp:144:6:virtual void EmbSysLib::Dev::ScreenGraphic::drawCircle(WORD, WORD, WORD, WORD, WORD)	56	static
C:/Users/Thiemo/Documents/emb/EmbSysLib-01.04.00/Src/Device/Screen/ScreenGraphic.cpp:209:6:virtual void EmbSysLib::Dev::ScreenGraphic::drawCircle(WORD, WORD, WORD, WORD)	56	static
C:/Users/Thiemo/Documents/emb/EmbSysLib-01.04.00/Src/Device/Screen/ScreenGraphic.cpp:238:6:virtual void EmbSysLib::Dev::ScreenGraphic::drawLine(WORD, WORD, WORD, WORD, WORD, WORD)	72	static
C:/Users/Thiemo/Documents/emb/EmbSysLib-01.04.00/Src/Device/Screen/ScreenGraphic.cpp:290:6:virtual void EmbSysLib::Dev::ScreenGraphic::drawBitmap(WORD, WORD, EmbSysLib::Hw::Bitmap&)	40	static
C:/Users/Thiemo/Documents/emb/EmbSysLib-01.04.00/Src/Device/Pointer/Pointer.cpp:23:1:EmbSysLib::Dev::Pointer::Pointer(EmbSysLib::Hw::Touch&)	16	static
C:/Users/Thiemo/Documents/emb/EmbSysLib-01.04.00/Src/Device/Pointer/Pointer.cpp:35:15:virtual EmbSysLib::Dev::Pointer::Data EmbSysLib::Dev::Pointer::get()	48	static
C:/Users/Thiemo/Documents/emb/EmbSysLib-01.04.00/Src/Device/Task/TaskManager.cpp:33:1:EmbSysLib::Dev::TaskManager::Clock::Clock(EmbSysLib::Dev::TaskManager&, DWORD, WORD)	24	static
C:/Users/Thiemo/Documents/emb/EmbSysLib-01.04.00/Src/Device/Task/TaskManager.cpp:44:7:virtual LWORD EmbSysLib::Dev::TaskManager::Clock::getTics()	16	static
C:/Users/Thiemo/Documents/emb/EmbSysLib-01.04.00/Src/Device/Task/TaskManager.cpp:50:7:virtual DWORD EmbSysLib::Dev::TaskManager::Clock::getTimeOfTic()	16	static
C:/Users/Thiemo/Documents/emb/EmbSysLib-01.04.00/Src/Device/Terminal/Terminal.cpp:28:1:EmbSysLib::Dev::Terminal::Terminal(EmbSysLib::Hw::Uart&, WORD, WORD, const char*, const char*)	24	static
C:/Users/Thiemo/Documents/emb/EmbSysLib-01.04.00/Src/Device/Terminal/Terminal.cpp:51:7:char* EmbSysLib::Dev::Terminal::getString()	32	static
C:/Users/Thiemo/Documents/emb/EmbSysLib-01.04.00/Src/Device/Terminal/Terminal.cpp:106:6:WORD EmbSysLib::Dev::Terminal::get()	32	static
C:/Users/Thiemo/Documents/emb/EmbSysLib-01.04.00/Src/Device/Terminal/Terminal.cpp:170:6:)	36	static
C:/Users/Thiemo/Documents/emb/EmbSysLib-01.04.00/Src/Device/Task/TaskManager.h:41:11:EmbSysLib::Dev::TaskManager::Task::Task()	16	static
C:/Users/Thiemo/Documents/emb/EmbSysLib-01.04.00/Src/Control/DigitalButton.cpp:23:1:EmbSysLib::Ctrl::DigitalButton::DigitalButton(EmbSysLib::Dev::Digital&, EmbSysLib::Dev::TaskManager&, WORD, WORD)	32	static
C:/Users/Thiemo/Documents/emb/EmbSysLib-01.04.00/Src/Control/DigitalButton.cpp:37:6:virtual void EmbSysLib::Ctrl::DigitalButton::update()	24	static
C:/Users/Thiemo/Documents/emb/EmbSysLib-01.04.00/Src/Control/DigitalButton.cpp:87:23:EmbSysLib::Ctrl::DigitalButton::Action EmbSysLib::Ctrl::DigitalButton::getAction()	16	static
C:/Users/Thiemo/Documents/emb/EmbSysLib-01.04.00/Src/Control/DigitalEncoder.cpp:23:1:EmbSysLib::Ctrl::DigitalEncoder::DigitalEncoder(EmbSysLib::Dev::Digital*, EmbSysLib::Dev::TaskManager&)	24	static
C:/Users/Thiemo/Documents/emb/EmbSysLib-01.04.00/Src/Control/DigitalEncoder.cpp:34:23:EmbSysLib::Ctrl::DigitalEncoder::Event EmbSysLib::Ctrl::DigitalEncoder::getEvent()	24	static
C:/Users/Thiemo/Documents/emb/EmbSysLib-01.04.00/Src/Control/DigitalEncoder.cpp:49:6:virtual void EmbSysLib::Ctrl::DigitalEncoder::update()	24	static
C:/Users/Thiemo/Documents/emb/EmbSysLib-01.04.00/Src/Control/DigitalEncoder.cpp:73:23:virtual EmbSysLib::Ctrl::DigitalEncoder::Event EmbSysLib::Ctrl::DigitalEncoder::getCtrl()	16	static
C:/Users/Thiemo/Documents/emb/EmbSysLib-01.04.00/Src/Control/DigitalEncoderJoystick.cpp:23:1:EmbSysLib::Ctrl::DigitalEncoderJoystick::DigitalEncoderJoystick(EmbSysLib::Dev::Digital*, EmbSysLib::Dev::Digital*, EmbSysLib::Dev::Digital*, EmbSysLib::Dev::TaskManager&, WORD)	32	static
C:/Users/Thiemo/Documents/emb/EmbSysLib-01.04.00/Src/Control/DigitalEncoderJoystick.cpp:37:23:virtual EmbSysLib::Ctrl::DigitalEncoder::Event EmbSysLib::Ctrl::DigitalEncoderJoystick::getIncrement()	16	static
C:/Users/Thiemo/Documents/emb/EmbSysLib-01.04.00/Src/Control/DigitalEncoderRotaryknob.cpp:23:1:EmbSysLib::Ctrl::DigitalEncoderRotaryknob::DigitalEncoderRotaryknob(EmbSysLib::Dev::Digital*, EmbSysLib::Dev::Digital*, EmbSysLib::Dev::Digital*, EmbSysLib::Dev::TaskManager&)	24	static
C:/Users/Thiemo/Documents/emb/EmbSysLib-01.04.00/Src/Control/DigitalEncoderRotaryknob.cpp:34:23:virtual EmbSysLib::Ctrl::DigitalEncoder::Event EmbSysLib::Ctrl::DigitalEncoderRotaryknob::getIncrement()	16	static
C:/Users/Thiemo/Documents/emb/EmbSysLib-01.04.00/Src/Control/DigitalIndicator.cpp:23:1:EmbSysLib::Ctrl::DigitalIndicator::DigitalIndicator(EmbSysLib::Dev::Digital&, EmbSysLib::Dev::TaskManager&)	24	static
C:/Users/Thiemo/Documents/emb/EmbSysLib-01.04.00/Src/Control/DigitalIndicator.cpp:33:6:virtual void EmbSysLib::Ctrl::DigitalIndicator::update()	16	static
C:/Users/Thiemo/Documents/emb/EmbSysLib-01.04.00/Src/Control/DigitalIndicator.cpp:64:6:virtual void EmbSysLib::Ctrl::DigitalIndicator::clr()	16	static
C:/Users/Thiemo/Documents/emb/EmbSysLib-01.04.00/Src/Control/DigitalIndicator.cpp:74:6:virtual void EmbSysLib::Ctrl::DigitalIndicator::trigger(WORD)	16	static
C:/Users/Thiemo/Documents/emb/EmbSysLib-01.04.00/Src/Control/DigitalIndicator.cpp:85:6:void EmbSysLib::Ctrl::DigitalIndicator::blink(WORD, WORD)	16	static
C:/Users/Thiemo/Documents/emb/EmbSysLib-01.04.00/Src/Module/USB/USB_Uart.cpp:28:1:EmbSysLib::Mod::USB_Uart::CtrlInterface::CtrlInterface(EmbSysLib::Hw::USBdevice&, BYTE, EmbSysLib::Std::Flag<EmbSysLib::Mod::USB_Uart::connectionState_enum>&)	24	static
C:/Users/Thiemo/Documents/emb/EmbSysLib-01.04.00/Src/Module/USB/USB_Uart.cpp:37:6:virtual void EmbSysLib::Mod::USB_Uart::CtrlInterface::onStart()	24	static
C:/Users/Thiemo/Documents/emb/EmbSysLib-01.04.00/Src/Module/USB/USB_Uart.cpp:43:6:virtual void EmbSysLib::Mod::USB_Uart::CtrlInterface::onStop()	24	static
C:/Users/Thiemo/Documents/emb/EmbSysLib-01.04.00/Src/Module/USB/USB_Uart.cpp:49:6:virtual bool EmbSysLib::Mod::USB_Uart::CtrlInterface::onRequestCtrl_IN(EmbSysLib::Std::DataPointer&, BYTE, WORD, WORD)	32	static
C:/Users/Thiemo/Documents/emb/EmbSysLib-01.04.00/Src/Module/USB/USB_Uart.cpp:60:6:virtual bool EmbSysLib::Mod::USB_Uart::CtrlInterface::onTransmit(BYTE, EmbSysLib::Std::DataPointer&)	40	static
C:/Users/Thiemo/Documents/emb/EmbSysLib-01.04.00/Src/Module/USB/USB_Uart.cpp:69:6:virtual bool EmbSysLib::Mod::USB_Uart::CtrlInterface::onRequestCtrl_OUT(EmbSysLib::Std::DataPointer&, BYTE, WORD, WORD)	40	static
C:/Users/Thiemo/Documents/emb/EmbSysLib-01.04.00/Src/Module/USB/USB_Uart.cpp:99:1:EmbSysLib::Mod::USB_Uart::USB_Uart(EmbSysLib::Hw::USBdevice&, BYTE, BYTE, BYTE)	24	static
C:/Users/Thiemo/Documents/emb/EmbSysLib-01.04.00/Src/Module/USB/USB_Uart.cpp:110:6:virtual void EmbSysLib::Mod::USB_Uart::onConfigEndpoint(BYTE, EmbSysLib::Std::DataPointer&, WORD)	40	static
C:/Users/Thiemo/Documents/emb/EmbSysLib-01.04.00/Src/Module/USB/USB_Uart.cpp:126:6:virtual bool EmbSysLib::Mod::USB_Uart::onTransmit(BYTE, EmbSysLib::Std::DataPointer&)	40	static
C:/Users/Thiemo/Documents/emb/EmbSysLib-01.04.00/Src/Module/USB/USB_Uart.cpp:138:6:virtual bool EmbSysLib::Mod::USB_Uart::onReceive(BYTE, WORD, EmbSysLib::Std::DataPointer&)	40	static
C:/Users/Thiemo/Documents/emb/EmbSysLib-01.04.00/Src/Module/USB/USB_Uart.cpp:151:13:virtual BYTE EmbSysLib::Mod::USB_Uart::getByte()	16	static
C:/Users/Thiemo/Documents/emb/EmbSysLib-01.04.00/Src/Module/USB/USB_Uart.cpp:157:13:virtual void EmbSysLib::Mod::USB_Uart::setByte(BYTE)	16	static
C:/Users/Thiemo/Documents/emb/EmbSysLib-01.04.00/Src/Module/USB/USB_Uart.cpp:162:13:virtual void EmbSysLib::Mod::USB_Uart::transmitByte(BYTE)	16	static
C:/Users/Thiemo/Documents/emb/EmbSysLib-01.04.00/Src/Module/USB/USBinterfClassHID.cpp:23:1:EmbSysLib::Mod::USBinterfClassHID::USBinterfClassHID(EmbSysLib::Hw::USBdevice&, BYTE, BYTE, EmbSysLib::Std::DataPointer, EmbSysLib::Std::DataPointer)	24	static
C:/Users/Thiemo/Documents/emb/EmbSysLib-01.04.00/Src/Module/USB/USBinterfClassHID.cpp:37:13:virtual EmbSysLib::Std::DataPointer EmbSysLib::Mod::USBinterfClassHID::onGetDescriptor(WORD)	40	static
C:/Users/Thiemo/Documents/emb/EmbSysLib-01.04.00/Src/Module/USB/USBinterfClassHID.cpp:48:6:virtual void EmbSysLib::Mod::USBinterfClassHID::onConfigEndpoint(BYTE, EmbSysLib::Std::DataPointer&, WORD)	32	static
C:/Users/Thiemo/Documents/emb/EmbSysLib-01.04.00/Src/Module/USB/USBinterfClassHID.cpp:56:6:virtual bool EmbSysLib::Mod::USBinterfClassHID::onTransmit(BYTE, EmbSysLib::Std::DataPointer&)	32	static
C:/Users/Thiemo/Documents/emb/EmbSysLib-01.04.00/Src/Module/USB/USBinterfClassHID.cpp:64:6:virtual bool EmbSysLib::Mod::USBinterfClassHID::onReceiveCtrl(WORD)	16	static
C:/Users/Thiemo/Documents/emb/EmbSysLib-01.04.00/Src/Module/USB/USBinterfClassHID.cpp:70:6:virtual bool EmbSysLib::Mod::USBinterfClassHID::onRequestCtrl_IN(EmbSysLib::Std::DataPointer&, BYTE, WORD, WORD)	32	static
C:/Users/Thiemo/Documents/emb/EmbSysLib-01.04.00/Src/Module/USB/USBinterfClassHID.cpp:80:6:virtual bool EmbSysLib::Mod::USBinterfClassHID::onRequestCtrl_OUT(EmbSysLib::Std::DataPointer&, BYTE, WORD, WORD)	32	static
C:/Users/Thiemo/Documents/emb/EmbSysLib-01.04.00/Src/Std/Sequence.h:47:9:EmbSysLib::Std::Sequence<T>::Item::Item(EmbSysLib::Std::Sequence<T>*) [with T = EmbSysLib::Hw::Timer::Task]	16	static
C:/Users/Thiemo/Documents/emb/EmbSysLib-01.04.00/Src/Std/Sequence.h:78:5:EmbSysLib::Std::Sequence<T>::Sequence() [with T = EmbSysLib::Hw::Net::Task]	16	static
C:/Users/Thiemo/Documents/emb/EmbSysLib-01.04.00/Src/Std/Sequence.h:131:8:T* EmbSysLib::Std::Sequence<T>::getFirst() [with T = EmbSysLib::Hw::Net::Task]	16	static
C:/Users/Thiemo/Documents/emb/EmbSysLib-01.04.00/Src/Std/Sequence.h:60:12:T* EmbSysLib::Std::Sequence<T>::Item::getNext() [with T = EmbSysLib::Hw::Net::Task]	16	static
C:/Users/Thiemo/Documents/emb/EmbSysLib-01.04.00/Src/Std/Sequence.h:90:10:BYTE EmbSysLib::Std::Sequence<T>::add(T*) [with T = EmbSysLib::Hw::Net::Task]	24	static
C:/Users/Thiemo/Documents/emb/EmbSysLib-01.04.00/Src/Std/Sequence.h:47:9:EmbSysLib::Std::Sequence<T>::Item::Item(EmbSysLib::Std::Sequence<T>*) [with T = EmbSysLib::Hw::Net::Task]	16	static
C:/Users/Thiemo/Documents/emb/EmbSysLib-01.04.00/Src/Std/Flag.h:36:5:EmbSysLib::Std::Flag<T>::Flag(T) [with T = EmbSysLib::Hw::NetSocket::State]	16	static
C:/Users/Thiemo/Documents/emb/EmbSysLib-01.04.00/Src/Std/Flag.h:99:10:void EmbSysLib::Std::Flag<T>::operator=(const T&) [with T = EmbSysLib::Hw::NetSocket::State]	16	static
C:/Users/Thiemo/Documents/emb/EmbSysLib-01.04.00/Src/Std/Std.h:62:29:T EmbSysLib::Std::RANGE(T, T, T) [with T = int]	24	static
C:/Users/Thiemo/Documents/emb/EmbSysLib-01.04.00/Src/Std/Std.h:62:29:T EmbSysLib::Std::RANGE(T, T, T) [with T = short unsigned int]	16	static
C:/Users/Thiemo/Documents/emb/EmbSysLib-01.04.00/Src/Hardware/Common/Net/NetStd.h:157:5:EmbSysLib::Hw::NetType<T>::operator T() [with T = short unsigned int]	16	static
C:/Users/Thiemo/Documents/emb/EmbSysLib-01.04.00/Src/Hardware/Common/Net/NetStd.h:36:10:bool EmbSysLib::Hw::NetAddr<size>::operator==(const EmbSysLib::Hw::NetAddr<size>&) const [with unsigned char size = 4]	16	static
C:/Users/Thiemo/Documents/emb/EmbSysLib-01.04.00/Src/Hardware/Common/Net/NetStd.h:148:10:void EmbSysLib::Hw::NetType<T>::operator=(T) [with T = short unsigned int]	16	static
C:/Users/Thiemo/Documents/emb/EmbSysLib-01.04.00/Src/Std/DataPointer.h:120:24:EmbSysLib::Std::DataPointer::operator T*() [with T = EmbSysLib::Hw::NetEthDHCP::Data]	16	static
C:/Users/Thiemo/Documents/emb/EmbSysLib-01.04.00/Src/Hardware/Common/Net/NetStd.h:148:10:void EmbSysLib::Hw::NetType<T>::operator=(T) [with T = long unsigned int]	16	static
C:/Users/Thiemo/Documents/emb/EmbSysLib-01.04.00/Src/Hardware/Common/Net/NetStd.h:157:5:EmbSysLib::Hw::NetType<T>::operator T() [with T = long unsigned int]	16	static
C:/Users/Thiemo/Documents/emb/EmbSysLib-01.04.00/Src/Hardware/Common/Net/NetStd.h:36:10:bool EmbSysLib::Hw::NetAddr<size>::operator==(const EmbSysLib::Hw::NetAddr<size>&) const [with unsigned char size = 6]	16	static
C:/Users/Thiemo/Documents/emb/EmbSysLib-01.04.00/Src/Hardware/Common/Net/NetStd.h:119:5:EmbSysLib::Hw::NetAddr<size>::operator DWORD() [with unsigned char size = 6]	16	static
C:/Users/Thiemo/Documents/emb/EmbSysLib-01.04.00/Src/Std/Sequence.h:90:10:BYTE EmbSysLib::Std::Sequence<T>::add(T*) [with T = EmbSysLib::Hw::ExtInt::Task]	24	static
C:/Users/Thiemo/Documents/emb/EmbSysLib-01.04.00/Src/Std/Sequence.h:131:8:T* EmbSysLib::Std::Sequence<T>::getFirst() [with T = EmbSysLib::Hw::ExtInt::Task]	16	static
C:/Users/Thiemo/Documents/emb/EmbSysLib-01.04.00/Src/Std/Sequence.h:60:12:T* EmbSysLib::Std::Sequence<T>::Item::getNext() [with T = EmbSysLib::Hw::ExtInt::Task]	16	static
C:/Users/Thiemo/Documents/emb/EmbSysLib-01.04.00/Src/Std/Sequence.h:78:5:EmbSysLib::Std::Sequence<T>::Sequence() [with T = EmbSysLib::Hw::Timer::Task]	16	static
C:/Users/Thiemo/Documents/emb/EmbSysLib-01.04.00/Src/Std/Sequence.h:90:10:BYTE EmbSysLib::Std::Sequence<T>::add(T*) [with T = EmbSysLib::Hw::Timer::Task]	24	static
C:/Users/Thiemo/Documents/emb/EmbSysLib-01.04.00/Src/Std/Sequence.h:131:8:T* EmbSysLib::Std::Sequence<T>::getFirst() [with T = EmbSysLib::Hw::Timer::Task]	16	static
C:/Users/Thiemo/Documents/emb/EmbSysLib-01.04.00/Src/Std/Sequence.h:60:12:T* EmbSysLib::Std::Sequence<T>::Item::getNext() [with T = EmbSysLib::Hw::Timer::Task]	16	static
C:/Users/Thiemo/Documents/emb/EmbSysLib-01.04.00/Src/Std/Fifo.h:37:5:EmbSysLib::Std::Fifo<T>::Fifo(WORD) [with T = unsigned char]	16	static
C:/Users/Thiemo/Documents/emb/EmbSysLib-01.04.00/Src/Std/Fifo.h:122:10:WORD EmbSysLib::Std::Fifo<T>::getSize() [with T = unsigned char]	16	static
C:/Users/Thiemo/Documents/emb/EmbSysLib-01.04.00/Src/Std/Fifo.h:134:10:bool EmbSysLib::Std::Fifo<T>::operator<<(const T&) [with T = unsigned char]	24	static
C:/Users/Thiemo/Documents/emb/EmbSysLib-01.04.00/Src/Std/Fifo.h:77:10:bool EmbSysLib::Std::Fifo<T>::isEmpty() [with T = unsigned char]	24	static
C:/Users/Thiemo/Documents/emb/EmbSysLib-01.04.00/Src/Std/Fifo.h:158:10:bool EmbSysLib::Std::Fifo<T>::operator>>(T&) [with T = unsigned char]	24	static
C:/Users/Thiemo/Documents/emb/EmbSysLib-01.04.00/Src/Std/Fifo.h:60:10:bool EmbSysLib::Std::Fifo<T>::isFull() [with T = unsigned char]	24	static
C:/Users/Thiemo/Documents/emb/EmbSysLib-01.04.00/Src/Std/Fifo.h:107:10:WORD EmbSysLib::Std::Fifo<T>::getFree() [with T = unsigned char]	24	static
C:/Users/Thiemo/Documents/emb/EmbSysLib-01.04.00/Src/Std/DataPointer.h:120:24:EmbSysLib::Std::DataPointer::operator T*() [with T = unsigned char]	16	static
C:/Users/Thiemo/Documents/emb/EmbSysLib-01.04.00/Src/Std/DataPointer.h:120:24:EmbSysLib::Std::DataPointer::operator T*() [with T = EmbSysLib::Hw::USBdeviceDescriptor::Endpoint]	16	static
C:/Users/Thiemo/Documents/emb/EmbSysLib-01.04.00/Src/Std/Std.h:43:29:T EmbSysLib::Std::MIN(T, T) [with T = short unsigned int]	16	static
C:/Users/Thiemo/Documents/emb/EmbSysLib-01.04.00/Src/Std/Std.h:62:29:T EmbSysLib::Std::RANGE(T, T, T) [with T = float]	24	static
C:/Users/Thiemo/Documents/emb/EmbSysLib-01.04.00/Src/Std/Std.h:62:29:T EmbSysLib::Std::RANGE(T, T, T) [with T = short int]	16	static
C:/Users/Thiemo/Documents/emb/EmbSysLib-01.04.00/Src/Std/Flag.h:36:5:EmbSysLib::Std::Flag<T>::Flag(T) [with T = EmbSysLib::Ctrl::DigitalButton::Action]	16	static
C:/Users/Thiemo/Documents/emb/EmbSysLib-01.04.00/Src/Std/Flag.h:99:10:void EmbSysLib::Std::Flag<T>::operator=(const T&) [with T = EmbSysLib::Ctrl::DigitalButton::Action]	16	static
C:/Users/Thiemo/Documents/emb/EmbSysLib-01.04.00/Src/Std/Flag.h:80:7:T EmbSysLib::Std::Flag<T>::getUnique() [with T = EmbSysLib::Ctrl::DigitalButton::Action]	24	static
C:/Users/Thiemo/Documents/emb/EmbSysLib-01.04.00/Src/Std/Fifo.h:37:5:EmbSysLib::Std::Fifo<T>::Fifo(WORD) [with T = EmbSysLib::Ctrl::DigitalEncoder::Event]	16	static
C:/Users/Thiemo/Documents/emb/EmbSysLib-01.04.00/Src/Std/Fifo.h:77:10:bool EmbSysLib::Std::Fifo<T>::isEmpty() [with T = EmbSysLib::Ctrl::DigitalEncoder::Event]	24	static
C:/Users/Thiemo/Documents/emb/EmbSysLib-01.04.00/Src/Std/Fifo.h:158:10:bool EmbSysLib::Std::Fifo<T>::operator>>(T&) [with T = EmbSysLib::Ctrl::DigitalEncoder::Event]	24	static
C:/Users/Thiemo/Documents/emb/EmbSysLib-01.04.00/Src/Std/Fifo.h:60:10:bool EmbSysLib::Std::Fifo<T>::isFull() [with T = EmbSysLib::Ctrl::DigitalEncoder::Event]	24	static
C:/Users/Thiemo/Documents/emb/EmbSysLib-01.04.00/Src/Std/Fifo.h:134:10:bool EmbSysLib::Std::Fifo<T>::operator<<(const T&) [with T = EmbSysLib::Ctrl::DigitalEncoder::Event]	24	static
C:/Users/Thiemo/Documents/emb/EmbSysLib-01.04.00/Src/Std/Flag.h:99:10:void EmbSysLib::Std::Flag<T>::operator=(const T&) [with T = EmbSysLib::Mod::USB_Uart::connectionState_enum]	16	static
C:/Users/Thiemo/Documents/emb/EmbSysLib-01.04.00/Src/Std/Flag.h:36:5:EmbSysLib::Std::Flag<T>::Flag(T) [with T = EmbSysLib::Mod::USB_Uart::connectionState_enum]	16	static
C:/Users/Thiemo/Documents/emb/EmbSysLib-01.04.00/Src/Std/Flag.h:36:5:EmbSysLib::Std::Flag<T>::Flag(T) [with T = bool]	16	static
C:/Users/Thiemo/Documents/emb/EmbSysLib-01.04.00/Src/Std/Flag.h:99:10:void EmbSysLib::Std::Flag<T>::operator=(const T&) [with T = bool]	16	static
C:/Users/Thiemo/Documents/emb/EmbSysLib-01.04.00/Src/Module/USB/USBdeviceSimpleIO.cpp:27:4:void __static_initialization_and_destruction_0(int, int)	16	static
C:/Users/Thiemo/Documents/emb/EmbSysLib-01.04.00/Src/Module/USB/USBdeviceSimpleIO.cpp:27:4:cpp)	8	static
