C:\ST\STM32CubeIDE_1.15.1\STM32CubeIDE\plugins\com.st.stm32cube.ide.mcu.externaltools.gnu-tools-for-stm32.12.3.rel1.win32_1.0.100.202403111256\tools\arm-none-eabi\include\c++\12.3.1\arm-none-eabi\thumb\v7-m\nofp\bits\c++config.h:516:3:constexpr bool std::__is_constant_evaluated()	4	static
C:/Users/Thiemo/Documents/emb/EmbSysLib-01.04.00/Src/Hardware/MCU/STM32L1xx/Src/Rtos_Mcu.h:92:17:static void EmbSysLib::Hw::Rtos_Mcu::init(WORD, void* (*)(TaskHandle, BYTE))	24	static
C:/Users/Thiemo/Documents/emb/EmbSysLib-01.04.00/Src/Hardware/MCU/STM32L1xx/Src/Rtos_Mcu.h:118:23:static void* EmbSysLib::Hw::Rtos_Mcu::start(BYTE*, unsigned int, void*, void (*)(void*))	40	static
C:/Users/Thiemo/Documents/emb/EmbSysLib-01.04.00/Src/Hardware/MCU/STM32L1xx/Src/Rtos_Mcu.h:168:17:static void EmbSysLib::Hw::Rtos_Mcu::pause()	4	static
C:/Users/Thiemo/Documents/emb/EmbSysLib-01.04.00/Src/Hardware/MCU/STM32L1xx/Src/Rtos_Mcu.h:187:17:static void EmbSysLib::Hw::Rtos_Mcu::deleteFunc()	4	static
C:/Users/Thiemo/Documents/emb/EmbSysLib-01.04.00/Src/Hardware/Common/SPI/SPImaster.h:68:9:EmbSysLib::Hw::SPImaster::Device::Device(EmbSysLib::Hw::SPImaster&, EmbSysLib::Hw::Port&, BYTE)	24	static
C:/Users/Thiemo/Documents/emb/EmbSysLib-01.04.00/Src/Hardware/Common/Timer/Timer.h:58:11:EmbSysLib::Hw::Timer::Task::Task()	16	static
C:/Users/Thiemo/Documents/emb/EmbSysLib-01.04.00/Src/Device/Digital/Digital.h:120:18:virtual void EmbSysLib::Dev::Digital::toggle()	16	static
C:/Users/Thiemo/Documents/emb/EmbSysLib-01.04.00/Src/Device/Digital/Digital.h:138:19:virtual EmbSysLib::Dev::Digital::Event EmbSysLib::Dev::Digital::getEvent()	24	static
C:/Users/Thiemo/Documents/emb/EmbSysLib-01.04.00/Src/Device/Task/TaskManager.h:97:5:EmbSysLib::Dev::TaskManager::TaskManager(EmbSysLib::Hw::Timer&)	16	static
C:/Users/Thiemo/Documents/emb/EmbSysLib-01.04.00/Src/Device/Task/TaskManager.h:114:18:virtual void EmbSysLib::Dev::TaskManager::add(Task*)	16	static
C:/Users/Thiemo/Documents/emb/EmbSysLib-01.04.00/Src/Device/Task/TaskManager.h:123:19:virtual DWORD EmbSysLib::Dev::TaskManager::getCycleTime()	16	static
C:/Users/Thiemo/Documents/emb/EmbSysLib-01.04.00/Src/Device/Task/TaskManager.h:133:19:virtual LWORD EmbSysLib::Dev::TaskManager::getTics()	16	static
C:/Users/Thiemo/Documents/emb/EmbSysLib-01.04.00/Src/Device/Task/TaskManager.h:140:18:virtual void EmbSysLib::Dev::TaskManager::update()	24	static
C:/Users/Thiemo/Documents/emb/EmbSysLib-01.04.00/Src/Module/Rtos/Rtos.h:53:9:EmbSysLib::Mod::Rtos::TCB::TCB()	16	static
C:/Users/Thiemo/Documents/emb/EmbSysLib-01.04.00/Src/Module/Rtos/Rtos.h:84:9:EmbSysLib::Mod::Rtos::Task::Task(EmbSysLib::Mod::Rtos&, DWORD)	24	static
C:/Users/Thiemo/Documents/emb/EmbSysLib-01.04.00/Src/Module/Rtos/Rtos.h:99:14:void EmbSysLib::Mod::Rtos::Task::start()	16	static
C:/Users/Thiemo/Documents/emb/EmbSysLib-01.04.00/Src/Module/Rtos/Rtos.h:115:14:void EmbSysLib::Mod::Rtos::Task::pause()	16	static
C:/Users/Thiemo/Documents/emb/EmbSysLib-01.04.00/Src/Module/Rtos/Rtos.h:130:21:static void EmbSysLib::Mod::Rtos::Task::starter(void*)	16	static
C:/Users/Thiemo/Documents/emb/EmbSysLib-01.04.00/Src/Module/Rtos/Rtos.h:154:5:EmbSysLib::Mod::Rtos::Rtos(BYTE, WORD)	32	static
C:/Users/Thiemo/Documents/emb/EmbSysLib-01.04.00/Src/Module/Rtos/Rtos.h:167:10:void EmbSysLib::Mod::Rtos::start(Task&)	24	static
C:/Users/Thiemo/Documents/emb/EmbSysLib-01.04.00/Src/Module/Rtos/Rtos.h:200:10:void EmbSysLib::Mod::Rtos::pause()	16	static
C:/Users/Thiemo/Documents/emb/EmbSysLib-01.04.00/Src/Module/Rtos/Rtos.h:219:10:BYTE EmbSysLib::Mod::Rtos::add(Task&, DWORD)	40	static
C:/Users/Thiemo/Documents/emb/EmbSysLib-01.04.00/Src/Module/Rtos/Rtos.h:247:33:static void* EmbSysLib::Mod::Rtos::schedule(EmbSysLib::Hw::Rtos_Mcu::TaskHandle, BYTE)	16	static
C:/Users/Thiemo/Documents/emb/EmbSysLib-01.04.00/Src/Module/Rtos/Rtos.h:253:26:void* EmbSysLib::Mod::Rtos::getNextTask(EmbSysLib::Hw::Rtos_Mcu::TaskHandle, bool)	24	static
../../../../Src/Board/STM32L100-Discovery/ReportHandler.h:13:16:virtual void myReportHandler::onReport(WORD, WORD, bool)	24	static
../../../../Src/Board/STM32L100-Discovery/ReportHandler.h:11:7:myReportHandler::myReportHandler()	16	static
C:/Users/Thiemo/Documents/emb/EmbSysLib-01.04.00/Src/Hardware/Peripheral/Display/DisplayChar_DIP204spi.h:43:18:virtual void EmbSysLib::Hw::DisplayChar_DIP204spi::refresh()	16	static
C:/Users/Thiemo/Documents/emb/EmbSysLib-01.04.00/Src/Hardware/Peripheral/Display/DisplayChar_DIP204spi.cpp:23:1:EmbSysLib::Hw::DisplayChar_DIP204spi::DisplayChar_DIP204spi(EmbSysLib::Hw::SPImaster::Device&)	16	static
C:/Users/Thiemo/Documents/emb/EmbSysLib-01.04.00/Src/Hardware/Peripheral/Display/DisplayChar_DIP204spi.cpp:33:6:virtual void EmbSysLib::Hw::DisplayChar_DIP204spi::clear()	16	static
C:/Users/Thiemo/Documents/emb/EmbSysLib-01.04.00/Src/Hardware/Peripheral/Display/DisplayChar_DIP204spi.cpp:39:6:virtual void EmbSysLib::Hw::DisplayChar_DIP204spi::gotoTextPos(BYTE, BYTE)	16	static
C:/Users/Thiemo/Documents/emb/EmbSysLib-01.04.00/Src/Hardware/Peripheral/Display/DisplayChar_DIP204spi.cpp:52:6:virtual void EmbSysLib::Hw::DisplayChar_DIP204spi::putChar(char)	16	static
C:/Users/Thiemo/Documents/emb/EmbSysLib-01.04.00/Src/Hardware/Peripheral/Display/DisplayChar_DIP204spi.cpp:62:6:void EmbSysLib::Hw::DisplayChar_DIP204spi::init()	16	static
C:/Users/Thiemo/Documents/emb/EmbSysLib-01.04.00/Src/Hardware/Peripheral/Display/DisplayChar_DIP204spi.cpp:94:6:void EmbSysLib::Hw::DisplayChar_DIP204spi::waitBusy()	24	static
C:/Users/Thiemo/Documents/emb/EmbSysLib-01.04.00/Src/Hardware/Peripheral/Display/DisplayChar_DIP204spi.cpp:115:6:void EmbSysLib::Hw::DisplayChar_DIP204spi::writeCmd(BYTE)	24	static
C:/Users/Thiemo/Documents/emb/EmbSysLib-01.04.00/Src/Hardware/Peripheral/Display/DisplayChar_DIP204spi.cpp:130:6:void EmbSysLib::Hw::DisplayChar_DIP204spi::writeDat(BYTE)	24	static
C:\ST\STM32CubeIDE_1.15.1\STM32CubeIDE\plugins\com.st.stm32cube.ide.mcu.externaltools.gnu-tools-for-stm32.12.3.rel1.win32_1.0.100.202403111256\tools\bin/../lib/gcc/arm-none-eabi/12.3.1/../../../../arm-none-eabi/include/c++/12.3.1/type_traits:3520:3:constexpr bool std::is_constant_evaluated()	4	static
C:\ST\STM32CubeIDE_1.15.1\STM32CubeIDE\plugins\com.st.stm32cube.ide.mcu.externaltools.gnu-tools-for-stm32.12.3.rel1.win32_1.0.100.202403111256\tools\bin/../lib/gcc/arm-none-eabi/12.3.1/../../../../arm-none-eabi/include/c++/12.3.1/new:174:33:void* operator new(std::size_t, void*)	16	static
C:\ST\STM32CubeIDE_1.15.1\STM32CubeIDE\plugins\com.st.stm32cube.ide.mcu.externaltools.gnu-tools-for-stm32.12.3.rel1.win32_1.0.100.202403111256\tools\arm-none-eabi\include\c++\12.3.1\bits\char_traits.h:351:7:static constexpr void std::char_traits<char>::assign(char_type&, const char_type&)	16	static
C:\ST\STM32CubeIDE_1.15.1\STM32CubeIDE\plugins\com.st.stm32cube.ide.mcu.externaltools.gnu-tools-for-stm32.12.3.rel1.win32_1.0.100.202403111256\tools\arm-none-eabi\include\c++\12.3.1\bits\char_traits.h:393:7:static constexpr std::size_t std::char_traits<char>::length(const char_type*)	16	static
C:\ST\STM32CubeIDE_1.15.1\STM32CubeIDE\plugins\com.st.stm32cube.ide.mcu.externaltools.gnu-tools-for-stm32.12.3.rel1.win32_1.0.100.202403111256\tools\arm-none-eabi\include\c++\12.3.1\bits\char_traits.h:415:7:static constexpr std::char_traits<char>::char_type* std::char_traits<char>::move(char_type*, const char_type*, std::size_t)	24	static
C:\ST\STM32CubeIDE_1.15.1\STM32CubeIDE\plugins\com.st.stm32cube.ide.mcu.externaltools.gnu-tools-for-stm32.12.3.rel1.win32_1.0.100.202403111256\tools\arm-none-eabi\include\c++\12.3.1\bits\char_traits.h:427:7:static constexpr std::char_traits<char>::char_type* std::char_traits<char>::copy(char_type*, const char_type*, std::size_t)	24	static
C:\ST\STM32CubeIDE_1.15.1\STM32CubeIDE\plugins\com.st.stm32cube.ide.mcu.externaltools.gnu-tools-for-stm32.12.3.rel1.win32_1.0.100.202403111256\tools\arm-none-eabi\include\c++\12.3.1\arm-none-eabi\thumb\v7-m\nofp\bits\gthr-default.h:229:1:int __gthread_key_delete(__gthread_key_t)	16	static
C:/Users/Thiemo/Documents/emb/EmbSysLib-01.04.00/Src/Device/Task/TaskManager.h:41:11:EmbSysLib::Dev::TaskManager::Task::Task()	16	static
C:/Users/Thiemo/Documents/emb/CPP-Sortierer/Src/main.cpp:15:2:myTimerTask::myTimerTask(EmbSysLib::Dev::TaskManager&)	16	static
C:/Users/Thiemo/Documents/emb/CPP-Sortierer/Src/main.cpp:21:15:virtual void myTimerTask::update()	16	static
C:/Users/Thiemo/Documents/emb/CPP-Sortierer/Src/main.cpp:24:7:void myTimerTask::delay(uint32_t)	24	static
C:/Users/Thiemo/Documents/emb/CPP-Sortierer/Src/main.cpp:38:2:myRtosTask::myRtosTask(EmbSysLib::Mod::Rtos&)	16	static
C:/Users/Thiemo/Documents/emb/CPP-Sortierer/Src/main.cpp:45:15:virtual void myRtosTask::update()	16	static
C:\ST\STM32CubeIDE_1.15.1\STM32CubeIDE\plugins\com.st.stm32cube.ide.mcu.externaltools.gnu-tools-for-stm32.12.3.rel1.win32_1.0.100.202403111256\tools\arm-none-eabi\include\c++\12.3.1\bits\basic_string.h:642:7:constexpr std::__cxx11::basic_string<_CharT, _Traits, _Alloc>::basic_string(const _CharT*, const _Alloc&) [with <template-parameter-2-1> = std::allocator<char>; _CharT = char; _Traits = std::char_traits<char>; _Alloc = std::allocator<char>]	40	static
C:\ST\STM32CubeIDE_1.15.1\STM32CubeIDE\plugins\com.st.stm32cube.ide.mcu.externaltools.gnu-tools-for-stm32.12.3.rel1.win32_1.0.100.202403111256\tools\arm-none-eabi\include\c++\12.3.1\bits\basic_string.h:238:7:constexpr std::__cxx11::basic_string<_CharT, _Traits, _Alloc>::pointer std::__cxx11::basic_string<_CharT, _Traits, _Alloc>::_M_local_data() [with _CharT = char; _Traits = std::char_traits<char>; _Alloc = std::allocator<char>]	16	static
C:\ST\STM32CubeIDE_1.15.1\STM32CubeIDE\plugins\com.st.stm32cube.ide.mcu.externaltools.gnu-tools-for-stm32.12.3.rel1.win32_1.0.100.202403111256\tools\bin/../lib/gcc/arm-none-eabi/12.3.1/../../../../arm-none-eabi/include/c++/12.3.1/bits/ptr_traits.h:135:7:static constexpr _Tp* std::__ptr_traits_ptr_to<_Tp*, _Tp, false>::pointer_to(element_type&) [with _Tp = char]	16	static
C:\ST\STM32CubeIDE_1.15.1\STM32CubeIDE\plugins\com.st.stm32cube.ide.mcu.externaltools.gnu-tools-for-stm32.12.3.rel1.win32_1.0.100.202403111256\tools\bin/../lib/gcc/arm-none-eabi/12.3.1/../../../../arm-none-eabi/include/c++/12.3.1/bits/move.h:145:5:constexpr _Tp* std::addressof(_Tp&) [with _Tp = char]	16	static
C:\ST\STM32CubeIDE_1.15.1\STM32CubeIDE\plugins\com.st.stm32cube.ide.mcu.externaltools.gnu-tools-for-stm32.12.3.rel1.win32_1.0.100.202403111256\tools\bin/../lib/gcc/arm-none-eabi/12.3.1/../../../../arm-none-eabi/include/c++/12.3.1/bits/move.h:49:5:constexpr _Tp* std::__addressof(_Tp&) [with _Tp = char]	16	static
C:\ST\STM32CubeIDE_1.15.1\STM32CubeIDE\plugins\com.st.stm32cube.ide.mcu.externaltools.gnu-tools-for-stm32.12.3.rel1.win32_1.0.100.202403111256\tools\arm-none-eabi\include\c++\12.3.1\bits\basic_string.h:199:2:constexpr std::__cxx11::basic_string<_CharT, _Traits, _Alloc>::_Alloc_hider::_Alloc_hider(std::__cxx11::basic_string<_CharT, _Traits, _Alloc>::pointer, const _Alloc&) [with _CharT = char; _Traits = std::char_traits<char>; _Alloc = std::allocator<char>]	24	static
C:/Users/Thiemo/Documents/emb/CPP-Sortierer/Src/main.cpp:64:5:int main()	104	static
C:/Users/Thiemo/Documents/emb/EmbSysLib-01.04.00/Src/Std/Sequence.h:47:9:EmbSysLib::Std::Sequence<T>::Item::Item(EmbSysLib::Std::Sequence<T>*) [with T = EmbSysLib::Hw::Timer::Task]	16	static
C:\ST\STM32CubeIDE_1.15.1\STM32CubeIDE\plugins\com.st.stm32cube.ide.mcu.externaltools.gnu-tools-for-stm32.12.3.rel1.win32_1.0.100.202403111256\tools\arm-none-eabi\include\c++\12.3.1\bits\stl_construct.h:94:5:) [with _Tp = char; _Args = {const char&}]	24	static
C:\ST\STM32CubeIDE_1.15.1\STM32CubeIDE\plugins\com.st.stm32cube.ide.mcu.externaltools.gnu-tools-for-stm32.12.3.rel1.win32_1.0.100.202403111256\tools\arm-none-eabi\include\c++\12.3.1\bits\char_traits.h:182:5:static constexpr std::size_t __gnu_cxx::char_traits<_CharT>::length(const char_type*) [with _CharT = char]	24	static
C:\ST\STM32CubeIDE_1.15.1\STM32CubeIDE\plugins\com.st.stm32cube.ide.mcu.externaltools.gnu-tools-for-stm32.12.3.rel1.win32_1.0.100.202403111256\tools\arm-none-eabi\include\c++\12.3.1\bits\char_traits.h:205:5:static constexpr __gnu_cxx::char_traits<_CharT>::char_type* __gnu_cxx::char_traits<_CharT>::move(char_type*, const char_type*, std::size_t) [with _CharT = char]	32	static
C:\ST\STM32CubeIDE_1.15.1\STM32CubeIDE\plugins\com.st.stm32cube.ide.mcu.externaltools.gnu-tools-for-stm32.12.3.rel1.win32_1.0.100.202403111256\tools\arm-none-eabi\include\c++\12.3.1\bits\char_traits.h:255:5:static constexpr __gnu_cxx::char_traits<_CharT>::char_type* __gnu_cxx::char_traits<_CharT>::copy(char_type*, const char_type*, std::size_t) [with _CharT = char]	32	static
C:\ST\STM32CubeIDE_1.15.1\STM32CubeIDE\plugins\com.st.stm32cube.ide.mcu.externaltools.gnu-tools-for-stm32.12.3.rel1.win32_1.0.100.202403111256\tools\arm-none-eabi\include\c++\12.3.1\bits\basic_string.h:2562:7:constexpr const _CharT* std::__cxx11::basic_string<_CharT, _Traits, _Alloc>::c_str() const [with _CharT = char; _Traits = std::char_traits<char>; _Alloc = std::allocator<char>]	16	static
C:\ST\STM32CubeIDE_1.15.1\STM32CubeIDE\plugins\com.st.stm32cube.ide.mcu.externaltools.gnu-tools-for-stm32.12.3.rel1.win32_1.0.100.202403111256\tools\arm-none-eabi\include\c++\12.3.1\bits\basic_string.h:1071:7:constexpr std::__cxx11::basic_string<_CharT, _Traits, _Alloc>::size_type std::__cxx11::basic_string<_CharT, _Traits, _Alloc>::size() const [with _CharT = char; _Traits = std::char_traits<char>; _Alloc = std::allocator<char>]	16	static
C:\ST\STM32CubeIDE_1.15.1\STM32CubeIDE\plugins\com.st.stm32cube.ide.mcu.externaltools.gnu-tools-for-stm32.12.3.rel1.win32_1.0.100.202403111256\tools\arm-none-eabi\include\c++\12.3.1\bits\basic_string.h:1078:7:constexpr std::__cxx11::basic_string<_CharT, _Traits, _Alloc>::size_type std::__cxx11::basic_string<_CharT, _Traits, _Alloc>::length() const [with _CharT = char; _Traits = std::char_traits<char>; _Alloc = std::allocator<char>]	16	static
C:\ST\STM32CubeIDE_1.15.1\STM32CubeIDE\plugins\com.st.stm32cube.ide.mcu.externaltools.gnu-tools-for-stm32.12.3.rel1.win32_1.0.100.202403111256\tools\arm-none-eabi\include\c++\12.3.1\bits\basic_string.tcc:235:13:constexpr std::__cxx11::basic_string<_CharT, _Traits, _Alloc>::_M_construct(_InIterator, _InIterator, std::forward_iterator_tag)::_Guard::_Guard(std::__cxx11::basic_string<_CharT, _Traits, _Alloc>*) [with _InIterator = const char*; _CharT = char; _Traits = std::char_traits<char>; _Alloc = std::allocator<char>]	16	static
C:\ST\STM32CubeIDE_1.15.1\STM32CubeIDE\plugins\com.st.stm32cube.ide.mcu.externaltools.gnu-tools-for-stm32.12.3.rel1.win32_1.0.100.202403111256\tools\arm-none-eabi\include\c++\12.3.1\bits\basic_string.tcc:238:4:constexpr std::__cxx11::basic_string<_CharT, _Traits, _Alloc>::_M_construct(_InIterator, _InIterator, std::forward_iterator_tag)::_Guard::~_Guard() [with _InIterator = const char*; _CharT = char; _Traits = std::char_traits<char>; _Alloc = std::allocator<char>]	16	static
C:\ST\STM32CubeIDE_1.15.1\STM32CubeIDE\plugins\com.st.stm32cube.ide.mcu.externaltools.gnu-tools-for-stm32.12.3.rel1.win32_1.0.100.202403111256\tools\arm-none-eabi\include\c++\12.3.1\bits\basic_string.tcc:217:7:constexpr void std::__cxx11::basic_string<_CharT, _Traits, _Alloc>::_M_construct(_InIterator, _InIterator, std::forward_iterator_tag) [with _FwdIterator = const char*; _CharT = char; _Traits = std::char_traits<char>; _Alloc = std::allocator<char>]	40	static
C:\ST\STM32CubeIDE_1.15.1\STM32CubeIDE\plugins\com.st.stm32cube.ide.mcu.externaltools.gnu-tools-for-stm32.12.3.rel1.win32_1.0.100.202403111256\tools\arm-none-eabi\include\c++\12.3.1\bits\basic_string.h:822:7:constexpr std::__cxx11::basic_string<_CharT, _Traits, _Alloc>& std::__cxx11::basic_string<_CharT, _Traits, _Alloc>::operator=(const _CharT*) [with _CharT = char; _Traits = std::char_traits<char>; _Alloc = std::allocator<char>]	16	static
C:/Users/Thiemo/Documents/emb/EmbSysLib-01.04.00/Src/Std/Sequence.h:90:10:BYTE EmbSysLib::Std::Sequence<T>::add(T*) [with T = EmbSysLib::Hw::Timer::Task]	24	static
C:\ST\STM32CubeIDE_1.15.1\STM32CubeIDE\plugins\com.st.stm32cube.ide.mcu.externaltools.gnu-tools-for-stm32.12.3.rel1.win32_1.0.100.202403111256\tools\bin/../lib/gcc/arm-none-eabi/12.3.1/../../../../arm-none-eabi/include/c++/12.3.1/bits/move.h:77:5:constexpr _Tp&& std::forward(typename remove_reference<_Tp>::type&) [with _Tp = const char&]	16	static
C:\ST\STM32CubeIDE_1.15.1\STM32CubeIDE\plugins\com.st.stm32cube.ide.mcu.externaltools.gnu-tools-for-stm32.12.3.rel1.win32_1.0.100.202403111256\tools\arm-none-eabi\include\c++\12.3.1\bits\char_traits.h:121:7:static constexpr bool __gnu_cxx::char_traits<_CharT>::eq(const char_type&, const char_type&) [with _CharT = char]	16	static
C:\ST\STM32CubeIDE_1.15.1\STM32CubeIDE\plugins\com.st.stm32cube.ide.mcu.externaltools.gnu-tools-for-stm32.12.3.rel1.win32_1.0.100.202403111256\tools\arm-none-eabi\include\c++\12.3.1\bits\basic_string.h:233:7:constexpr std::__cxx11::basic_string<_CharT, _Traits, _Alloc>::pointer std::__cxx11::basic_string<_CharT, _Traits, _Alloc>::_M_data() const [with _CharT = char; _Traits = std::char_traits<char>; _Alloc = std::allocator<char>]	16	static
C:\ST\STM32CubeIDE_1.15.1\STM32CubeIDE\plugins\com.st.stm32cube.ide.mcu.externaltools.gnu-tools-for-stm32.12.3.rel1.win32_1.0.100.202403111256\tools\arm-none-eabi\include\c++\12.3.1\bits\basic_string.h:291:7:constexpr void std::__cxx11::basic_string<_CharT, _Traits, _Alloc>::_M_dispose() [with _CharT = char; _Traits = std::char_traits<char>; _Alloc = std::allocator<char>]	16	static
C:\ST\STM32CubeIDE_1.15.1\STM32CubeIDE\plugins\com.st.stm32cube.ide.mcu.externaltools.gnu-tools-for-stm32.12.3.rel1.win32_1.0.100.202403111256\tools\arm-none-eabi\include\c++\12.3.1\bits\basic_string.h:347:7:constexpr std::__cxx11::basic_string<_CharT, _Traits, _Alloc>::allocator_type& std::__cxx11::basic_string<_CharT, _Traits, _Alloc>::_M_get_allocator() [with _CharT = char; _Traits = std::char_traits<char>; _Alloc = std::allocator<char>]	16	static
C:\ST\STM32CubeIDE_1.15.1\STM32CubeIDE\plugins\com.st.stm32cube.ide.mcu.externaltools.gnu-tools-for-stm32.12.3.rel1.win32_1.0.100.202403111256\tools\arm-none-eabi\include\c++\12.3.1\bits\basic_string.h:273:7:constexpr bool std::__cxx11::basic_string<_CharT, _Traits, _Alloc>::_M_is_local() const [with _CharT = char; _Traits = std::char_traits<char>; _Alloc = std::allocator<char>]	24	static
C:\ST\STM32CubeIDE_1.15.1\STM32CubeIDE\plugins\com.st.stm32cube.ide.mcu.externaltools.gnu-tools-for-stm32.12.3.rel1.win32_1.0.100.202403111256\tools\arm-none-eabi\include\c++\12.3.1\bits\basic_string.h:223:7:constexpr void std::__cxx11::basic_string<_CharT, _Traits, _Alloc>::_M_data(pointer) [with _CharT = char; _Traits = std::char_traits<char>; _Alloc = std::allocator<char>]	16	static
C:\ST\STM32CubeIDE_1.15.1\STM32CubeIDE\plugins\com.st.stm32cube.ide.mcu.externaltools.gnu-tools-for-stm32.12.3.rel1.win32_1.0.100.202403111256\tools\arm-none-eabi\include\c++\12.3.1\bits\basic_string.h:260:7:constexpr void std::__cxx11::basic_string<_CharT, _Traits, _Alloc>::_M_capacity(size_type) [with _CharT = char; _Traits = std::char_traits<char>; _Alloc = std::allocator<char>]	16	static
C:\ST\STM32CubeIDE_1.15.1\STM32CubeIDE\plugins\com.st.stm32cube.ide.mcu.externaltools.gnu-tools-for-stm32.12.3.rel1.win32_1.0.100.202403111256\tools\arm-none-eabi\include\c++\12.3.1\bits\basic_string.h:228:7:constexpr void std::__cxx11::basic_string<_CharT, _Traits, _Alloc>::_M_length(size_type) [with _CharT = char; _Traits = std::char_traits<char>; _Alloc = std::allocator<char>]	16	static
C:\ST\STM32CubeIDE_1.15.1\STM32CubeIDE\plugins\com.st.stm32cube.ide.mcu.externaltools.gnu-tools-for-stm32.12.3.rel1.win32_1.0.100.202403111256\tools\arm-none-eabi\include\c++\12.3.1\bits\basic_string.h:265:7:constexpr void std::__cxx11::basic_string<_CharT, _Traits, _Alloc>::_M_set_length(size_type) [with _CharT = char; _Traits = std::char_traits<char>; _Alloc = std::allocator<char>]	24	static
C:\ST\STM32CubeIDE_1.15.1\STM32CubeIDE\plugins\com.st.stm32cube.ide.mcu.externaltools.gnu-tools-for-stm32.12.3.rel1.win32_1.0.100.202403111256\tools\arm-none-eabi\include\c++\12.3.1\bits\basic_string.h:1140:7:constexpr std::__cxx11::basic_string<_CharT, _Traits, _Alloc>::size_type std::__cxx11::basic_string<_CharT, _Traits, _Alloc>::capacity() const [with _CharT = char; _Traits = std::char_traits<char>; _Alloc = std::allocator<char>]	16	static
C:\ST\STM32CubeIDE_1.15.1\STM32CubeIDE\plugins\com.st.stm32cube.ide.mcu.externaltools.gnu-tools-for-stm32.12.3.rel1.win32_1.0.100.202403111256\tools\arm-none-eabi\include\c++\12.3.1\bits\stl_iterator_base_funcs.h:147:5:constexpr typename std::iterator_traits< <template-parameter-1-1> >::difference_type std::distance(_InputIterator, _InputIterator) [with _InputIterator = const char*]	24	static
C:\ST\STM32CubeIDE_1.15.1\STM32CubeIDE\plugins\com.st.stm32cube.ide.mcu.externaltools.gnu-tools-for-stm32.12.3.rel1.win32_1.0.100.202403111256\tools\arm-none-eabi\include\c++\12.3.1\bits\basic_string.tcc:134:5:constexpr std::__cxx11::basic_string<_CharT, _Traits, _Alloc>::pointer std::__cxx11::basic_string<_CharT, _Traits, _Alloc>::_M_create(size_type&, size_type) [with _CharT = char; _Traits = std::char_traits<char>; _Alloc = std::allocator<char>]	32	static
C:\ST\STM32CubeIDE_1.15.1\STM32CubeIDE\plugins\com.st.stm32cube.ide.mcu.externaltools.gnu-tools-for-stm32.12.3.rel1.win32_1.0.100.202403111256\tools\arm-none-eabi\include\c++\12.3.1\bits\basic_string.h:483:7:static constexpr void std::__cxx11::basic_string<_CharT, _Traits, _Alloc>::_S_copy_chars(_CharT*, const _CharT*, const _CharT*) [with _CharT = char; _Traits = std::char_traits<char>; _Alloc = std::allocator<char>]	24	static
C:\ST\STM32CubeIDE_1.15.1\STM32CubeIDE\plugins\com.st.stm32cube.ide.mcu.externaltools.gnu-tools-for-stm32.12.3.rel1.win32_1.0.100.202403111256\tools\arm-none-eabi\include\c++\12.3.1\bits\basic_string.h:1652:7:constexpr std::__cxx11::basic_string<_CharT, _Traits, _Alloc>& std::__cxx11::basic_string<_CharT, _Traits, _Alloc>::assign(const _CharT*) [with _CharT = char; _Traits = std::char_traits<char>; _Alloc = std::allocator<char>]	32	static
C:\ST\STM32CubeIDE_1.15.1\STM32CubeIDE\plugins\com.st.stm32cube.ide.mcu.externaltools.gnu-tools-for-stm32.12.3.rel1.win32_1.0.100.202403111256\tools\arm-none-eabi\include\c++\12.3.1\bits\basic_string.h:299:7:constexpr void std::__cxx11::basic_string<_CharT, _Traits, _Alloc>::_M_destroy(size_type) [with _CharT = char; _Traits = std::char_traits<char>; _Alloc = std::allocator<char>]	24	static
C:\ST\STM32CubeIDE_1.15.1\STM32CubeIDE\plugins\com.st.stm32cube.ide.mcu.externaltools.gnu-tools-for-stm32.12.3.rel1.win32_1.0.100.202403111256\tools\arm-none-eabi\include\c++\12.3.1\bits\basic_string.h:249:7:constexpr std::__cxx11::basic_string<_CharT, _Traits, _Alloc>::const_pointer std::__cxx11::basic_string<_CharT, _Traits, _Alloc>::_M_local_data() const [with _CharT = char; _Traits = std::char_traits<char>; _Alloc = std::allocator<char>]	16	static
C:\ST\STM32CubeIDE_1.15.1\STM32CubeIDE\plugins\com.st.stm32cube.ide.mcu.externaltools.gnu-tools-for-stm32.12.3.rel1.win32_1.0.100.202403111256\tools\arm-none-eabi\include\c++\12.3.1\bits\basic_string.h:352:7:constexpr const std::__cxx11::basic_string<_CharT, _Traits, _Alloc>::allocator_type& std::__cxx11::basic_string<_CharT, _Traits, _Alloc>::_M_get_allocator() const [with _CharT = char; _Traits = std::char_traits<char>; _Alloc = std::allocator<char>]	16	static
C:\ST\STM32CubeIDE_1.15.1\STM32CubeIDE\plugins\com.st.stm32cube.ide.mcu.externaltools.gnu-tools-for-stm32.12.3.rel1.win32_1.0.100.202403111256\tools\arm-none-eabi\include\c++\12.3.1\bits\basic_string.h:398:7:constexpr void std::__cxx11::basic_string<_CharT, _Traits, _Alloc>::_M_check_length(size_type, size_type, const char*) const [with _CharT = char; _Traits = std::char_traits<char>; _Alloc = std::allocator<char>]	32	static
C:\ST\STM32CubeIDE_1.15.1\STM32CubeIDE\plugins\com.st.stm32cube.ide.mcu.externaltools.gnu-tools-for-stm32.12.3.rel1.win32_1.0.100.202403111256\tools\arm-none-eabi\include\c++\12.3.1\bits\stl_iterator_base_types.h:238:5:constexpr typename std::iterator_traits< <template-parameter-1-1> >::iterator_category std::__iterator_category(const _Iter&) [with _Iter = const char*]	16	static
C:\ST\STM32CubeIDE_1.15.1\STM32CubeIDE\plugins\com.st.stm32cube.ide.mcu.externaltools.gnu-tools-for-stm32.12.3.rel1.win32_1.0.100.202403111256\tools\arm-none-eabi\include\c++\12.3.1\bits\stl_iterator_base_funcs.h:99:5:constexpr typename std::iterator_traits< <template-parameter-1-1> >::difference_type std::__distance(_RandomAccessIterator, _RandomAccessIterator, random_access_iterator_tag) [with _RandomAccessIterator = const char*]	24	static
C:\ST\STM32CubeIDE_1.15.1\STM32CubeIDE\plugins\com.st.stm32cube.ide.mcu.externaltools.gnu-tools-for-stm32.12.3.rel1.win32_1.0.100.202403111256\tools\arm-none-eabi\include\c++\12.3.1\bits\basic_string.h:1084:7:constexpr std::__cxx11::basic_string<_CharT, _Traits, _Alloc>::size_type std::__cxx11::basic_string<_CharT, _Traits, _Alloc>::max_size() const [with _CharT = char; _Traits = std::char_traits<char>; _Alloc = std::allocator<char>]	16	static
C:\ST\STM32CubeIDE_1.15.1\STM32CubeIDE\plugins\com.st.stm32cube.ide.mcu.externaltools.gnu-tools-for-stm32.12.3.rel1.win32_1.0.100.202403111256\tools\arm-none-eabi\include\c++\12.3.1\bits\alloc_traits.h:463:7:static constexpr _Tp* std::allocator_traits<std::allocator<_CharT> >::allocate(allocator_type&, size_type) [with _Tp = char]	24	static
C:\ST\STM32CubeIDE_1.15.1\STM32CubeIDE\plugins\com.st.stm32cube.ide.mcu.externaltools.gnu-tools-for-stm32.12.3.rel1.win32_1.0.100.202403111256\tools\arm-none-eabi\include\c++\12.3.1\bits\basic_string.h:426:7:static constexpr void std::__cxx11::basic_string<_CharT, _Traits, _Alloc>::_S_copy(_CharT*, const _CharT*, size_type) [with _CharT = char; _Traits = std::char_traits<char>; _Alloc = std::allocator<char>]	24	static
C:\ST\STM32CubeIDE_1.15.1\STM32CubeIDE\plugins\com.st.stm32cube.ide.mcu.externaltools.gnu-tools-for-stm32.12.3.rel1.win32_1.0.100.202403111256\tools\arm-none-eabi\include\c++\12.3.1\bits\basic_string.tcc:476:5:constexpr std::__cxx11::basic_string<_CharT, _Traits, _Allocator>& std::__cxx11::basic_string<_CharT, _Traits, _Alloc>::_M_replace(size_type, size_type, const _CharT*, size_type) [with _CharT = char; _Traits = std::char_traits<char>; _Alloc = std::allocator<char>]	72	static
C:\ST\STM32CubeIDE_1.15.1\STM32CubeIDE\plugins\com.st.stm32cube.ide.mcu.externaltools.gnu-tools-for-stm32.12.3.rel1.win32_1.0.100.202403111256\tools\arm-none-eabi\include\c++\12.3.1\bits\alloc_traits.h:495:7:static constexpr void std::allocator_traits<std::allocator<_CharT> >::deallocate(allocator_type&, pointer, size_type) [with _Tp = char]	40	static
C:\ST\STM32CubeIDE_1.15.1\STM32CubeIDE\plugins\com.st.stm32cube.ide.mcu.externaltools.gnu-tools-for-stm32.12.3.rel1.win32_1.0.100.202403111256\tools\bin/../lib/gcc/arm-none-eabi/12.3.1/../../../../arm-none-eabi/include/c++/12.3.1/bits/ptr_traits.h:135:7:static constexpr _Tp* std::__ptr_traits_ptr_to<_Tp*, _Tp, false>::pointer_to(element_type&) [with _Tp = const char]	16	static
C:\ST\STM32CubeIDE_1.15.1\STM32CubeIDE\plugins\com.st.stm32cube.ide.mcu.externaltools.gnu-tools-for-stm32.12.3.rel1.win32_1.0.100.202403111256\tools\arm-none-eabi\include\c++\12.3.1\bits\basic_string.tcc:321:5:constexpr void std::__cxx11::basic_string<_CharT, _Traits, _Alloc>::_M_mutate(size_type, size_type, const _CharT*, size_type) [with _CharT = char; _Traits = std::char_traits<char>; _Alloc = std::allocator<char>]	48	static
C:\ST\STM32CubeIDE_1.15.1\STM32CubeIDE\plugins\com.st.stm32cube.ide.mcu.externaltools.gnu-tools-for-stm32.12.3.rel1.win32_1.0.100.202403111256\tools\arm-none-eabi\include\c++\12.3.1\bits\alloc_traits.h:547:7:static constexpr std::allocator_traits<std::allocator<_CharT> >::size_type std::allocator_traits<std::allocator<_CharT> >::max_size(const allocator_type&) [with _Tp = char]	16	static
C:\ST\STM32CubeIDE_1.15.1\STM32CubeIDE\plugins\com.st.stm32cube.ide.mcu.externaltools.gnu-tools-for-stm32.12.3.rel1.win32_1.0.100.202403111256\tools\arm-none-eabi\include\c++\12.3.1\bits\basic_string.h:416:7:bool std::__cxx11::basic_string<_CharT, _Traits, _Alloc>::_M_disjunct(const _CharT*) const [with _CharT = char; _Traits = std::char_traits<char>; _Alloc = std::allocator<char>]	32	static
C:\ST\STM32CubeIDE_1.15.1\STM32CubeIDE\plugins\com.st.stm32cube.ide.mcu.externaltools.gnu-tools-for-stm32.12.3.rel1.win32_1.0.100.202403111256\tools\arm-none-eabi\include\c++\12.3.1\bits\basic_string.h:436:7:static constexpr void std::__cxx11::basic_string<_CharT, _Traits, _Alloc>::_S_move(_CharT*, const _CharT*, size_type) [with _CharT = char; _Traits = std::char_traits<char>; _Alloc = std::allocator<char>]	24	static
C:\ST\STM32CubeIDE_1.15.1\STM32CubeIDE\plugins\com.st.stm32cube.ide.mcu.externaltools.gnu-tools-for-stm32.12.3.rel1.win32_1.0.100.202403111256\tools\bin/../lib/gcc/arm-none-eabi/12.3.1/../../../../arm-none-eabi/include/c++/12.3.1/bits/move.h:145:5:constexpr _Tp* std::addressof(_Tp&) [with _Tp = const char]	16	static
C:\ST\STM32CubeIDE_1.15.1\STM32CubeIDE\plugins\com.st.stm32cube.ide.mcu.externaltools.gnu-tools-for-stm32.12.3.rel1.win32_1.0.100.202403111256\tools\arm-none-eabi\include\c++\12.3.1\bits\new_allocator.h:112:7:_Tp* std::__new_allocator<_Tp>::allocate(size_type, const void*) [with _Tp = char]	24	static
C:\ST\STM32CubeIDE_1.15.1\STM32CubeIDE\plugins\com.st.stm32cube.ide.mcu.externaltools.gnu-tools-for-stm32.12.3.rel1.win32_1.0.100.202403111256\tools\arm-none-eabi\include\c++\12.3.1\bits\new_allocator.h:142:7:void std::__new_allocator<_Tp>::deallocate(_Tp*, size_type) [with _Tp = char]	24	static
C:\ST\STM32CubeIDE_1.15.1\STM32CubeIDE\plugins\com.st.stm32cube.ide.mcu.externaltools.gnu-tools-for-stm32.12.3.rel1.win32_1.0.100.202403111256\tools\arm-none-eabi\include\c++\12.3.1\bits\stl_function.h:451:7:constexpr bool std::less<_Tp*>::operator()(_Tp*, _Tp*) const [with _Tp = const char]	24	static
C:\ST\STM32CubeIDE_1.15.1\STM32CubeIDE\plugins\com.st.stm32cube.ide.mcu.externaltools.gnu-tools-for-stm32.12.3.rel1.win32_1.0.100.202403111256\tools\bin/../lib/gcc/arm-none-eabi/12.3.1/../../../../arm-none-eabi/include/c++/12.3.1/bits/move.h:49:5:constexpr _Tp* std::__addressof(_Tp&) [with _Tp = const char]	16	static
C:\ST\STM32CubeIDE_1.15.1\STM32CubeIDE\plugins\com.st.stm32cube.ide.mcu.externaltools.gnu-tools-for-stm32.12.3.rel1.win32_1.0.100.202403111256\tools\arm-none-eabi\include\c++\12.3.1\bits\new_allocator.h:210:7:constexpr std::__new_allocator<_Tp>::size_type std::__new_allocator<_Tp>::_M_max_size() const [with _Tp = char]	16	static
../../../../Src/Board/STM32L100-Discovery/ReportHandler.h:11:7:myReportHandler::~myReportHandler()	16	static
C:/Users/Thiemo/Documents/emb/CPP-Sortierer/Src/main.cpp:229:1:void __static_initialization_and_destruction_0(int, int)	24	static
C:/Users/Thiemo/Documents/emb/CPP-Sortierer/Src/main.cpp:229:1:cpp)	8	static
C:/Users/Thiemo/Documents/emb/CPP-Sortierer/Src/main.cpp:229:1:cpp)	8	static
