C:/Users/Thiemo/Documents/emb/EmbSysLib-01.04.00/Src/Device/Digital/Digital.h:120:18:virtual void EmbSysLib::Dev::Digital::toggle()	16	static
C:/Users/Thiemo/Documents/emb/EmbSysLib-01.04.00/Src/Device/Digital/Digital.h:138:19:virtual EmbSysLib::Dev::Digital::Event EmbSysLib::Dev::Digital::getEvent()	24	static
C:/Users/Thiemo/Documents/emb/CPP-Sortierer/Src/pressureControl.h:32:6:int myPressureControl::getPressure()	16	static
C:/Users/Thiemo/Documents/emb/CPP-Sortierer/Src/bandCounter.h:26:7:void myBandCounter::setCounter(int)	16	static
C:/Users/Thiemo/Documents/emb/CPP-Sortierer/Src/bandCounter.h:30:6:int myBandCounter::getCounter()	16	static
C:/Users/Thiemo/Documents/emb/CPP-Sortierer/Src/state.h:22:15:virtual void State::display()	24	static
C:/Users/Thiemo/Documents/emb/CPP-Sortierer/Src/timerTask.h:16:7:void myTimerTask::delay(uint32_t)	24	static
C:/Users/Thiemo/Documents/emb/CPP-Sortierer/Src/state.cpp:54:5:virtual int Manual::satisfied()	16	static
C:/Users/Thiemo/Documents/emb/CPP-Sortierer/Src/state.cpp:77:6:virtual void Manual::transition(int)	16	static
C:/Users/Thiemo/Documents/emb/CPP-Sortierer/Src/state.cpp:86:6:virtual void Manual::display()	32	static
C:/Users/Thiemo/Documents/emb/CPP-Sortierer/Src/state.cpp:104:5:virtual int StapelDetect::satisfied()	16	static
C:/Users/Thiemo/Documents/emb/CPP-Sortierer/Src/state.cpp:114:6:virtual void StapelDetect::transition(int)	16	static
C:/Users/Thiemo/Documents/emb/CPP-Sortierer/Src/state.cpp:130:6:virtual void StapelDetect::display()	16	static
C:/Users/Thiemo/Documents/emb/CPP-Sortierer/Src/state.cpp:137:5:virtual int CLRDetect::satisfied()	24	static
C:/Users/Thiemo/Documents/emb/CPP-Sortierer/Src/state.cpp:152:6:virtual void CLRDetect::transition(int)	16	static
C:/Users/Thiemo/Documents/emb/CPP-Sortierer/Src/state.cpp:157:6:virtual void CLRDetect::display()	16	static
C:/Users/Thiemo/Documents/emb/CPP-Sortierer/Src/state.cpp:164:5:virtual int Red::satisfied()	16	static
C:/Users/Thiemo/Documents/emb/CPP-Sortierer/Src/state.cpp:172:6:virtual void Red::transition(int)	16	static
C:/Users/Thiemo/Documents/emb/CPP-Sortierer/Src/state.cpp:179:6:virtual void Red::display()	16	static
C:/Users/Thiemo/Documents/emb/CPP-Sortierer/Src/state.cpp:186:5:virtual int White::satisfied()	16	static
C:/Users/Thiemo/Documents/emb/CPP-Sortierer/Src/state.cpp:194:6:virtual void White::transition(int)	16	static
C:/Users/Thiemo/Documents/emb/CPP-Sortierer/Src/state.cpp:197:6:virtual void White::display()	16	static
C:/Users/Thiemo/Documents/emb/CPP-Sortierer/Src/state.cpp:204:5:virtual int Blue::satisfied()	16	static
C:/Users/Thiemo/Documents/emb/CPP-Sortierer/Src/state.cpp:212:6:virtual void Blue::transition(int)	16	static
C:/Users/Thiemo/Documents/emb/CPP-Sortierer/Src/state.cpp:221:6:virtual void Blue::display()	16	static
C:/Users/Thiemo/Documents/emb/CPP-Sortierer/Src/state.cpp:228:5:virtual int BluePass::satisfied()	16	static
C:/Users/Thiemo/Documents/emb/CPP-Sortierer/Src/state.cpp:236:6:virtual void BluePass::transition(int)	16	static
C:/Users/Thiemo/Documents/emb/CPP-Sortierer/Src/state.cpp:239:6:virtual void BluePass::display()	16	static
C:/Users/Thiemo/Documents/emb/CPP-Sortierer/Src/state.cpp:246:5:virtual int Error::satisfied()	16	static
C:/Users/Thiemo/Documents/emb/CPP-Sortierer/Src/state.cpp:254:6:virtual void Error::transition(int)	16	static
C:/Users/Thiemo/Documents/emb/CPP-Sortierer/Src/state.cpp:258:6:virtual void Error::display()	16	static
C:/Users/Thiemo/Documents/emb/CPP-Sortierer/Src/state.cpp:265:5:virtual int Finish::satisfied()	16	static
C:/Users/Thiemo/Documents/emb/CPP-Sortierer/Src/state.cpp:269:6:virtual void Finish::transition(int)	16	static
C:/Users/Thiemo/Documents/emb/CPP-Sortierer/Src/state.cpp:276:6:virtual void Finish::display()	16	static
