C:/Users/Thiemo/Documents/emb/EmbSysLib-01.04.00/Src/Device/Digital/Digital.h:120:18:virtual void EmbSysLib::Dev::Digital::toggle()	16	static
C:/Users/Thiemo/Documents/emb/EmbSysLib-01.04.00/Src/Device/Digital/Digital.h:138:19:virtual EmbSysLib::Dev::Digital::Event EmbSysLib::Dev::Digital::getEvent()	24	static
C:/Users/Thiemo/Documents/emb/CPP-Sortierer/Src/pressureControl.h:32:6:int myPressureControl::getPressure()	16	static
C:/Users/Thiemo/Documents/emb/CPP-Sortierer/Src/bandCounter.h:26:7:void myBandCounter::setCounter(int)	16	static
C:/Users/Thiemo/Documents/emb/CPP-Sortierer/Src/bandCounter.h:30:6:int myBandCounter::getCounter()	16	static
C:/Users/Thiemo/Documents/emb/CPP-Sortierer/Src/state.h:44:15:virtual void State::display()	24	static
C:/Users/Thiemo/Documents/emb/CPP-Sortierer/Src/timerTask.h:18:7:void myTimerTask::delay(uint32_t)	24	static
C:/Users/Thiemo/Documents/emb/CPP-Sortierer/Src/state.cpp:42:6:void State::countRed()	16	static
C:/Users/Thiemo/Documents/emb/CPP-Sortierer/Src/state.cpp:46:6:void State::countWhite()	16	static
C:/Users/Thiemo/Documents/emb/CPP-Sortierer/Src/state.cpp:50:6:void State::countBlue()	16	static
C:/Users/Thiemo/Documents/emb/CPP-Sortierer/Src/state.cpp:54:6:void State::countError()	16	static
C:/Users/Thiemo/Documents/emb/CPP-Sortierer/Src/state.cpp:60:5:virtual int Manual::satisfied()	16	static
C:/Users/Thiemo/Documents/emb/CPP-Sortierer/Src/state.cpp:95:6:virtual void Manual::transition(int)	16	static
C:/Users/Thiemo/Documents/emb/CPP-Sortierer/Src/state.cpp:104:6:virtual void Manual::display()	32	static
C:/Users/Thiemo/Documents/emb/CPP-Sortierer/Src/state.cpp:124:5:virtual int StapelDetect::satisfied()	16	static
C:/Users/Thiemo/Documents/emb/CPP-Sortierer/Src/state.cpp:134:6:virtual void StapelDetect::transition(int)	16	static
C:/Users/Thiemo/Documents/emb/CPP-Sortierer/Src/state.cpp:154:6:virtual void StapelDetect::display()	16	static
C:/Users/Thiemo/Documents/emb/CPP-Sortierer/Src/state.cpp:162:5:virtual int CLRDetect::satisfied()	24	static
C:/Users/Thiemo/Documents/emb/CPP-Sortierer/Src/state.cpp:175:6:virtual void CLRDetect::transition(int)	16	static
C:/Users/Thiemo/Documents/emb/CPP-Sortierer/Src/state.cpp:180:6:virtual void CLRDetect::display()	16	static
C:/Users/Thiemo/Documents/emb/CPP-Sortierer/Src/state.cpp:188:5:virtual int Red::satisfied()	16	static
C:/Users/Thiemo/Documents/emb/CPP-Sortierer/Src/state.cpp:196:6:virtual void Red::transition(int)	16	static
C:/Users/Thiemo/Documents/emb/CPP-Sortierer/Src/state.cpp:204:6:virtual void Red::display()	16	static
C:/Users/Thiemo/Documents/emb/CPP-Sortierer/Src/state.cpp:212:5:virtual int White::satisfied()	16	static
C:/Users/Thiemo/Documents/emb/CPP-Sortierer/Src/state.cpp:220:6:virtual void White::transition(int)	16	static
C:/Users/Thiemo/Documents/emb/CPP-Sortierer/Src/state.cpp:224:6:virtual void White::display()	16	static
C:/Users/Thiemo/Documents/emb/CPP-Sortierer/Src/state.cpp:232:5:virtual int Blue::satisfied()	16	static
C:/Users/Thiemo/Documents/emb/CPP-Sortierer/Src/state.cpp:240:6:virtual void Blue::transition(int)	16	static
C:/Users/Thiemo/Documents/emb/CPP-Sortierer/Src/state.cpp:249:6:virtual void Blue::display()	16	static
C:/Users/Thiemo/Documents/emb/CPP-Sortierer/Src/state.cpp:257:5:virtual int BluePass::satisfied()	16	static
C:/Users/Thiemo/Documents/emb/CPP-Sortierer/Src/state.cpp:265:6:virtual void BluePass::transition(int)	16	static
C:/Users/Thiemo/Documents/emb/CPP-Sortierer/Src/state.cpp:269:6:virtual void BluePass::display()	16	static
C:/Users/Thiemo/Documents/emb/CPP-Sortierer/Src/state.cpp:277:5:virtual int Error::satisfied()	16	static
C:/Users/Thiemo/Documents/emb/CPP-Sortierer/Src/state.cpp:285:6:virtual void Error::transition(int)	16	static
C:/Users/Thiemo/Documents/emb/CPP-Sortierer/Src/state.cpp:289:6:virtual void Error::display()	16	static
C:/Users/Thiemo/Documents/emb/CPP-Sortierer/Src/state.cpp:297:5:virtual int Finish::satisfied()	16	static
C:/Users/Thiemo/Documents/emb/CPP-Sortierer/Src/state.cpp:301:6:virtual void Finish::transition(int)	16	static
C:/Users/Thiemo/Documents/emb/CPP-Sortierer/Src/state.cpp:308:6:virtual void Finish::display()	16	static
