Archive member included to satisfy reference by file (symbol)

C:/ST/STM32CubeIDE_1.15.1/STM32CubeIDE/plugins/com.st.stm32cube.ide.mcu.externaltools.gnu-tools-for-stm32.12.3.rel1.win32_1.0.100.202403111256/tools/bin/../lib/gcc/arm-none-eabi/12.3.1/../../../../arm-none-eabi/lib/thumb/v7-m/nofp\libstdc++_nano.a(del_ops.o)
                              ./Src/lib.o (operator delete(void*, unsigned int))
C:/ST/STM32CubeIDE_1.15.1/STM32CubeIDE/plugins/com.st.stm32cube.ide.mcu.externaltools.gnu-tools-for-stm32.12.3.rel1.win32_1.0.100.202403111256/tools/bin/../lib/gcc/arm-none-eabi/12.3.1/../../../../arm-none-eabi/lib/thumb/v7-m/nofp\libstdc++_nano.a(new_op.o)
                              ./Src/lib.o (operator new(unsigned int))
C:/ST/STM32CubeIDE_1.15.1/STM32CubeIDE/plugins/com.st.stm32cube.ide.mcu.externaltools.gnu-tools-for-stm32.12.3.rel1.win32_1.0.100.202403111256/tools/bin/../lib/gcc/arm-none-eabi/12.3.1/../../../../arm-none-eabi/lib/thumb/v7-m/nofp\libstdc++_nano.a(new_opv.o)
                              ./Src/lib.o (operator new[](unsigned int))
C:/ST/STM32CubeIDE_1.15.1/STM32CubeIDE/plugins/com.st.stm32cube.ide.mcu.externaltools.gnu-tools-for-stm32.12.3.rel1.win32_1.0.100.202403111256/tools/bin/../lib/gcc/arm-none-eabi/12.3.1/../../../../arm-none-eabi/lib/thumb/v7-m/nofp\libstdc++_nano.a(del_op.o)
                              C:/ST/STM32CubeIDE_1.15.1/STM32CubeIDE/plugins/com.st.stm32cube.ide.mcu.externaltools.gnu-tools-for-stm32.12.3.rel1.win32_1.0.100.202403111256/tools/bin/../lib/gcc/arm-none-eabi/12.3.1/../../../../arm-none-eabi/lib/thumb/v7-m/nofp\libstdc++_nano.a(del_ops.o) (operator delete(void*))
C:/ST/STM32CubeIDE_1.15.1/STM32CubeIDE/plugins/com.st.stm32cube.ide.mcu.externaltools.gnu-tools-for-stm32.12.3.rel1.win32_1.0.100.202403111256/tools/bin/../lib/gcc/arm-none-eabi/12.3.1/../../../../arm-none-eabi/lib/thumb/v7-m/nofp\libstdc++_nano.a(new_handler.o)
                              C:/ST/STM32CubeIDE_1.15.1/STM32CubeIDE/plugins/com.st.stm32cube.ide.mcu.externaltools.gnu-tools-for-stm32.12.3.rel1.win32_1.0.100.202403111256/tools/bin/../lib/gcc/arm-none-eabi/12.3.1/../../../../arm-none-eabi/lib/thumb/v7-m/nofp\libstdc++_nano.a(new_op.o) (std::get_new_handler())
C:/ST/STM32CubeIDE_1.15.1/STM32CubeIDE/plugins/com.st.stm32cube.ide.mcu.externaltools.gnu-tools-for-stm32.12.3.rel1.win32_1.0.100.202403111256/tools/bin/../lib/gcc/arm-none-eabi/12.3.1/../../../../arm-none-eabi/lib/thumb/v7-m/nofp\libc_nano.a(libc_a-abort.o)
                              ./Src/lib.o (abort)
C:/ST/STM32CubeIDE_1.15.1/STM32CubeIDE/plugins/com.st.stm32cube.ide.mcu.externaltools.gnu-tools-for-stm32.12.3.rel1.win32_1.0.100.202403111256/tools/bin/../lib/gcc/arm-none-eabi/12.3.1/../../../../arm-none-eabi/lib/thumb/v7-m/nofp\libc_nano.a(libc_a-exit.o)
                              C:/ST/STM32CubeIDE_1.15.1/STM32CubeIDE/plugins/com.st.stm32cube.ide.mcu.externaltools.gnu-tools-for-stm32.12.3.rel1.win32_1.0.100.202403111256/tools/bin/../lib/gcc/arm-none-eabi/12.3.1/../../../../arm-none-eabi/lib/thumb/v7-m/nofp/crt0.o (exit)
C:/ST/STM32CubeIDE_1.15.1/STM32CubeIDE/plugins/com.st.stm32cube.ide.mcu.externaltools.gnu-tools-for-stm32.12.3.rel1.win32_1.0.100.202403111256/tools/bin/../lib/gcc/arm-none-eabi/12.3.1/../../../../arm-none-eabi/lib/thumb/v7-m/nofp\libc_nano.a(libc_a-malloc.o)
                              C:/ST/STM32CubeIDE_1.15.1/STM32CubeIDE/plugins/com.st.stm32cube.ide.mcu.externaltools.gnu-tools-for-stm32.12.3.rel1.win32_1.0.100.202403111256/tools/bin/../lib/gcc/arm-none-eabi/12.3.1/../../../../arm-none-eabi/lib/thumb/v7-m/nofp\libstdc++_nano.a(new_op.o) (malloc)
C:/ST/STM32CubeIDE_1.15.1/STM32CubeIDE/plugins/com.st.stm32cube.ide.mcu.externaltools.gnu-tools-for-stm32.12.3.rel1.win32_1.0.100.202403111256/tools/bin/../lib/gcc/arm-none-eabi/12.3.1/../../../../arm-none-eabi/lib/thumb/v7-m/nofp\libc_nano.a(libc_a-mallocr.o)
                              C:/ST/STM32CubeIDE_1.15.1/STM32CubeIDE/plugins/com.st.stm32cube.ide.mcu.externaltools.gnu-tools-for-stm32.12.3.rel1.win32_1.0.100.202403111256/tools/bin/../lib/gcc/arm-none-eabi/12.3.1/../../../../arm-none-eabi/lib/thumb/v7-m/nofp\libc_nano.a(libc_a-malloc.o) (_malloc_r)
C:/ST/STM32CubeIDE_1.15.1/STM32CubeIDE/plugins/com.st.stm32cube.ide.mcu.externaltools.gnu-tools-for-stm32.12.3.rel1.win32_1.0.100.202403111256/tools/bin/../lib/gcc/arm-none-eabi/12.3.1/../../../../arm-none-eabi/lib/thumb/v7-m/nofp\libc_nano.a(libc_a-mlock.o)
                              C:/ST/STM32CubeIDE_1.15.1/STM32CubeIDE/plugins/com.st.stm32cube.ide.mcu.externaltools.gnu-tools-for-stm32.12.3.rel1.win32_1.0.100.202403111256/tools/bin/../lib/gcc/arm-none-eabi/12.3.1/../../../../arm-none-eabi/lib/thumb/v7-m/nofp\libc_nano.a(libc_a-mallocr.o) (__malloc_lock)
C:/ST/STM32CubeIDE_1.15.1/STM32CubeIDE/plugins/com.st.stm32cube.ide.mcu.externaltools.gnu-tools-for-stm32.12.3.rel1.win32_1.0.100.202403111256/tools/bin/../lib/gcc/arm-none-eabi/12.3.1/../../../../arm-none-eabi/lib/thumb/v7-m/nofp\libc_nano.a(libc_a-findfp.o)
[...]
Memory Configuration

Name             Origin             Length             Attributes
RAM              0x20000000         0x00004000         xrw
FLASH            0x08000000         0x00040000         xr
*default*        0x00000000         0xffffffff

Linker script and memory map

LOAD C:/ST/STM32CubeIDE_1.15.1/STM32CubeIDE/plugins/com.st.stm32cube.ide.mcu.externaltools.gnu-tools-for-stm32.12.3.rel1.win32_1.0.100.202403111256/tools/bin/../lib/gcc/arm-none-eabi/12.3.1/thumb/v7-m/nofp/crti.o
LOAD C:/ST/STM32CubeIDE_1.15.1/STM32CubeIDE/plugins/com.st.stm32cube.ide.mcu.externaltools.gnu-tools-for-stm32.12.3.rel1.win32_1.0.100.202403111256/tools/bin/../lib/gcc/arm-none-eabi/12.3.1/thumb/v7-m/nofp/crtbegin.o
LOAD C:/ST/STM32CubeIDE_1.15.1/STM32CubeIDE/plugins/com.st.stm32cube.ide.mcu.externaltools.gnu-tools-for-stm32.12.3.rel1.win32_1.0.100.202403111256/tools/bin/../lib/gcc/arm-none-eabi/12.3.1/../../../../arm-none-eabi/lib/thumb/v7-m/nofp/crt0.o
LOAD ./Src/lib.o
LOAD ./Src/main.o
LOAD ./Src/startup.o
LOAD ./Src/state.o
LOAD ./Src/stateHandler.o
START GROUP
LOAD C:/ST/STM32CubeIDE_1.15.1/STM32CubeIDE/plugins/com.st.stm32cube.ide.mcu.externaltools.gnu-tools-for-stm32.12.3.rel1.win32_1.0.100.202403111256/tools/bin/../lib/gcc/arm-none-eabi/12.3.1/../../../../arm-none-eabi/lib/thumb/v7-m/nofp\libstdc++_nano.a
LOAD C:/ST/STM32CubeIDE_1.15.1/STM32CubeIDE/plugins/com.st.stm32cube.ide.mcu.externaltools.gnu-tools-for-stm32.12.3.rel1.win32_1.0.100.202403111256/tools/bin/../lib/gcc/arm-none-eabi/12.3.1/../../../../arm-none-eabi/lib/thumb/v7-m/nofp\libsupc++_nano.a
END GROUP
LOAD C:/ST/STM32CubeIDE_1.15.1/STM32CubeIDE/plugins/com.st.stm32cube.ide.mcu.externaltools.gnu-tools-for-stm32.12.3.rel1.win32_1.0.100.202403111256/tools/bin/../lib/gcc/arm-none-eabi/12.3.1/../../../../arm-none-eabi/lib/thumb/v7-m/nofp\libstdc++_nano.a
LOAD C:/ST/STM32CubeIDE_1.15.1/STM32CubeIDE/plugins/com.st.stm32cube.ide.mcu.externaltools.gnu-tools-for-stm32.12.3.rel1.win32_1.0.100.202403111256/tools/bin/../lib/gcc/arm-none-eabi/12.3.1/../../../../arm-none-eabi/lib/thumb/v7-m/nofp\libm.a
LOAD C:/ST/STM32CubeIDE_1.15.1/STM32CubeIDE/plugins/com.st.stm32cube.ide.mcu.externaltools.gnu-tools-for-stm32.12.3.rel1.win32_1.0.100.202403111256/tools/bin/../lib/gcc/arm-none-eabi/12.3.1/../../../../arm-none-eabi/lib/thumb/v7-m/nofp\libc_nano.a
START GROUP
LOAD C:/ST/STM32CubeIDE_1.15.1/STM32CubeIDE/plugins/com.st.stm32cube.ide.mcu.externaltools.gnu-tools-for-stm32.12.3.rel1.win32_1.0.100.202403111256/tools/bin/../lib/gcc/arm-none-eabi/12.3.1/thumb/v7-m/nofp\libgcc.a
LOAD C:/ST/STM32CubeIDE_1.15.1/STM32CubeIDE/plugins/com.st.stm32cube.ide.mcu.externaltools.gnu-tools-for-stm32.12.3.rel1.win32_1.0.100.202403111256/tools/bin/../lib/gcc/arm-none-eabi/12.3.1/../../../../arm-none-eabi/lib/thumb/v7-m/nofp\libc_nano.a
END GROUP
START GROUP
LOAD C:/ST/STM32CubeIDE_1.15.1/STM32CubeIDE/plugins/com.st.stm32cube.ide.mcu.externaltools.gnu-tools-for-stm32.12.3.rel1.win32_1.0.100.202403111256/tools/bin/../lib/gcc/arm-none-eabi/12.3.1/thumb/v7-m/nofp\libgcc.a
LOAD C:/ST/STM32CubeIDE_1.15.1/STM32CubeIDE/plugins/com.st.stm32cube.ide.mcu.externaltools.gnu-tools-for-stm32.12.3.rel1.win32_1.0.100.202403111256/tools/bin/../lib/gcc/arm-none-eabi/12.3.1/../../../../arm-none-eabi/lib/thumb/v7-m/nofp\libc_nano.a
LOAD C:/ST/STM32CubeIDE_1.15.1/STM32CubeIDE/plugins/com.st.stm32cube.ide.mcu.externaltools.gnu-tools-for-stm32.12.3.rel1.win32_1.0.100.202403111256/tools/bin/../lib/gcc/arm-none-eabi/12.3.1/../../../../arm-none-eabi/lib/thumb/v7-m/nofp\libnosys.a
END GROUP
START GROUP
LOAD C:/ST/STM32CubeIDE_1.15.1/STM32CubeIDE/plugins/com.st.stm32cube.ide.mcu.externaltools.gnu-tools-for-stm32.12.3.rel1.win32_1.0.100.202403111256/tools/bin/../lib/gcc/arm-none-eabi/12.3.1/thumb/v7-m/nofp\libgcc.a
LOAD C:/ST/STM32CubeIDE_1.15.1/STM32CubeIDE/plugins/com.st.stm32cube.ide.mcu.externaltools.gnu-tools-for-stm32.12.3.rel1.win32_1.0.100.202403111256/tools/bin/../lib/gcc/arm-none-eabi/12.3.1/../../../../arm-none-eabi/lib/thumb/v7-m/nofp\libc_nano.a
LOAD C:/ST/STM32CubeIDE_1.15.1/STM32CubeIDE/plugins/com.st.stm32cube.ide.mcu.externaltools.gnu-tools-for-stm32.12.3.rel1.win32_1.0.100.202403111256/tools/bin/../lib/gcc/arm-none-eabi/12.3.1/../../../../arm-none-eabi/lib/thumb/v7-m/nofp\libnosys.a
END GROUP
LOAD C:/ST/STM32CubeIDE_1.15.1/STM32CubeIDE/plugins/com.st.stm32cube.ide.mcu.externaltools.gnu-tools-for-stm32.12.3.rel1.win32_1.0.100.202403111256/tools/bin/../lib/gcc/arm-none-eabi/12.3.1/thumb/v7-m/nofp/crtend.o
LOAD C:/ST/STM32CubeIDE_1.15.1/STM32CubeIDE/plugins/com.st.stm32cube.ide.mcu.externaltools.gnu-tools-for-stm32.12.3.rel1.win32_1.0.100.202403111256/tools/bin/../lib/gcc/arm-none-eabi/12.3.1/thumb/v7-m/nofp/crtn.o
                0x20004000                        _estack = (ORIGIN (RAM) + LENGTH (RAM))
                0x00000200                        _Min_Heap_Size = 0x200
                0x00000400                        _Min_Stack_Size = 0x400

.isr_vector     0x08000000      0x13c
                0x08000000                        . = ALIGN (0x4)
 *(.isr_vector)
 .isr_vector    0x08000000      0x13c ./Src/startup.o
                0x08000000                g_pfnVectors
                0x0800013c                        . = ALIGN (0x4)

.text           0x08000140     0x62b0
                0x08000140                        . = ALIGN (0x4)
 *(.text)
 .text          0x08000140       0x40 C:/ST/STM32CubeIDE_1.15.1/STM32CubeIDE/plugins/com.st.stm32cube.ide.mcu.externaltools.gnu-tools-for-stm32.12.3.rel1.win32_1.0.100.202403111256/tools/bin/../lib/gcc/arm-none-eabi/12.3.1/thumb/v7-m/nofp/crtbegin.o
 .text          0x08000180       0x30 ./Src/startup.o
                0x08000194                save_context
                0x080001a2                load_context
 .text          0x080001b0       0x10 C:/ST/STM32CubeIDE_1.15.1/STM32CubeIDE/plugins/com.st.stm32cube.ide.mcu.externaltools.gnu-tools-for-stm32.12.3.rel1.win32_1.0.100.202403111256/tools/bin/../lib/gcc/arm-none-eabi/12.3.1/../../../../arm-none-eabi/lib/thumb/v7-m/nofp\libc_nano.a(libc_a-strlen.o)
                0x080001b0                strlen
 .text          0x080001c0      0x378 C:/ST/STM32CubeIDE_1.15.1/STM32CubeIDE/plugins/com.st.stm32cube.ide.mcu.externaltools.gnu-tools-for-stm32.12.3.rel1.win32_1.0.100.202403111256/tools/bin/../lib/gcc/arm-none-eabi/12.3.1/thumb/v7-m/nofp\libgcc.a(_arm_addsubdf3.o)
                0x080001c0                __aeabi_drsub
                0x080001c8                __aeabi_dsub
                0x080001c8                __subdf3
                0x080001cc                __aeabi_dadd
                0x080001cc                __adddf3
                0x08000444                __floatunsidf
                0x08000444                __aeabi_ui2d
                0x08000464                __floatsidf
                0x08000464                __aeabi_i2d
                0x08000488                __aeabi_f2d
                0x08000488                __extendsfdf2
                0x080004cc                __floatundidf
                0x080004cc                __aeabi_ul2d
                0x080004dc                __floatdidf
                0x080004dc                __aeabi_l2d
 .text          0x08000538      0x424 C:/ST/STM32CubeIDE_1.15.1/STM32CubeIDE/plugins/com.st.stm32cube.ide.mcu.externaltools.gnu-tools-for-stm32.12.3.rel1.win32_1.0.100.202403111256/tools/bin/../lib/gcc/arm-none-eabi/12.3.1/thumb/v7-m/nofp\libgcc.a(_arm_muldivdf3.o)
                0x08000538                __aeabi_dmul
                0x08000538                __muldf3
                0x0800078c                __divdf3
                0x0800078c                __aeabi_ddiv
 .text          0x0800095c       0x40 C:/ST/STM32CubeIDE_1.15.1/STM32CubeIDE/plugins/com.st.stm32cube.ide.mcu.externaltools.gnu-tools-for-stm32.12.3.rel1.win32_1.0.100.202403111256/tools/bin/../lib/gcc/arm-none-eabi/12.3.1/thumb/v7-m/nofp\libgcc.a(_arm_fixunsdfsi.o)
                0x0800095c                __aeabi_d2uiz
                0x0800095c                __fixunsdfsi
 .text          0x0800099c      0x21c C:/ST/STM32CubeIDE_1.15.1/STM32CubeIDE/plugins/com.st.stm32cube.ide.mcu.externaltools.gnu-tools-for-stm32.12.3.rel1.win32_1.0.100.202403111256/tools/bin/../lib/gcc/arm-none-eabi/12.3.1/thumb/v7-m/nofp\libgcc.a(_arm_addsubsf3.o)
                0x0800099c                __aeabi_frsub
                0x080009a4                __subsf3
                0x080009a4                __aeabi_fsub
                0x080009a8                __aeabi_fadd
                0x080009a8                __addsf3
                0x08000b08                __aeabi_ui2f
                0x08000b08                __floatunsisf
                0x08000b10                __aeabi_i2f
                0x08000b10                __floatsisf
                0x08000b2c                __aeabi_ul2f
                0x08000b2c                __floatundisf
                0x08000b3c                __aeabi_l2f
                0x08000b3c                __floatdisf
 .text          0x08000bb8      0x2a0 C:/ST/STM32CubeIDE_1.15.1/STM32CubeIDE/plugins/com.st.stm32cube.ide.mcu.externaltools.gnu-tools-for-stm32.12.3.rel1.win32_1.0.100.202403111256/tools/bin/../lib/gcc/arm-none-eabi/12.3.1/thumb/v7-m/nofp\libgcc.a(_arm_muldivsf3.o)
                0x08000bb8                __mulsf3
                0x08000bb8                __aeabi_fmul
                0x08000d20                __aeabi_fdiv
                0x08000d20                __divsf3
 .text          0x08000e58       0xec C:/ST/STM32CubeIDE_1.15.1/STM32CubeIDE/plugins/com.st.stm32cube.ide.mcu.externaltools.gnu-tools-for-stm32.12.3.rel1.win32_1.0.100.202403111256/tools/bin/../lib/gcc/arm-none-eabi/12.3.1/thumb/v7-m/nofp\libgcc.a(_arm_cmpsf2.o)
                0x08000e58                __gesf2
                0x08000e58                __gtsf2
                0x08000e60                __lesf2
                0x08000e60                __ltsf2
                0x08000e68                __nesf2
                0x08000e68                __eqsf2
                0x08000e68                __cmpsf2
                0x08000ec8                __aeabi_cfrcmple
                0x08000ed0                __aeabi_cfcmpeq
                0x08000ed0                __aeabi_cfcmple
                0x08000ee0                __aeabi_fcmpeq
                0x08000ef4                __aeabi_fcmplt
                0x08000f08                __aeabi_fcmple
                0x08000f1c                __aeabi_fcmpge
                0x08000f30                __aeabi_fcmpgt
 .text          0x08000f44       0x40 C:/ST/STM32CubeIDE_1.15.1/STM32CubeIDE/plugins/com.st.stm32cube.ide.mcu.externaltools.gnu-tools-for-stm32.12.3.rel1.win32_1.0.100.202403111256/tools/bin/../lib/gcc/arm-none-eabi/12.3.1/thumb/v7-m/nofp\libgcc.a(_arm_fixunssfsi.o)
                0x08000f44                __fixunssfsi
                0x08000f44                __aeabi_f2uiz
 *(.text*)
 .text.__NVIC_EnableIRQ
                0x08000f84       0x38 ./Src/lib.o
 .text._ZN9EmbSysLib2Hw9SPImaster6Device5startEv
                0x08000fbc       0x1a ./Src/lib.o
                0x08000fbc                EmbSysLib::Hw::SPImaster::Device::start()
 .text._ZN9EmbSysLib2Hw9SPImaster6Device4stopEv
                0x08000fd6       0x1a ./Src/lib.o
                0x08000fd6                EmbSysLib::Hw::SPImaster::Device::stop()
 .text._ZN9EmbSysLib2Hw5Timer4TaskC2Ev
                0x08000ff0       0x28 ./Src/lib.o
                0x08000ff0                EmbSysLib::Hw::Timer::Task::Task()
                0x08000ff0                EmbSysLib::Hw::Timer::Task::Task()
 .text._ZN9EmbSysLib3Dev7Digital3setEv
                0x08001018       0x1e ./Src/lib.o
                0x08001018                EmbSysLib::Dev::Digital::set()
 .text._ZN9EmbSysLib3Dev7Digital3clrEv
                0x08001036       0x1e ./Src/lib.o
                0x08001036                EmbSysLib::Dev::Digital::clr()
 .text._ZN9EmbSysLib3Dev7Digital6toggleEv
                0x08001054       0x28 ./Src/lib.o
                0x08001054                EmbSysLib::Dev::Digital::toggle()
 .text._ZN9EmbSysLib3Dev7Digital8getEventEv
                0x0800107c       0x46 ./Src/lib.o
                0x0800107c                EmbSysLib::Dev::Digital::getEvent()
 .text._ZN9EmbSysLib3Dev7DigitalaSEb
                0x080010c2       0x26 ./Src/lib.o
                0x080010c2                EmbSysLib::Dev::Digital::operator=(bool)
 .text._ZN9EmbSysLib3Dev7DigitalaSERS1_
                0x080010e8       0x32 ./Src/lib.o
                0x080010e8                EmbSysLib::Dev::Digital::operator=(EmbSysLib::Dev::Digital&)
 .text._ZN9EmbSysLib3Dev7DigitalcvbEv
                0x0800111a       0x1e ./Src/lib.o
                0x0800111a                EmbSysLib::Dev::Digital::operator bool()
 .text._ZN9EmbSysLib2Hw6System16disableInterruptEv
                0x08001138       0x2c ./Src/lib.o
                0x08001138                EmbSysLib::Hw::System::disableInterrupt()
 .text._ZN9EmbSysLib2Hw6System15enableInterruptEv
                0x08001164       0x3c ./Src/lib.o
                0x08001164                EmbSysLib::Hw::System::enableInterrupt()
 .text._ZN9EmbSysLib2Hw6System14enableWatchdogEt
                0x080011a0       0x74 ./Src/lib.o
                0x080011a0                EmbSysLib::Hw::System::enableWatchdog(unsigned short)
 .text._ZN9EmbSysLib2Hw6System5resetEv
                0x08001214       0x12 ./Src/lib.o
                0x08001214                EmbSysLib::Hw::System::reset()
 *fill*         0x08001226        0x2 
 .text.SystemInit
                0x08001228      0x168 ./Src/lib.o
                0x08001228                SystemInit
 .text.__cxa_pure_virtual
                0x08001390        0x8 ./Src/lib.o
                0x08001390                __cxa_pure_virtual
 .text._ZN9EmbSysLib2Hw9PinConfig3setEP12GPIO_TypeDefhmh
                0x08001398      0x124 ./Src/lib.o
                0x08001398                EmbSysLib::Hw::PinConfig::set(GPIO_TypeDef*, unsigned char, unsigned long, unsigned char)
 .text._ZN9EmbSysLib2Hw9PinConfig3setENS1_8FunctionEm
                0x080014bc      0x198 ./Src/lib.o
                0x080014bc                EmbSysLib::Hw::PinConfig::set(EmbSysLib::Hw::PinConfig::Function, unsigned long)
 .text._ZN9EmbSysLib2Hw7Adc_McuC2ERNS0_5TimerE
                0x08001654       0xc0 ./Src/lib.o
                0x08001654                EmbSysLib::Hw::Adc_Mcu::Adc_Mcu(EmbSysLib::Hw::Timer&)
                0x08001654                EmbSysLib::Hw::Adc_Mcu::Adc_Mcu(EmbSysLib::Hw::Timer&)
 .text._ZN9EmbSysLib2Hw7Adc_Mcu8configChEhh
                0x08001714      0x114 ./Src/lib.o
                0x08001714                EmbSysLib::Hw::Adc_Mcu::configCh(unsigned char, unsigned char)
 .text._ZN9EmbSysLib2Hw7Adc_Mcu9getResultEv
                0x08001828       0x1c ./Src/lib.o
                0x08001828                EmbSysLib::Hw::Adc_Mcu::getResult()
 .text._ZN9EmbSysLib2Hw7Adc_Mcu7startChEh
                0x08001844       0x30 ./Src/lib.o
                0x08001844                EmbSysLib::Hw::Adc_Mcu::startCh(unsigned char)
 .text.ADC1_IRQHandler
                0x08001874       0x30 ./Src/lib.o
                0x08001874                ADC1_IRQHandler
 .text._ZN9EmbSysLib2Hw8Port_McuC2ENS1_6PortIdE
                0x080018a4      0x128 ./Src/lib.o
                0x080018a4                EmbSysLib::Hw::Port_Mcu::Port_Mcu(EmbSysLib::Hw::Port_Mcu::PortId)
                0x080018a4                EmbSysLib::Hw::Port_Mcu::Port_Mcu(EmbSysLib::Hw::Port_Mcu::PortId)
 .text._ZN9EmbSysLib2Hw8Port_Mcu7setModeEmNS0_4Port4ModeE
                0x080019cc       0x4a ./Src/lib.o
                0x080019cc                EmbSysLib::Hw::Port_Mcu::setMode(unsigned long, EmbSysLib::Hw::Port::Mode)
 .text._ZN9EmbSysLib2Hw8Port_Mcu10setPinModeEhNS0_4Port4ModeE
                0x08001a16       0x72 ./Src/lib.o
                0x08001a16                EmbSysLib::Hw::Port_Mcu::setPinMode(unsigned char, EmbSysLib::Hw::Port::Mode)
 .text._ZN9EmbSysLib2Hw8Port_Mcu3setEm
                0x08001a88       0x1e ./Src/lib.o
                0x08001a88                EmbSysLib::Hw::Port_Mcu::set(unsigned long)
 .text._ZN9EmbSysLib2Hw8Port_Mcu3setEmm
                0x08001aa6       0x3e ./Src/lib.o
                0x08001aa6                EmbSysLib::Hw::Port_Mcu::set(unsigned long, unsigned long)
 .text._ZN9EmbSysLib2Hw8Port_Mcu3clrEm
                0x08001ae4       0x1e ./Src/lib.o
                0x08001ae4                EmbSysLib::Hw::Port_Mcu::clr(unsigned long)
 .text._ZN9EmbSysLib2Hw8Port_Mcu3getEv
                0x08001b02       0x1a ./Src/lib.o
                0x08001b02                EmbSysLib::Hw::Port_Mcu::get()
 .text.SysTick_Handler
                0x08001b1c       0x4c ./Src/lib.o
                0x08001b1c                SysTick_Handler
 .text.PendSV_Handler
                0x08001b68       0x3c ./Src/lib.o
                0x08001b68                PendSV_Handler
 .text._ZN9EmbSysLib2Hw13SPImaster_McuC2ENS1_6SPI_IDENS1_12SPI_BaudrateENS0_9SPImaster11ClockPolPhaE
                0x08001ba4      0x1ac ./Src/lib.o
                0x08001ba4                EmbSysLib::Hw::SPImaster_Mcu::SPImaster_Mcu(EmbSysLib::Hw::SPImaster_Mcu::SPI_ID, EmbSysLib::Hw::SPImaster_Mcu::SPI_Baudrate, EmbSysLib::Hw::SPImaster::ClockPolPha)
                0x08001ba4                EmbSysLib::Hw::SPImaster_Mcu::SPImaster_Mcu(EmbSysLib::Hw::SPImaster_Mcu::SPI_ID, EmbSysLib::Hw::SPImaster_Mcu::SPI_Baudrate, EmbSysLib::Hw::SPImaster::ClockPolPha)
 .text._ZN9EmbSysLib2Hw13SPImaster_Mcu14transceiveByteEh
                0x08001d50       0x9c ./Src/lib.o
                0x08001d50                EmbSysLib::Hw::SPImaster_Mcu::transceiveByte(unsigned char)
 *fill*         0x08001dec        0x4 
 .text._ZN9EmbSysLib2Hw9Timer_McuC2ENS1_7TimerIdEm
                0x08001df0      0x2d8 ./Src/lib.o
                0x08001df0                EmbSysLib::Hw::Timer_Mcu::Timer_Mcu(EmbSysLib::Hw::Timer_Mcu::TimerId, unsigned long)
                0x08001df0                EmbSysLib::Hw::Timer_Mcu::Timer_Mcu(EmbSysLib::Hw::Timer_Mcu::TimerId, unsigned long)
 .text._ZN9EmbSysLib2Hw9Timer_Mcu9enablePWMEhNS0_5Timer4ModeE
                0x080020c8      0x300 ./Src/lib.o
                0x080020c8                EmbSysLib::Hw::Timer_Mcu::enablePWM(unsigned char, EmbSysLib::Hw::Timer::Mode)
 .text._ZN9EmbSysLib2Hw9Timer_Mcu6setPWMEht
                0x080023c8       0x7c ./Src/lib.o
                0x080023c8                EmbSysLib::Hw::Timer_Mcu::setPWM(unsigned char, unsigned short)
 .text._ZN9EmbSysLib2Hw9Timer_Mcu3isrEv
                0x08002444       0x26 ./Src/lib.o
                0x08002444                EmbSysLib::Hw::Timer_Mcu::isr()
 *fill*         0x0800246a        0x2 
 .text.TIM2_IRQHandler
                0x0800246c       0x18 ./Src/lib.o
                0x0800246c                TIM2_IRQHandler
 .text.TIM3_IRQHandler
                0x08002484       0x18 ./Src/lib.o
                0x08002484                TIM3_IRQHandler
 .text.TIM4_IRQHandler
                0x0800249c       0x18 ./Src/lib.o
                0x0800249c                TIM4_IRQHandler
 .text.TIM6_IRQHandler
                0x080024b4       0x18 ./Src/lib.o
                0x080024b4                TIM6_IRQHandler
 .text.TIM7_IRQHandler
                0x080024cc       0x18 ./Src/lib.o
                0x080024cc                TIM7_IRQHandler
 .text.TIM9_IRQHandler
                0x080024e4       0x18 ./Src/lib.o
                0x080024e4                TIM9_IRQHandler
 .text.TIM10_IRQHandler
                0x080024fc       0x18 ./Src/lib.o
                0x080024fc                TIM10_IRQHandler
 .text.TIM11_IRQHandler
                0x08002514       0x18 ./Src/lib.o
                0x08002514                TIM11_IRQHandler
 .text._ZN9EmbSysLib2Hw8Uart_McuC2ENS1_8USART_IdEmtt
                0x0800252c      0x154 ./Src/lib.o
                0x0800252c                EmbSysLib::Hw::Uart_Mcu::Uart_Mcu(EmbSysLib::Hw::Uart_Mcu::USART_Id, unsigned long, unsigned short, unsigned short)
                0x0800252c                EmbSysLib::Hw::Uart_Mcu::Uart_Mcu(EmbSysLib::Hw::Uart_Mcu::USART_Id, unsigned long, unsigned short, unsigned short)
 .text._ZN9EmbSysLib2Hw8Uart_Mcu7getByteEv
                0x08002680       0x1c ./Src/lib.o
                0x08002680                EmbSysLib::Hw::Uart_Mcu::getByte()
 .text._ZN9EmbSysLib2Hw8Uart_Mcu7setByteEh
                0x0800269c       0x20 ./Src/lib.o
                0x0800269c                EmbSysLib::Hw::Uart_Mcu::setByte(unsigned char)
 *fill*         0x080026bc        0x4 
 .text._ZN9EmbSysLib2Hw8Uart_Mcu11setBaudrateEm
                0x080026c0       0xb4 ./Src/lib.o
                0x080026c0                EmbSysLib::Hw::Uart_Mcu::setBaudrate(unsigned long)
 .text._ZN9EmbSysLib2Hw8Uart_Mcu3isrEv
                0x08002774       0x6a ./Src/lib.o
                0x08002774                EmbSysLib::Hw::Uart_Mcu::isr()
 *fill*         0x080027de        0x2 
 .text.USART1_IRQHandler
                0x080027e0       0x18 ./Src/lib.o
                0x080027e0                USART1_IRQHandler
 .text.USART2_IRQHandler
                0x080027f8       0x18 ./Src/lib.o
                0x080027f8                USART2_IRQHandler
 .text.USART3_IRQHandler
                0x08002810       0x18 ./Src/lib.o
                0x08002810                USART3_IRQHandler
 .text._ZN9EmbSysLib2Hw13USBdevice_Mcu3isrEv
                0x08002828      0x13c ./Src/lib.o
                0x08002828                EmbSysLib::Hw::USBdevice_Mcu::isr()
 .text._ZN9EmbSysLib2Hw13USBdevice_Mcu8EPconfig9clrCTR_RXEv
                0x08002964       0x20 ./Src/lib.o
                0x08002964                EmbSysLib::Hw::USBdevice_Mcu::EPconfig::clrCTR_RX()
 .text._ZN9EmbSysLib2Hw13USBdevice_Mcu8EPconfig9clrCTR_TXEv
                0x08002984       0x20 ./Src/lib.o
                0x08002984                EmbSysLib::Hw::USBdevice_Mcu::EPconfig::clrCTR_TX()
 .text.USB_LP_IRQHandler
                0x080029a4       0x18 ./Src/lib.o
                0x080029a4                USB_LP_IRQHandler
 .text._ZN9EmbSysLib3Std6ReportC2Et
                0x080029bc       0x24 ./Src/lib.o
                0x080029bc                EmbSysLib::Std::Report::Report(unsigned short)
                0x080029bc                EmbSysLib::Std::Report::Report(unsigned short)
 .text._ZN9EmbSysLib3Std6Report5storeEt
                0x080029e0       0x44 ./Src/lib.o
                0x080029e0                EmbSysLib::Std::Report::store(unsigned short)
 .text._ZN9EmbSysLib3Std6Report5errorEt
                0x08002a24       0x48 ./Src/lib.o
                0x08002a24                EmbSysLib::Std::Report::error(unsigned short)
 .text._ZN9EmbSysLib3Std6Report5alertEt
                0x08002a6c       0x40 ./Src/lib.o
                0x08002a6c                EmbSysLib::Std::Report::alert(unsigned short)
 .text._ZN9EmbSysLib3Std6Report7HandlerC2Ev
                0x08002aac       0x28 ./Src/lib.o
                0x08002aac                EmbSysLib::Std::Report::Handler::Handler()
                0x08002aac                EmbSysLib::Std::Report::Handler::Handler()
 .text._ZN9EmbSysLib3Std6Report7HandlerD2Ev
                0x08002ad4       0x34 ./Src/lib.o
                0x08002ad4                EmbSysLib::Std::Report::Handler::~Handler()
                0x08002ad4                EmbSysLib::Std::Report::Handler::~Handler()
 .text._ZN9EmbSysLib2Hw3AdcC2EthRNS0_5TimerE
                0x08002b08       0xb8 ./Src/lib.o
                0x08002b08                EmbSysLib::Hw::Adc::Adc(unsigned short, unsigned char, EmbSysLib::Hw::Timer&)
                0x08002b08                EmbSysLib::Hw::Adc::Adc(unsigned short, unsigned char, EmbSysLib::Hw::Timer&)
 .text._ZN9EmbSysLib2Hw3Adc6enableEhh
                0x08002bc0       0xa8 ./Src/lib.o
                0x08002bc0                EmbSysLib::Hw::Adc::enable(unsigned char, unsigned char)
 .text._ZN9EmbSysLib2Hw3Adc3getEh
                0x08002c68       0x22 ./Src/lib.o
                0x08002c68                EmbSysLib::Hw::Adc::get(unsigned char)
 .text._ZN9EmbSysLib2Hw3Adc6updateEv
                0x08002c8a       0x54 ./Src/lib.o
                0x08002c8a                EmbSysLib::Hw::Adc::update()
 .text._ZN9EmbSysLib2Hw3Adc3isrEv
                0x08002cde       0x84 ./Src/lib.o
                0x08002cde                EmbSysLib::Hw::Adc::isr()
 *fill*         0x08002d62        0x2 
 .text._ZN9EmbSysLib2Hw11DisplayCharC2Ethh
                0x08002d64       0x4c ./Src/lib.o
                0x08002d64                EmbSysLib::Hw::DisplayChar::DisplayChar(unsigned short, unsigned char, unsigned char)
                0x08002d64                EmbSysLib::Hw::DisplayChar::DisplayChar(unsigned short, unsigned char, unsigned char)
 .text._ZN9EmbSysLib2Hw11DisplayChar16getNumberOfLinesEv
                0x08002db0       0x18 ./Src/lib.o
                0x08002db0                EmbSysLib::Hw::DisplayChar::getNumberOfLines()
 .text._ZN9EmbSysLib2Hw11DisplayChar18getNumberOfColumnsEv
                0x08002dc8       0x18 ./Src/lib.o
                0x08002dc8                EmbSysLib::Hw::DisplayChar::getNumberOfColumns()
 .text._ZN9EmbSysLib2Hw11DisplayChar9putStringEPKc
                0x08002de0       0x36 ./Src/lib.o
                0x08002de0                EmbSysLib::Hw::DisplayChar::putString(char const*)
 *fill*         0x08002e16        0x2 
 .text._ZN9EmbSysLib2Hw4PortC2Et
                0x08002e18       0x30 ./Src/lib.o
                0x08002e18                EmbSysLib::Hw::Port::Port(unsigned short)
                0x08002e18                EmbSysLib::Hw::Port::Port(unsigned short)
 .text._ZN9EmbSysLib2Hw4Port3PinC2ERS1_h
                0x08002e48       0x40 ./Src/lib.o
                0x08002e48                EmbSysLib::Hw::Port::Pin::Pin(EmbSysLib::Hw::Port&, unsigned char)
                0x08002e48                EmbSysLib::Hw::Port::Pin::Pin(EmbSysLib::Hw::Port&, unsigned char)
 .text._ZN9EmbSysLib2Hw4Port3Pin7setModeENS1_4ModeE
                0x08002e88       0x2a ./Src/lib.o
                0x08002e88                EmbSysLib::Hw::Port::Pin::setMode(EmbSysLib::Hw::Port::Mode)
 .text._ZN9EmbSysLib2Hw4Port3Pin3setEv
                0x08002eb2       0x26 ./Src/lib.o
                0x08002eb2                EmbSysLib::Hw::Port::Pin::set()
 .text._ZN9EmbSysLib2Hw4Port3Pin3setEb
                0x08002ed8       0x48 ./Src/lib.o
                0x08002ed8                EmbSysLib::Hw::Port::Pin::set(bool)
 .text._ZN9EmbSysLib2Hw4Port3Pin3clrEv
                0x08002f20       0x26 ./Src/lib.o
                0x08002f20                EmbSysLib::Hw::Port::Pin::clr()
 .text._ZN9EmbSysLib2Hw4Port3Pin3getEv
                0x08002f46       0x34 ./Src/lib.o
                0x08002f46                EmbSysLib::Hw::Port::Pin::get()
 *fill*         0x08002f7a        0x2 
 .text._ZN9EmbSysLib2Hw9SPImasterC2Ev
                0x08002f7c       0x20 ./Src/lib.o
                0x08002f7c                EmbSysLib::Hw::SPImaster::SPImaster()
                0x08002f7c                EmbSysLib::Hw::SPImaster::SPImaster()
 .text._ZN9EmbSysLib2Hw9SPImaster6Device10transceiveEPht
                0x08002f9c       0x58 ./Src/lib.o
                0x08002f9c                EmbSysLib::Hw::SPImaster::Device::transceive(unsigned char*, unsigned short)
 .text._ZN9EmbSysLib2Hw5TimerC2Et
                0x08002ff4       0x38 ./Src/lib.o
                0x08002ff4                EmbSysLib::Hw::Timer::Timer(unsigned short)
                0x08002ff4                EmbSysLib::Hw::Timer::Timer(unsigned short)
 .text._ZN9EmbSysLib2Hw5Timer12getCycleTimeEv
                0x0800302c       0x16 ./Src/lib.o
                0x0800302c                EmbSysLib::Hw::Timer::getCycleTime()
 .text._ZN9EmbSysLib2Hw5Timer3addEPNS1_4TaskE
                0x08003042       0x1e ./Src/lib.o
                0x08003042                EmbSysLib::Hw::Timer::add(EmbSysLib::Hw::Timer::Task*)
 .text._ZN9EmbSysLib2Hw5Timer10isrHandlerEv
                0x08003060       0x3c ./Src/lib.o
                0x08003060                EmbSysLib::Hw::Timer::isrHandler()
 .text._ZN9EmbSysLib2Hw4UartC2Ettt
                0x0800309c       0x9c ./Src/lib.o
                0x0800309c                EmbSysLib::Hw::Uart::Uart(unsigned short, unsigned short, unsigned short)
                0x0800309c                EmbSysLib::Hw::Uart::Uart(unsigned short, unsigned short, unsigned short)
 .text._ZN9EmbSysLib2Hw4Uart5isrRxEv
                0x08003138       0x30 ./Src/lib.o
                0x08003138                EmbSysLib::Hw::Uart::isrRx()
 .text._ZN9EmbSysLib2Hw4Uart5isrTxEv
                0x08003168       0x58 ./Src/lib.o
                0x08003168                EmbSysLib::Hw::Uart::isrTx()
 .text._ZN9EmbSysLib2Hw4Uart12transmitByteEh
                0x080031c0       0x60 ./Src/lib.o
                0x080031c0                EmbSysLib::Hw::Uart::transmitByte(unsigned char)
 .text._ZN9EmbSysLib2Hw4Uart3setEh
                0x08003220       0x24 ./Src/lib.o
                0x08003220                EmbSysLib::Hw::Uart::set(unsigned char)
 .text._ZN9EmbSysLib2Hw4Uart3setEPKht
                0x08003244       0x44 ./Src/lib.o
                0x08003244                EmbSysLib::Hw::Uart::set(unsigned char const*, unsigned short)
 .text._ZN9EmbSysLib2Hw4Uart3setEPKc
                0x08003288       0x34 ./Src/lib.o
                0x08003288                EmbSysLib::Hw::Uart::set(char const*)
 .text._ZN9EmbSysLib2Hw4Uart14isTxBufferFullEv
                0x080032bc       0x1c ./Src/lib.o
                0x080032bc                EmbSysLib::Hw::Uart::isTxBufferFull()
 .text._ZN9EmbSysLib2Hw4Uart20getFifoRemainingSizeEv
                0x080032d8       0x1c ./Src/lib.o
                0x080032d8                EmbSysLib::Hw::Uart::getFifoRemainingSize()
 .text._ZN9EmbSysLib2Hw4Uart3getERh
                0x080032f4       0x38 ./Src/lib.o
                0x080032f4                EmbSysLib::Hw::Uart::get(unsigned char&)
 .text._ZN9EmbSysLib2Hw4Uart3getEv
                0x0800332c       0x32 ./Src/lib.o
                0x0800332c                EmbSysLib::Hw::Uart::get()
 .text._ZN9EmbSysLib3Dev6AnalogC2Ehff
                0x0800335e       0x2e ./Src/lib.o
                0x0800335e                EmbSysLib::Dev::Analog::Analog(unsigned char, float, float)
                0x0800335e                EmbSysLib::Dev::Analog::Analog(unsigned char, float, float)
 .text._ZN9EmbSysLib3Dev8AnalogInC2Ehff
                0x0800338c       0x4c ./Src/lib.o
                0x0800338c                EmbSysLib::Dev::AnalogIn::AnalogIn(unsigned char, float, float)
                0x0800338c                EmbSysLib::Dev::AnalogIn::AnalogIn(unsigned char, float, float)
 .text._ZN9EmbSysLib3Dev8AnalogIn3getEv
                0x080033d8       0x44 ./Src/lib.o
                0x080033d8                EmbSysLib::Dev::AnalogIn::get()
 .text._ZN9EmbSysLib3Dev8AnalogIncvfEv
                0x0800341c       0x1c ./Src/lib.o
                0x0800341c                EmbSysLib::Dev::AnalogIn::operator float()
 .text._ZN9EmbSysLib3Dev11AnalogInAdcC2ERNS_2Hw3AdcEhffh
                0x08003438       0x50 ./Src/lib.o
                0x08003438                EmbSysLib::Dev::AnalogInAdc::AnalogInAdc(EmbSysLib::Hw::Adc&, unsigned char, float, float, unsigned char)
                0x08003438                EmbSysLib::Dev::AnalogInAdc::AnalogInAdc(EmbSysLib::Hw::Adc&, unsigned char, float, float, unsigned char)
 .text._ZN9EmbSysLib3Dev11AnalogInAdc6getRawEv
                0x08003488       0x28 ./Src/lib.o
                0x08003488                EmbSysLib::Dev::AnalogInAdc::getRaw()
 .text._ZN9EmbSysLib3Dev11AnalogInAdc6enableEv
                0x080034b0       0x28 ./Src/lib.o
                0x080034b0                EmbSysLib::Dev::AnalogInAdc::enable()
 .text._ZN9EmbSysLib3Dev7DigitalC2ERNS_2Hw4PortEhNS1_4ModeEb
                0x080034d8       0x68 ./Src/lib.o
                0x080034d8                EmbSysLib::Dev::Digital::Digital(EmbSysLib::Hw::Port&, unsigned char, EmbSysLib::Dev::Digital::Mode, bool)
                0x080034d8                EmbSysLib::Dev::Digital::Digital(EmbSysLib::Hw::Port&, unsigned char, EmbSysLib::Dev::Digital::Mode, bool)
 .text._ZN9EmbSysLib3Dev7Digital7setModeENS1_4ModeE
                0x08003540       0x22 ./Src/lib.o
                0x08003540                EmbSysLib::Dev::Digital::setMode(EmbSysLib::Dev::Digital::Mode)
 .text._ZN9EmbSysLib3Dev7Digital3setEb
                0x08003562       0x36 ./Src/lib.o
                0x08003562                EmbSysLib::Dev::Digital::set(bool)
 .text._ZN9EmbSysLib3Dev7Digital3getEv
                0x08003598       0x2c ./Src/lib.o
                0x08003598                EmbSysLib::Dev::Digital::get()
 .text._ZN9EmbSysLib3Dev10ScreenCharC2ERNS_2Hw11DisplayCharE
                0x080035c4       0x58 ./Src/lib.o
                0x080035c4                EmbSysLib::Dev::ScreenChar::ScreenChar(EmbSysLib::Hw::DisplayChar&)
                0x080035c4                EmbSysLib::Dev::ScreenChar::ScreenChar(EmbSysLib::Hw::DisplayChar&)
 .text._ZN9EmbSysLib3Dev10ScreenChar5clearEv
                0x0800361c       0x20 ./Src/lib.o
                0x0800361c                EmbSysLib::Dev::ScreenChar::clear()
 .text._ZN9EmbSysLib3Dev10ScreenChar7refreshEv
                0x0800363c       0x22 ./Src/lib.o
                0x0800363c                EmbSysLib::Dev::ScreenChar::refresh()
 .text._ZN9EmbSysLib3Dev10ScreenChar6printfEhhPKcz
                0x0800365e       0x64 ./Src/lib.o
                0x0800365e                EmbSysLib::Dev::ScreenChar::printf(unsigned char, unsigned char, char const*, ...)
 *fill*         0x080036c2        0x2 
 .text._ZN9EmbSysLib3Dev8TerminalC2ERNS_2Hw4UartEttPKcS6_
                0x080036c4       0x94 ./Src/lib.o
                0x080036c4                EmbSysLib::Dev::Terminal::Terminal(EmbSysLib::Hw::Uart&, unsigned short, unsigned short, char const*, char const*)
                0x080036c4                EmbSysLib::Dev::Terminal::Terminal(EmbSysLib::Hw::Uart&, unsigned short, unsigned short, char const*, char const*)
 .text._ZN9EmbSysLib3Dev8Terminal6printfEPKcz
                0x08003758       0x58 ./Src/lib.o
                0x08003758                EmbSysLib::Dev::Terminal::printf(char const*, ...)
 .text._ZN9EmbSysLib3Dev11TaskManager4TaskC2Ev
                0x080037b0       0x24 ./Src/lib.o
                0x080037b0                EmbSysLib::Dev::TaskManager::Task::Task()
                0x080037b0                EmbSysLib::Dev::TaskManager::Task::Task()
 .text._ZN9EmbSysLib4Ctrl14DigitalEncoderC2EPNS_3Dev7DigitalERNS2_11TaskManagerE
                0x080037d4       0x4c ./Src/lib.o
                0x080037d4                EmbSysLib::Ctrl::DigitalEncoder::DigitalEncoder(EmbSysLib::Dev::Digital*, EmbSysLib::Dev::TaskManager&)
                0x080037d4                EmbSysLib::Ctrl::DigitalEncoder::DigitalEncoder(EmbSysLib::Dev::Digital*, EmbSysLib::Dev::TaskManager&)
 .text._ZN9EmbSysLib4Ctrl14DigitalEncoder8getEventEv
                0x08003820       0x3a ./Src/lib.o
                0x08003820                EmbSysLib::Ctrl::DigitalEncoder::getEvent()
 .text._ZN9EmbSysLib4Ctrl14DigitalEncoder6updateEv
                0x0800385a       0xc4 ./Src/lib.o
                0x0800385a                EmbSysLib::Ctrl::DigitalEncoder::update()
 .text._ZN9EmbSysLib4Ctrl14DigitalEncoder7getCtrlEv
                0x0800391e       0x40 ./Src/lib.o
                0x0800391e                EmbSysLib::Ctrl::DigitalEncoder::getCtrl()
 *fill*         0x0800395e        0x2 
 .text._ZN9EmbSysLib4Ctrl24DigitalEncoderRotaryknobC2EPNS_3Dev7DigitalES4_S4_RNS2_11TaskManagerE
                0x08003960       0x3c ./Src/lib.o
                0x08003960                EmbSysLib::Ctrl::DigitalEncoderRotaryknob::DigitalEncoderRotaryknob(EmbSysLib::Dev::Digital*, EmbSysLib::Dev::Digital*, EmbSysLib::Dev::Digital*, EmbSysLib::Dev::TaskManager&)
                0x08003960                EmbSysLib::Ctrl::DigitalEncoderRotaryknob::DigitalEncoderRotaryknob(EmbSysLib::Dev::Digital*, EmbSysLib::Dev::Digital*, EmbSysLib::Dev::Digital*, EmbSysLib::Dev::TaskManager&)
 .text._ZN9EmbSysLib4Ctrl24DigitalEncoderRotaryknob12getIncrementEv
                0x0800399c       0xe0 ./Src/lib.o
                0x0800399c                EmbSysLib::Ctrl::DigitalEncoderRotaryknob::getIncrement()
 .text._ZN9EmbSysLib3Std8SequenceINS_2Hw5Timer4TaskEE4ItemC2EPS5_
                0x08003a7c       0x2c ./Src/lib.o
                0x08003a7c                EmbSysLib::Std::Sequence<EmbSysLib::Hw::Timer::Task>::Item::Item(EmbSysLib::Std::Sequence<EmbSysLib::Hw::Timer::Task>*)
                0x08003a7c                EmbSysLib::Std::Sequence<EmbSysLib::Hw::Timer::Task>::Item::Item(EmbSysLib::Std::Sequence<EmbSysLib::Hw::Timer::Task>*)
 .text._ZN9EmbSysLib3Std8SequenceINS_2Hw5Timer4TaskEEC2Ev
                0x08003aa8       0x1a ./Src/lib.o
                0x08003aa8                EmbSysLib::Std::Sequence<EmbSysLib::Hw::Timer::Task>::Sequence()
                0x08003aa8                EmbSysLib::Std::Sequence<EmbSysLib::Hw::Timer::Task>::Sequence()
 .text._ZN9EmbSysLib3Std8SequenceINS_2Hw5Timer4TaskEE3addEPS4_
                0x08003ac2       0x56 ./Src/lib.o
                0x08003ac2                EmbSysLib::Std::Sequence<EmbSysLib::Hw::Timer::Task>::add(EmbSysLib::Hw::Timer::Task*)
 .text._ZN9EmbSysLib3Std8SequenceINS_2Hw5Timer4TaskEE8getFirstEv
                0x08003b18       0x16 ./Src/lib.o
                0x08003b18                EmbSysLib::Std::Sequence<EmbSysLib::Hw::Timer::Task>::getFirst()
 .text._ZN9EmbSysLib3Std8SequenceINS_2Hw5Timer4TaskEE4Item7getNextEv
                0x08003b2e       0x16 ./Src/lib.o
                0x08003b2e                EmbSysLib::Std::Sequence<EmbSysLib::Hw::Timer::Task>::Item::getNext()
 .text._ZN9EmbSysLib3Std4FifoIhEC2Et
                0x08003b44       0x56 ./Src/lib.o
                0x08003b44                EmbSysLib::Std::Fifo<unsigned char>::Fifo(unsigned short)
                0x08003b44                EmbSysLib::Std::Fifo<unsigned char>::Fifo(unsigned short)
 .text._ZN9EmbSysLib3Std4FifoIhE7getSizeEv
                0x08003b9a       0x16 ./Src/lib.o
                0x08003b9a                EmbSysLib::Std::Fifo<unsigned char>::getSize()
 .text._ZN9EmbSysLib3Std4FifoIhElsERKh
                0x08003bb0       0x6c ./Src/lib.o
                0x08003bb0                EmbSysLib::Std::Fifo<unsigned char>::operator<<(unsigned char const&)
 .text._ZN9EmbSysLib3Std4FifoIhE7isEmptyEv
                0x08003c1c       0x28 ./Src/lib.o
                0x08003c1c                EmbSysLib::Std::Fifo<unsigned char>::isEmpty()
 .text._ZN9EmbSysLib3Std4FifoIhErsERh
                0x08003c44       0x68 ./Src/lib.o
                0x08003c44                EmbSysLib::Std::Fifo<unsigned char>::operator>>(unsigned char&)
 .text._ZN9EmbSysLib3Std4FifoIhE6isFullEv
                0x08003cac       0x2c ./Src/lib.o
                0x08003cac                EmbSysLib::Std::Fifo<unsigned char>::isFull()
 .text._ZN9EmbSysLib3Std4FifoIhE7getFreeEv
                0x08003cd8       0x38 ./Src/lib.o
                0x08003cd8                EmbSysLib::Std::Fifo<unsigned char>::getFree()
 .text._ZN9EmbSysLib3Std4FifoINS_4Ctrl14DigitalEncoder5EventEEC2Et
                0x08003d10       0x56 ./Src/lib.o
                0x08003d10                EmbSysLib::Std::Fifo<EmbSysLib::Ctrl::DigitalEncoder::Event>::Fifo(unsigned short)
                0x08003d10                EmbSysLib::Std::Fifo<EmbSysLib::Ctrl::DigitalEncoder::Event>::Fifo(unsigned short)
 .text._ZN9EmbSysLib3Std4FifoINS_4Ctrl14DigitalEncoder5EventEE7isEmptyEv
                0x08003d66       0x28 ./Src/lib.o
                0x08003d66                EmbSysLib::Std::Fifo<EmbSysLib::Ctrl::DigitalEncoder::Event>::isEmpty()
 .text._ZN9EmbSysLib3Std4FifoINS_4Ctrl14DigitalEncoder5EventEErsERS4_
                0x08003d8e       0x68 ./Src/lib.o
                0x08003d8e                EmbSysLib::Std::Fifo<EmbSysLib::Ctrl::DigitalEncoder::Event>::operator>>(EmbSysLib::Ctrl::DigitalEncoder::Event&)
 .text._ZN9EmbSysLib3Std4FifoINS_4Ctrl14DigitalEncoder5EventEE6isFullEv
                0x08003df6       0x2c ./Src/lib.o
                0x08003df6                EmbSysLib::Std::Fifo<EmbSysLib::Ctrl::DigitalEncoder::Event>::isFull()
 .text._ZN9EmbSysLib3Std4FifoINS_4Ctrl14DigitalEncoder5EventEElsERKS4_
                0x08003e22       0x6c ./Src/lib.o
                0x08003e22                EmbSysLib::Std::Fifo<EmbSysLib::Ctrl::DigitalEncoder::Event>::operator<<(EmbSysLib::Ctrl::DigitalEncoder::Event const&)
 *fill*         0x08003e8e        0x2 
 .text._Z41__static_initialization_and_destruction_0ii
                0x08003e90       0x30 ./Src/lib.o
 .text._GLOBAL__sub_I__ZN9EmbSysLib2Hw6System12cntInterruptE
                0x08003ec0       0x10 ./Src/lib.o
 .text._ZN9EmbSysLib2Hw8Rtos_Mcu4initEtPFPvS2_hE
                0x08003ed0       0x70 ./Src/main.o
                0x08003ed0                EmbSysLib::Hw::Rtos_Mcu::init(unsigned short, void* (*)(void*, unsigned char))
 .text._ZN9EmbSysLib2Hw8Rtos_Mcu5startEPhjPvPFvS3_E
                0x08003f40       0xb8 ./Src/main.o
                0x08003f40                EmbSysLib::Hw::Rtos_Mcu::start(unsigned char*, unsigned int, void*, void (*)(void*))
 .text._ZN9EmbSysLib2Hw8Rtos_Mcu5pauseEv
                0x08003ff8       0x1c ./Src/main.o
                0x08003ff8                EmbSysLib::Hw::Rtos_Mcu::pause()
 .text._ZN9EmbSysLib2Hw8Rtos_Mcu10deleteFuncEv
                0x08004014        0x8 ./Src/main.o
                0x08004014                EmbSysLib::Hw::Rtos_Mcu::deleteFunc()
 .text._ZN9EmbSysLib2Hw9SPImaster6DeviceC2ERS1_RNS0_4PortEh
                0x0800401c       0x42 ./Src/main.o
                0x0800401c                EmbSysLib::Hw::SPImaster::Device::Device(EmbSysLib::Hw::SPImaster&, EmbSysLib::Hw::Port&, unsigned char)
                0x0800401c                EmbSysLib::Hw::SPImaster::Device::Device(EmbSysLib::Hw::SPImaster&, EmbSysLib::Hw::Port&, unsigned char)
 *fill*         0x0800405e        0x2 
 .text._ZN9EmbSysLib3Dev11TaskManagerC2ERNS_2Hw5TimerE
                0x08004060       0x5c ./Src/main.o
                0x08004060                EmbSysLib::Dev::TaskManager::TaskManager(EmbSysLib::Hw::Timer&)
                0x08004060                EmbSysLib::Dev::TaskManager::TaskManager(EmbSysLib::Hw::Timer&)
 .text._ZN9EmbSysLib3Dev11TaskManager3addEPNS1_4TaskE
                0x080040bc       0x26 ./Src/main.o
                0x080040bc                EmbSysLib::Dev::TaskManager::add(EmbSysLib::Dev::TaskManager::Task*)
 .text._ZN9EmbSysLib3Dev11TaskManager12getCycleTimeEv
                0x080040e2       0x16 ./Src/main.o
                0x080040e2                EmbSysLib::Dev::TaskManager::getCycleTime()
 .text._ZN9EmbSysLib3Dev11TaskManager7getTicsEv
                0x080040f8       0x1a ./Src/main.o
                0x080040f8                EmbSysLib::Dev::TaskManager::getTics()
 .text._ZN9EmbSysLib3Dev11TaskManager6updateEv
                0x08004112       0x24 ./Src/main.o
                0x08004112                EmbSysLib::Dev::TaskManager::update()
 .text._ZN9EmbSysLib3Mod4Rtos3TCBC2Ev
                0x08004136       0x2c ./Src/main.o
                0x08004136                EmbSysLib::Mod::Rtos::TCB::TCB()
                0x08004136                EmbSysLib::Mod::Rtos::TCB::TCB()
 *fill*         0x08004162        0x2 
 .text._ZN9EmbSysLib3Mod4Rtos4TaskC2ERS1_m
                0x08004164       0x38 ./Src/main.o
                0x08004164                EmbSysLib::Mod::Rtos::Task::Task(EmbSysLib::Mod::Rtos&, unsigned long)
                0x08004164                EmbSysLib::Mod::Rtos::Task::Task(EmbSysLib::Mod::Rtos&, unsigned long)
 .text._ZN9EmbSysLib3Mod4Rtos4Task5startEv
                0x0800419c       0x1c ./Src/main.o
                0x0800419c                EmbSysLib::Mod::Rtos::Task::start()
 .text._ZN9EmbSysLib3Mod4Rtos4Task5pauseEv
                0x080041b8       0x1a ./Src/main.o
                0x080041b8                EmbSysLib::Mod::Rtos::Task::pause()
 .text._ZN9EmbSysLib3Mod4Rtos4Task7starterEPv
                0x080041d2       0x16 ./Src/main.o
                0x080041d2                EmbSysLib::Mod::Rtos::Task::starter(void*)
 .text._ZN9EmbSysLib3Mod4RtosC2Eht
                0x080041e8       0x74 ./Src/main.o
                0x080041e8                EmbSysLib::Mod::Rtos::Rtos(unsigned char, unsigned short)
                0x080041e8                EmbSysLib::Mod::Rtos::Rtos(unsigned char, unsigned short)
 .text._ZN9EmbSysLib3Mod4Rtos5startERNS1_4TaskE
                0x0800425c       0x64 ./Src/main.o
                0x0800425c                EmbSysLib::Mod::Rtos::start(EmbSysLib::Mod::Rtos::Task&)
 .text._ZN9EmbSysLib3Mod4Rtos5pauseEv
                0x080042c0       0x14 ./Src/main.o
                0x080042c0                EmbSysLib::Mod::Rtos::pause()
 .text._ZN9EmbSysLib3Mod4Rtos3addERNS1_4TaskEm
                0x080042d4       0x80 ./Src/main.o
                0x080042d4                EmbSysLib::Mod::Rtos::add(EmbSysLib::Mod::Rtos::Task&, unsigned long)
 .text._ZN9EmbSysLib3Mod4Rtos8scheduleEPvh
                0x08004354       0x34 ./Src/main.o
                0x08004354                EmbSysLib::Mod::Rtos::schedule(void*, unsigned char)
 .text._ZN9EmbSysLib3Mod4Rtos11getNextTaskEPvb
                0x08004388       0x76 ./Src/main.o
                0x08004388                EmbSysLib::Mod::Rtos::getNextTask(void*, bool)
 .text._ZN15myReportHandler8onReportEttb
                0x080043fe       0x2e ./Src/main.o
                0x080043fe                myReportHandler::onReport(unsigned short, unsigned short, bool)
 .text._ZN15myReportHandlerC2Ev
                0x0800442c       0x24 ./Src/main.o
                0x0800442c                myReportHandler::myReportHandler()
                0x0800442c                myReportHandler::myReportHandler()
 .text._ZN9EmbSysLib2Hw21DisplayChar_DIP204spi7refreshEv
                0x08004450       0x12 ./Src/main.o
                0x08004450                EmbSysLib::Hw::DisplayChar_DIP204spi::refresh()
 *fill*         0x08004462        0x2 
 .text._ZN9EmbSysLib2Hw21DisplayChar_DIP204spiC2ERNS0_9SPImaster6DeviceE
                0x08004464       0x38 ./Src/main.o
                0x08004464                EmbSysLib::Hw::DisplayChar_DIP204spi::DisplayChar_DIP204spi(EmbSysLib::Hw::SPImaster::Device&)
                0x08004464                EmbSysLib::Hw::DisplayChar_DIP204spi::DisplayChar_DIP204spi(EmbSysLib::Hw::SPImaster::Device&)
 .text._ZN9EmbSysLib2Hw21DisplayChar_DIP204spi5clearEv
                0x0800449c       0x18 ./Src/main.o
                0x0800449c                EmbSysLib::Hw::DisplayChar_DIP204spi::clear()
 .text._ZN9EmbSysLib2Hw21DisplayChar_DIP204spi11gotoTextPosEhh
                0x080044b4       0x5c ./Src/main.o
                0x080044b4                EmbSysLib::Hw::DisplayChar_DIP204spi::gotoTextPos(unsigned char, unsigned char)
 .text._ZN9EmbSysLib2Hw21DisplayChar_DIP204spi7putCharEc
                0x08004510       0x3a ./Src/main.o
                0x08004510                EmbSysLib::Hw::DisplayChar_DIP204spi::putChar(char)
 .text._ZN9EmbSysLib2Hw21DisplayChar_DIP204spi4initEv
                0x0800454a       0x38 ./Src/main.o
                0x0800454a                EmbSysLib::Hw::DisplayChar_DIP204spi::init()
 .text._ZN9EmbSysLib2Hw21DisplayChar_DIP204spi8waitBusyEv
                0x08004582       0x5e ./Src/main.o
                0x08004582                EmbSysLib::Hw::DisplayChar_DIP204spi::waitBusy()
 .text._ZN9EmbSysLib2Hw21DisplayChar_DIP204spi8writeCmdEh
                0x080045e0       0x40 ./Src/main.o
                0x080045e0                EmbSysLib::Hw::DisplayChar_DIP204spi::writeCmd(unsigned char)
 .text._ZN9EmbSysLib2Hw21DisplayChar_DIP204spi8writeDatEh
                0x08004620       0x40 ./Src/main.o
                0x08004620                EmbSysLib::Hw::DisplayChar_DIP204spi::writeDat(unsigned char)
 .text._ZN17myPressureControlC2ERN9EmbSysLib3Dev11TaskManagerE
                0x08004660       0x40 ./Src/main.o
                0x08004660                myPressureControl::myPressureControl(EmbSysLib::Dev::TaskManager&)
                0x08004660                myPressureControl::myPressureControl(EmbSysLib::Dev::TaskManager&)
 .text._ZN17myPressureControl6updateEv
                0x080046a0       0x50 ./Src/main.o
                0x080046a0                myPressureControl::update()
 .text._ZN13myBandCounterC2ERN9EmbSysLib3Dev11TaskManagerE
                0x080046f0       0x48 ./Src/main.o
                0x080046f0                myBandCounter::myBandCounter(EmbSysLib::Dev::TaskManager&)
                0x080046f0                myBandCounter::myBandCounter(EmbSysLib::Dev::TaskManager&)
 .text._ZN13myBandCounter6updateEv
                0x08004738       0x38 ./Src/main.o
                0x08004738                myBandCounter::update()
 .text._ZN11myTimerTaskC2ERN9EmbSysLib3Dev11TaskManagerE
                0x08004770       0x3c ./Src/main.o
                0x08004770                myTimerTask::myTimerTask(EmbSysLib::Dev::TaskManager&)
                0x08004770                myTimerTask::myTimerTask(EmbSysLib::Dev::TaskManager&)
 .text._ZN11myTimerTask6updateEv
                0x080047ac       0x1c ./Src/main.o
                0x080047ac                myTimerTask::update()
 .text._ZN10myRtosTaskC2ERN9EmbSysLib3Mod4RtosE
                0x080047c8       0x34 ./Src/main.o
                0x080047c8                myRtosTask::myRtosTask(EmbSysLib::Mod::Rtos&)
                0x080047c8                myRtosTask::myRtosTask(EmbSysLib::Mod::Rtos&)
 .text._ZN10myRtosTask6updateEv
                0x080047fc       0x1e ./Src/main.o
                0x080047fc                myRtosTask::update()
 *fill*         0x0800481a        0x2 
 .text.main     0x0800481c       0x90 ./Src/main.o
                0x0800481c                main
 .text._ZN15myReportHandlerD2Ev
                0x080048ac       0x24 ./Src/main.o
                0x080048ac                myReportHandler::~myReportHandler()
                0x080048ac                myReportHandler::~myReportHandler()
 .text._Z41__static_initialization_and_destruction_0ii
                0x080048d0      0x344 ./Src/main.o
 .text._GLOBAL__sub_I_report
                0x08004c14       0x10 ./Src/main.o
 .text._GLOBAL__sub_D_report
                0x08004c24       0x10 ./Src/main.o
 .text.Reset_Handler
                0x08004c34       0x48 ./Src/startup.o
                0x08004c34                Reset_Handler
 .text.Default_Handler
                0x08004c7c        0x2 ./Src/startup.o
                0x08004c7c                RTC_Alarm_IRQHandler
                0x08004c7c                EXTI2_IRQHandler
                0x08004c7c                COMP_ACQ_IRQHandler
                0x08004c7c                DebugMon_Handler
                0x08004c7c                HardFault_Handler
                0x08004c7c                USB_HP_IRQHandler
                0x08004c7c                PVD_IRQHandler
                0x08004c7c                NMI_Handler
                0x08004c7c                EXTI3_IRQHandler
                0x08004c7c                EXTI0_IRQHandler
                0x08004c7c                I2C2_EV_IRQHandler
                0x08004c7c                UsageFault_Handler
                0x08004c7c                SPI1_IRQHandler
                0x08004c7c                USB_FS_WKUP_IRQHandler
                0x08004c7c                DMA2_Channel2_IRQHandler
                0x08004c7c                DMA1_Channel4_IRQHandler
                0x08004c7c                DMA1_Channel7_IRQHandler
                0x08004c7c                LCD_IRQHandler
                0x08004c7c                DMA2_Channel1_IRQHandler
                0x08004c7c                I2C1_EV_IRQHandler
                0x08004c7c                DMA1_Channel6_IRQHandler
                0x08004c7c                DMA2_Channel4_IRQHandler
                0x08004c7c                RCC_IRQHandler
                0x08004c7c                DMA1_Channel1_IRQHandler
                0x08004c7c                Default_Handler
                0x08004c7c                EXTI15_10_IRQHandler
                0x08004c7c                EXTI9_5_IRQHandler
                0x08004c7c                TAMPER_STAMP_IRQHandler
                0x08004c7c                RTC_WKUP_IRQHandler
                0x08004c7c                SPI2_IRQHandler
                0x08004c7c                MemManage_Handler
                0x08004c7c                SVC_Handler
                0x08004c7c                DMA2_Channel5_IRQHandler
                0x08004c7c                DMA1_Channel5_IRQHandler
                0x08004c7c                EXTI4_IRQHandler
                0x08004c7c                DMA1_Channel3_IRQHandler
                0x08004c7c                COMP_IRQHandler
                0x08004c7c                WWDG_IRQHandler
                0x08004c7c                DAC_IRQHandler
                0x08004c7c                EXTI1_IRQHandler
                0x08004c7c                I2C2_ER_IRQHandler
                0x08004c7c                DMA1_Channel2_IRQHandler
                0x08004c7c                FLASH_IRQHandler
                0x08004c7c                BusFault_Handler
                0x08004c7c                SPI3_IRQHandler
                0x08004c7c                I2C1_ER_IRQHandler
                0x08004c7c                DMA2_Channel3_IRQHandler
 .text._ZN17myPressureControl11getPressureEv
                0x08004c7e       0x16 ./Src/state.o
                0x08004c7e                myPressureControl::getPressure()
 .text._ZN13myBandCounter10setCounterEi
                0x08004c94       0x1a ./Src/state.o
                0x08004c94                myBandCounter::setCounter(int)
 .text._ZN13myBandCounter10getCounterEv
                0x08004cae       0x16 ./Src/state.o
                0x08004cae                myBandCounter::getCounter()
 .text._ZN5State7displayEv
                0x08004cc4       0xc8 ./Src/state.o
                0x08004cc4                State::display()
 .text._ZN11myTimerTask5delayEm
                0x08004d8c       0x3c ./Src/state.o
                0x08004d8c                myTimerTask::delay(unsigned long)
 .text._ZN5State8countRedEv
                0x08004dc8       0x20 ./Src/state.o
                0x08004dc8                State::countRed()
 .text._ZN5State10countWhiteEv
                0x08004de8       0x20 ./Src/state.o
                0x08004de8                State::countWhite()
 .text._ZN5State9countBlueEv
                0x08004e08       0x20 ./Src/state.o
                0x08004e08                State::countBlue()
 .text._ZN5State10countErrorEv
                0x08004e28       0x20 ./Src/state.o
                0x08004e28                State::countError()
 .text._ZN6Manual9satisfiedEv
                0x08004e48      0x108 ./Src/state.o
                0x08004e48                Manual::satisfied()
 .text._ZN6Manual10transitionEi
                0x08004f50       0x58 ./Src/state.o
                0x08004f50                Manual::transition(int)
 .text._ZN6Manual7displayEv
                0x08004fa8      0x110 ./Src/state.o
                0x08004fa8                Manual::display()
 .text._ZN12StapelDetect9satisfiedEv
                0x080050b8       0x50 ./Src/state.o
                0x080050b8                StapelDetect::satisfied()
 .text._ZN12StapelDetect10transitionEi
                0x08005108       0x90 ./Src/state.o
                0x08005108                StapelDetect::transition(int)
 .text._ZN12StapelDetect7displayEv
                0x08005198       0x34 ./Src/state.o
                0x08005198                StapelDetect::display()
 .text._ZN9CLRDetect9satisfiedEv
                0x080051cc       0x6c ./Src/state.o
                0x080051cc                CLRDetect::satisfied()
 .text._ZN9CLRDetect10transitionEi
                0x08005238       0x2c ./Src/state.o
                0x08005238                CLRDetect::transition(int)
 .text._ZN9CLRDetect7displayEv
                0x08005264       0x34 ./Src/state.o
                0x08005264                CLRDetect::display()
 .text._ZN3Red9satisfiedEv
                0x08005298       0x30 ./Src/state.o
                0x08005298                Red::satisfied()
 .text._ZN3Red10transitionEi
                0x080052c8       0x48 ./Src/state.o
                0x080052c8                Red::transition(int)
 .text._ZN3Red7displayEv
                0x08005310       0x34 ./Src/state.o
                0x08005310                Red::display()
 .text._ZN5White9satisfiedEv
                0x08005344       0x30 ./Src/state.o
                0x08005344                White::satisfied()
 .text._ZN5White10transitionEi
                0x08005374       0x1a ./Src/state.o
                0x08005374                White::transition(int)
 *fill*         0x0800538e        0x2 
 .text._ZN5White7displayEv
                0x08005390       0x34 ./Src/state.o
                0x08005390                White::display()
 .text._ZN4Blue9satisfiedEv
                0x080053c4       0x30 ./Src/state.o
                0x080053c4                Blue::satisfied()
 .text._ZN4Blue10transitionEi
                0x080053f4       0x54 ./Src/state.o
                0x080053f4                Blue::transition(int)
 .text._ZN4Blue7displayEv
                0x08005448       0x34 ./Src/state.o
                0x08005448                Blue::display()
 .text._ZN8BluePass9satisfiedEv
                0x0800547c       0x30 ./Src/state.o
                0x0800547c                BluePass::satisfied()
 .text._ZN8BluePass10transitionEi
                0x080054ac       0x1a ./Src/state.o
                0x080054ac                BluePass::transition(int)
 *fill*         0x080054c6        0x2 
 .text._ZN8BluePass7displayEv
                0x080054c8       0x34 ./Src/state.o
                0x080054c8                BluePass::display()
 .text._ZN5Error9satisfiedEv
                0x080054fc       0x34 ./Src/state.o
                0x080054fc                Error::satisfied()
 .text._ZN5Error10transitionEi
                0x08005530       0x1a ./Src/state.o
                0x08005530                Error::transition(int)
 *fill*         0x0800554a        0x2 
 .text._ZN5Error7displayEv
                0x0800554c       0x34 ./Src/state.o
                0x0800554c                Error::display()
 .text._ZN6Finish9satisfiedEv
                0x08005580       0x14 ./Src/state.o
                0x08005580                Finish::satisfied()
 .text._ZN6Finish10transitionEi
                0x08005594       0x44 ./Src/state.o
                0x08005594                Finish::transition(int)
 .text._ZN6Finish7displayEv
                0x080055d8       0x34 ./Src/state.o
                0x080055d8                Finish::display()
 .text._ZN5StateC2Ev
                0x0800560c       0x20 ./Src/stateHandler.o
                0x0800560c                State::State()
                0x0800560c                State::State()
 .text._ZN6ManualC2Ev
                0x0800562c       0x24 ./Src/stateHandler.o
                0x0800562c                Manual::Manual()
                0x0800562c                Manual::Manual()
 .text._ZN12StateHandlerC2Ev
                0x08005650       0x30 ./Src/stateHandler.o
                0x08005650                StateHandler::StateHandler()
                0x08005650                StateHandler::StateHandler()
 .text._ZN12StapelDetectC2Ev
                0x08005680       0x24 ./Src/stateHandler.o
                0x08005680                StapelDetect::StapelDetect()
                0x08005680                StapelDetect::StapelDetect()
 .text._ZN6FinishC2Ev
                0x080056a4       0x24 ./Src/stateHandler.o
                0x080056a4                Finish::Finish()
                0x080056a4                Finish::Finish()
 .text._ZN5ErrorC2Ev
                0x080056c8       0x24 ./Src/stateHandler.o
                0x080056c8                Error::Error()
                0x080056c8                Error::Error()
 .text._ZN9CLRDetectC2Ev
                0x080056ec       0x24 ./Src/stateHandler.o
                0x080056ec                CLRDetect::CLRDetect()
                0x080056ec                CLRDetect::CLRDetect()
 .text._ZN3RedC2Ev
                0x08005710       0x24 ./Src/stateHandler.o
                0x08005710                Red::Red()
                0x08005710                Red::Red()
 .text._ZN5WhiteC2Ev
                0x08005734       0x24 ./Src/stateHandler.o
                0x08005734                White::White()
                0x08005734                White::White()
 .text._ZN4BlueC2Ev
                0x08005758       0x24 ./Src/stateHandler.o
                0x08005758                Blue::Blue()
                0x08005758                Blue::Blue()
 .text._ZN8BluePassC2Ev
                0x0800577c       0x24 ./Src/stateHandler.o
                0x0800577c                BluePass::BluePass()
                0x0800577c                BluePass::BluePass()
 .text._ZN12StateHandler7refreshEv
                0x080057a0      0x18a ./Src/stateHandler.o
                0x080057a0                StateHandler::refresh()
 .text._ZdlPvj  0x0800592a        0x4 C:/ST/STM32CubeIDE_1.15.1/STM32CubeIDE/plugins/com.st.stm32cube.ide.mcu.externaltools.gnu-tools-for-stm32.12.3.rel1.win32_1.0.100.202403111256/tools/bin/../lib/gcc/arm-none-eabi/12.3.1/../../../../arm-none-eabi/lib/thumb/v7-m/nofp\libstdc++_nano.a(del_ops.o)
                0x0800592a                operator delete(void*, unsigned int)
 .text._Znwj    0x0800592e       0x22 C:/ST/STM32CubeIDE_1.15.1/STM32CubeIDE/plugins/com.st.stm32cube.ide.mcu.externaltools.gnu-tools-for-stm32.12.3.rel1.win32_1.0.100.202403111256/tools/bin/../lib/gcc/arm-none-eabi/12.3.1/../../../../arm-none-eabi/lib/thumb/v7-m/nofp\libstdc++_nano.a(new_op.o)
                0x0800592e                operator new(unsigned int)
 .text._Znaj    0x08005950        0x4 C:/ST/STM32CubeIDE_1.15.1/STM32CubeIDE/plugins/com.st.stm32cube.ide.mcu.externaltools.gnu-tools-for-stm32.12.3.rel1.win32_1.0.100.202403111256/tools/bin/../lib/gcc/arm-none-eabi/12.3.1/../../../../arm-none-eabi/lib/thumb/v7-m/nofp\libstdc++_nano.a(new_opv.o)
                0x08005950                operator new[](unsigned int)
 .text._ZdlPv   0x08005954        0x4 C:/ST/STM32CubeIDE_1.15.1/STM32CubeIDE/plugins/com.st.stm32cube.ide.mcu.externaltools.gnu-tools-for-stm32.12.3.rel1.win32_1.0.100.202403111256/tools/bin/../lib/gcc/arm-none-eabi/12.3.1/../../../../arm-none-eabi/lib/thumb/v7-m/nofp\libstdc++_nano.a(del_op.o)
                0x08005954                operator delete(void*)
 .text._ZSt15get_new_handlerv
                0x08005958       0x10 C:/ST/STM32CubeIDE_1.15.1/STM32CubeIDE/plugins/com.st.stm32cube.ide.mcu.externaltools.gnu-tools-for-stm32.12.3.rel1.win32_1.0.100.202403111256/tools/bin/../lib/gcc/arm-none-eabi/12.3.1/../../../../arm-none-eabi/lib/thumb/v7-m/nofp\libstdc++_nano.a(new_handler.o)
                0x08005958                std::get_new_handler()
 .text.abort    0x08005968        0xe C:/ST/STM32CubeIDE_1.15.1/STM32CubeIDE/plugins/com.st.stm32cube.ide.mcu.externaltools.gnu-tools-for-stm32.12.3.rel1.win32_1.0.100.202403111256/tools/bin/../lib/gcc/arm-none-eabi/12.3.1/../../../../arm-none-eabi/lib/thumb/v7-m/nofp\libc_nano.a(libc_a-abort.o)
                0x08005968                abort
 *fill*         0x08005976        0x2 
 .text.malloc   0x08005978       0x10 C:/ST/STM32CubeIDE_1.15.1/STM32CubeIDE/plugins/com.st.stm32cube.ide.mcu.externaltools.gnu-tools-for-stm32.12.3.rel1.win32_1.0.100.202403111256/tools/bin/../lib/gcc/arm-none-eabi/12.3.1/../../../../arm-none-eabi/lib/thumb/v7-m/nofp\libc_nano.a(libc_a-malloc.o)
                0x08005978                malloc
 .text.free     0x08005988       0x10 C:/ST/STM32CubeIDE_1.15.1/STM32CubeIDE/plugins/com.st.stm32cube.ide.mcu.externaltools.gnu-tools-for-stm32.12.3.rel1.win32_1.0.100.202403111256/tools/bin/../lib/gcc/arm-none-eabi/12.3.1/../../../../arm-none-eabi/lib/thumb/v7-m/nofp\libc_nano.a(libc_a-malloc.o)
                0x08005988                free
 .text.sbrk_aligned
                0x08005998       0x44 C:/ST/STM32CubeIDE_1.15.1/STM32CubeIDE/plugins/com.st.stm32cube.ide.mcu.externaltools.gnu-tools-for-stm32.12.3.rel1.win32_1.0.100.202403111256/tools/bin/../lib/gcc/arm-none-eabi/12.3.1/../../../../arm-none-eabi/lib/thumb/v7-m/nofp\libc_nano.a(libc_a-mallocr.o)
 .text._malloc_r
                0x080059dc      0x100 C:/ST/STM32CubeIDE_1.15.1/STM32CubeIDE/plugins/com.st.stm32cube.ide.mcu.externaltools.gnu-tools-for-stm32.12.3.rel1.win32_1.0.100.202403111256/tools/bin/../lib/gcc/arm-none-eabi/12.3.1/../../../../arm-none-eabi/lib/thumb/v7-m/nofp\libc_nano.a(libc_a-mallocr.o)
                0x080059dc                _malloc_r
 .text.__malloc_lock
                0x08005adc        0xc C:/ST/STM32CubeIDE_1.15.1/STM32CubeIDE/plugins/com.st.stm32cube.ide.mcu.externaltools.gnu-tools-for-stm32.12.3.rel1.win32_1.0.100.202403111256/tools/bin/../lib/gcc/arm-none-eabi/12.3.1/../../../../arm-none-eabi/lib/thumb/v7-m/nofp\libc_nano.a(libc_a-mlock.o)
                0x08005adc                __malloc_lock
 .text.__malloc_unlock
                0x08005ae8        0xc C:/ST/STM32CubeIDE_1.15.1/STM32CubeIDE/plugins/com.st.stm32cube.ide.mcu.externaltools.gnu-tools-for-stm32.12.3.rel1.win32_1.0.100.202403111256/tools/bin/../lib/gcc/arm-none-eabi/12.3.1/../../../../arm-none-eabi/lib/thumb/v7-m/nofp\libc_nano.a(libc_a-mlock.o)
                0x08005ae8                __malloc_unlock
 .text._vsnprintf_r
                0x08005af4       0x56 C:/ST/STM32CubeIDE_1.15.1/STM32CubeIDE/plugins/com.st.stm32cube.ide.mcu.externaltools.gnu-tools-for-stm32.12.3.rel1.win32_1.0.100.202403111256/tools/bin/../lib/gcc/arm-none-eabi/12.3.1/../../../../arm-none-eabi/lib/thumb/v7-m/nofp\libc_nano.a(libc_a-vsnprintf.o)
                0x08005af4                _vsniprintf_r
                0x08005af4                _vsnprintf_r
 *fill*         0x08005b4a        0x2 
 .text.vsnprintf
                0x08005b4c       0x1c C:/ST/STM32CubeIDE_1.15.1/STM32CubeIDE/plugins/com.st.stm32cube.ide.mcu.externaltools.gnu-tools-for-stm32.12.3.rel1.win32_1.0.100.202403111256/tools/bin/../lib/gcc/arm-none-eabi/12.3.1/../../../../arm-none-eabi/lib/thumb/v7-m/nofp\libc_nano.a(libc_a-vsnprintf.o)
                0x08005b4c                vsniprintf
                0x08005b4c                vsnprintf
 .text._raise_r
                0x08005b68       0x50 C:/ST/STM32CubeIDE_1.15.1/STM32CubeIDE/plugins/com.st.stm32cube.ide.mcu.externaltools.gnu-tools-for-stm32.12.3.rel1.win32_1.0.100.202403111256/tools/bin/../lib/gcc/arm-none-eabi/12.3.1/../../../../arm-none-eabi/lib/thumb/v7-m/nofp\libc_nano.a(libc_a-signal.o)
                0x08005b68                _raise_r
 .text.raise    0x08005bb8       0x10 C:/ST/STM32CubeIDE_1.15.1/STM32CubeIDE/plugins/com.st.stm32cube.ide.mcu.externaltools.gnu-tools-for-stm32.12.3.rel1.win32_1.0.100.202403111256/tools/bin/../lib/gcc/arm-none-eabi/12.3.1/../../../../arm-none-eabi/lib/thumb/v7-m/nofp\libc_nano.a(libc_a-signal.o)
                0x08005bb8                raise
 .text._kill_r  0x08005bc8       0x24 C:/ST/STM32CubeIDE_1.15.1/STM32CubeIDE/plugins/com.st.stm32cube.ide.mcu.externaltools.gnu-tools-for-stm32.12.3.rel1.win32_1.0.100.202403111256/tools/bin/../lib/gcc/arm-none-eabi/12.3.1/../../../../arm-none-eabi/lib/thumb/v7-m/nofp\libc_nano.a(libc_a-signalr.o)
                0x08005bc8                _kill_r
 .text._getpid_r
                0x08005bec        0x4 C:/ST/STM32CubeIDE_1.15.1/STM32CubeIDE/plugins/com.st.stm32cube.ide.mcu.externaltools.gnu-tools-for-stm32.12.3.rel1.win32_1.0.100.202403111256/tools/bin/../lib/gcc/arm-none-eabi/12.3.1/../../../../arm-none-eabi/lib/thumb/v7-m/nofp\libc_nano.a(libc_a-signalr.o)
                0x08005bec                _getpid_r
 .text._sbrk_r  0x08005bf0       0x20 C:/ST/STM32CubeIDE_1.15.1/STM32CubeIDE/plugins/com.st.stm32cube.ide.mcu.externaltools.gnu-tools-for-stm32.12.3.rel1.win32_1.0.100.202403111256/tools/bin/../lib/gcc/arm-none-eabi/12.3.1/../../../../arm-none-eabi/lib/thumb/v7-m/nofp\libc_nano.a(libc_a-sbrkr.o)
                0x08005bf0                _sbrk_r
 .text.__libc_init_array
                0x08005c10       0x48 C:/ST/STM32CubeIDE_1.15.1/STM32CubeIDE/plugins/com.st.stm32cube.ide.mcu.externaltools.gnu-tools-for-stm32.12.3.rel1.win32_1.0.100.202403111256/tools/bin/../lib/gcc/arm-none-eabi/12.3.1/../../../../arm-none-eabi/lib/thumb/v7-m/nofp\libc_nano.a(libc_a-init.o)
                0x08005c10                __libc_init_array
 .text.__retarget_lock_acquire_recursive
                0x08005c58        0x2 C:/ST/STM32CubeIDE_1.15.1/STM32CubeIDE/plugins/com.st.stm32cube.ide.mcu.externaltools.gnu-tools-for-stm32.12.3.rel1.win32_1.0.100.202403111256/tools/bin/../lib/gcc/arm-none-eabi/12.3.1/../../../../arm-none-eabi/lib/thumb/v7-m/nofp\libc_nano.a(libc_a-lock.o)
                0x08005c58                __retarget_lock_acquire_recursive
 .text.__retarget_lock_release_recursive
                0x08005c5a        0x2 C:/ST/STM32CubeIDE_1.15.1/STM32CubeIDE/plugins/com.st.stm32cube.ide.mcu.externaltools.gnu-tools-for-stm32.12.3.rel1.win32_1.0.100.202403111256/tools/bin/../lib/gcc/arm-none-eabi/12.3.1/../../../../arm-none-eabi/lib/thumb/v7-m/nofp\libc_nano.a(libc_a-lock.o)
                0x08005c5a                __retarget_lock_release_recursive
 .text.memcpy   0x08005c5c       0x1c C:/ST/STM32CubeIDE_1.15.1/STM32CubeIDE/plugins/com.st.stm32cube.ide.mcu.externaltools.gnu-tools-for-stm32.12.3.rel1.win32_1.0.100.202403111256/tools/bin/../lib/gcc/arm-none-eabi/12.3.1/../../../../arm-none-eabi/lib/thumb/v7-m/nofp\libc_nano.a(libc_a-memcpy-stub.o)
                0x08005c5c                memcpy
 .text._free_r  0x08005c78       0x90 C:/ST/STM32CubeIDE_1.15.1/STM32CubeIDE/plugins/com.st.stm32cube.ide.mcu.externaltools.gnu-tools-for-stm32.12.3.rel1.win32_1.0.100.202403111256/tools/bin/../lib/gcc/arm-none-eabi/12.3.1/../../../../arm-none-eabi/lib/thumb/v7-m/nofp\libc_nano.a(libc_a-freer.o)
                0x08005c78                _free_r
 .text.__ssputs_r
                0x08005d08       0xb6 C:/ST/STM32CubeIDE_1.15.1/STM32CubeIDE/plugins/com.st.stm32cube.ide.mcu.externaltools.gnu-tools-for-stm32.12.3.rel1.win32_1.0.100.202403111256/tools/bin/../lib/gcc/arm-none-eabi/12.3.1/../../../../arm-none-eabi/lib/thumb/v7-m/nofp\libc_nano.a(libc_a-nano-svfprintf.o)
                0x08005d08                __ssputs_r
 *fill*         0x08005dbe        0x2 
 .text._svfprintf_r
                0x08005dc0      0x1f8 C:/ST/STM32CubeIDE_1.15.1/STM32CubeIDE/plugins/com.st.stm32cube.ide.mcu.externaltools.gnu-tools-for-stm32.12.3.rel1.win32_1.0.100.202403111256/tools/bin/../lib/gcc/arm-none-eabi/12.3.1/../../../../arm-none-eabi/lib/thumb/v7-m/nofp\libc_nano.a(libc_a-nano-svfprintf.o)
                0x08005dc0                _svfiprintf_r
                0x08005dc0                _svfprintf_r
 .text._printf_common
                0x08005fb8       0xe4 C:/ST/STM32CubeIDE_1.15.1/STM32CubeIDE/plugins/com.st.stm32cube.ide.mcu.externaltools.gnu-tools-for-stm32.12.3.rel1.win32_1.0.100.202403111256/tools/bin/../lib/gcc/arm-none-eabi/12.3.1/../../../../arm-none-eabi/lib/thumb/v7-m/nofp\libc_nano.a(libc_a-nano-vfprintf_i.o)
                0x08005fb8                _printf_common
 .text._printf_i
                0x0800609c      0x240 C:/ST/STM32CubeIDE_1.15.1/STM32CubeIDE/plugins/com.st.stm32cube.ide.mcu.externaltools.gnu-tools-for-stm32.12.3.rel1.win32_1.0.100.202403111256/tools/bin/../lib/gcc/arm-none-eabi/12.3.1/../../../../arm-none-eabi/lib/thumb/v7-m/nofp\libc_nano.a(libc_a-nano-vfprintf_i.o)
                0x0800609c                _printf_i
 .text.memmove  0x080062dc       0x34 C:/ST/STM32CubeIDE_1.15.1/STM32CubeIDE/plugins/com.st.stm32cube.ide.mcu.externaltools.gnu-tools-for-stm32.12.3.rel1.win32_1.0.100.202403111256/tools/bin/../lib/gcc/arm-none-eabi/12.3.1/../../../../arm-none-eabi/lib/thumb/v7-m/nofp\libc_nano.a(libc_a-memmove.o)
                0x080062dc                memmove
 .text.memchr   0x08006310       0x1c C:/ST/STM32CubeIDE_1.15.1/STM32CubeIDE/plugins/com.st.stm32cube.ide.mcu.externaltools.gnu-tools-for-stm32.12.3.rel1.win32_1.0.100.202403111256/tools/bin/../lib/gcc/arm-none-eabi/12.3.1/../../../../arm-none-eabi/lib/thumb/v7-m/nofp\libc_nano.a(libc_a-memchr-stub.o)
                0x08006310                memchr
 .text._realloc_r
                0x0800632c       0x5c C:/ST/STM32CubeIDE_1.15.1/STM32CubeIDE/plugins/com.st.stm32cube.ide.mcu.externaltools.gnu-tools-for-stm32.12.3.rel1.win32_1.0.100.202403111256/tools/bin/../lib/gcc/arm-none-eabi/12.3.1/../../../../arm-none-eabi/lib/thumb/v7-m/nofp\libc_nano.a(libc_a-reallocr.o)
                0x0800632c                _realloc_r
 .text._malloc_usable_size_r
                0x08006388       0x10 C:/ST/STM32CubeIDE_1.15.1/STM32CubeIDE/plugins/com.st.stm32cube.ide.mcu.externaltools.gnu-tools-for-stm32.12.3.rel1.win32_1.0.100.202403111256/tools/bin/../lib/gcc/arm-none-eabi/12.3.1/../../../../arm-none-eabi/lib/thumb/v7-m/nofp\libc_nano.a(libc_a-msizer.o)
                0x08006388                _malloc_usable_size_r
 .text._getpid  0x08006398       0x10 C:/ST/STM32CubeIDE_1.15.1/STM32CubeIDE/plugins/com.st.stm32cube.ide.mcu.externaltools.gnu-tools-for-stm32.12.3.rel1.win32_1.0.100.202403111256/tools/bin/../lib/gcc/arm-none-eabi/12.3.1/../../../../arm-none-eabi/lib/thumb/v7-m/nofp\libnosys.a(getpid.o)
                0x08006398                _getpid
 .text._kill    0x080063a8       0x10 C:/ST/STM32CubeIDE_1.15.1/STM32CubeIDE/plugins/com.st.stm32cube.ide.mcu.externaltools.gnu-tools-for-stm32.12.3.rel1.win32_1.0.100.202403111256/tools/bin/../lib/gcc/arm-none-eabi/12.3.1/../../../../arm-none-eabi/lib/thumb/v7-m/nofp\libnosys.a(kill.o)
                0x080063a8                _kill
 .text._sbrk    0x080063b8       0x1c C:/ST/STM32CubeIDE_1.15.1/STM32CubeIDE/plugins/com.st.stm32cube.ide.mcu.externaltools.gnu-tools-for-stm32.12.3.rel1.win32_1.0.100.202403111256/tools/bin/../lib/gcc/arm-none-eabi/12.3.1/../../../../arm-none-eabi/lib/thumb/v7-m/nofp\libnosys.a(sbrk.o)
                0x080063b8                _sbrk
 .text._exit    0x080063d4        0x2 C:/ST/STM32CubeIDE_1.15.1/STM32CubeIDE/plugins/com.st.stm32cube.ide.mcu.externaltools.gnu-tools-for-stm32.12.3.rel1.win32_1.0.100.202403111256/tools/bin/../lib/gcc/arm-none-eabi/12.3.1/../../../../arm-none-eabi/lib/thumb/v7-m/nofp\libnosys.a(_exit.o)
                0x080063d4                _exit
 *(.glue_7)
 .glue_7        0x080063d6        0x0 linker stubs
 *(.glue_7t)
 .glue_7t       0x080063d6        0x0 linker stubs
 *(.eh_frame)
 *fill*         0x080063d6        0x2 
 .eh_frame      0x080063d8        0x0 C:/ST/STM32CubeIDE_1.15.1/STM32CubeIDE/plugins/com.st.stm32cube.ide.mcu.externaltools.gnu-tools-for-stm32.12.3.rel1.win32_1.0.100.202403111256/tools/bin/../lib/gcc/arm-none-eabi/12.3.1/thumb/v7-m/nofp/crtbegin.o
 *(.init)
 .init          0x080063d8        0x4 C:/ST/STM32CubeIDE_1.15.1/STM32CubeIDE/plugins/com.st.stm32cube.ide.mcu.externaltools.gnu-tools-for-stm32.12.3.rel1.win32_1.0.100.202403111256/tools/bin/../lib/gcc/arm-none-eabi/12.3.1/thumb/v7-m/nofp/crti.o
                0x080063d8                _init
 .init          0x080063dc        0x8 C:/ST/STM32CubeIDE_1.15.1/STM32CubeIDE/plugins/com.st.stm32cube.ide.mcu.externaltools.gnu-tools-for-stm32.12.3.rel1.win32_1.0.100.202403111256/tools/bin/../lib/gcc/arm-none-eabi/12.3.1/thumb/v7-m/nofp/crtn.o
 *(.fini)
 .fini          0x080063e4        0x4 C:/ST/STM32CubeIDE_1.15.1/STM32CubeIDE/plugins/com.st.stm32cube.ide.mcu.externaltools.gnu-tools-for-stm32.12.3.rel1.win32_1.0.100.202403111256/tools/bin/../lib/gcc/arm-none-eabi/12.3.1/thumb/v7-m/nofp/crti.o
                0x080063e4                _fini
 .fini          0x080063e8        0x8 C:/ST/STM32CubeIDE_1.15.1/STM32CubeIDE/plugins/com.st.stm32cube.ide.mcu.externaltools.gnu-tools-for-stm32.12.3.rel1.win32_1.0.100.202403111256/tools/bin/../lib/gcc/arm-none-eabi/12.3.1/thumb/v7-m/nofp/crtn.o
                0x080063f0                        . = ALIGN (0x4)
                0x080063f0                        _etext = .

.vfp11_veneer   0x080063f0        0x0
 .vfp11_veneer  0x080063f0        0x0 linker stubs

.v4_bx          0x080063f0        0x0
 .v4_bx         0x080063f0        0x0 linker stubs

.iplt           0x080063f0        0x0
 .iplt          0x080063f0        0x0 C:/ST/STM32CubeIDE_1.15.1/STM32CubeIDE/plugins/com.st.stm32cube.ide.mcu.externaltools.gnu-tools-for-stm32.12.3.rel1.win32_1.0.100.202403111256/tools/bin/../lib/gcc/arm-none-eabi/12.3.1/thumb/v7-m/nofp/crtbegin.o

.rodata         0x080063f0      0x560
                0x080063f0                        . = ALIGN (0x4)
 *(.rodata)
 .rodata        0x080063f0       0x36 ./Src/main.o
 *fill*         0x08006426        0x2 
 .rodata        0x08006428      0x14d ./Src/state.o
 *(.rodata*)
 *fill*         0x08006575        0x3 
 .rodata._ZTVN9EmbSysLib4Ctrl24DigitalEncoderRotaryknobE
                0x08006578       0x14 ./Src/lib.o
                0x08006578                vtable for EmbSysLib::Ctrl::DigitalEncoderRotaryknob
 .rodata._ZTVN9EmbSysLib4Ctrl14DigitalEncoderE
                0x0800658c       0x14 ./Src/lib.o
                0x0800658c                vtable for EmbSysLib::Ctrl::DigitalEncoder
 .rodata._ZTVN9EmbSysLib3Dev8TerminalE
                0x080065a0        0xc ./Src/lib.o
                0x080065a0                vtable for EmbSysLib::Dev::Terminal
 .rodata._ZTVN9EmbSysLib3Dev11TaskManager4TaskE
                0x080065ac        0xc ./Src/lib.o
                0x080065ac                vtable for EmbSysLib::Dev::TaskManager::Task
 .rodata._ZTVN9EmbSysLib3Dev10ScreenCharE
                0x080065b8       0x14 ./Src/lib.o
                0x080065b8                vtable for EmbSysLib::Dev::ScreenChar
 .rodata._ZTVN9EmbSysLib3Dev7DigitalE
                0x080065cc       0x30 ./Src/lib.o
                0x080065cc                vtable for EmbSysLib::Dev::Digital
 .rodata._ZTVN9EmbSysLib3Dev11AnalogInAdcE
                0x080065fc       0x18 ./Src/lib.o
                0x080065fc                vtable for EmbSysLib::Dev::AnalogInAdc
 .rodata._ZTVN9EmbSysLib3Dev8AnalogInE
                0x08006614       0x18 ./Src/lib.o
                0x08006614                vtable for EmbSysLib::Dev::AnalogIn
 .rodata._ZTVN9EmbSysLib2Hw11DisplayCharE
                0x0800662c       0x24 ./Src/lib.o
                0x0800662c                vtable for EmbSysLib::Hw::DisplayChar
 .rodata._ZTVN9EmbSysLib2Hw8Uart_McuE
                0x08006650       0x3c ./Src/lib.o
                0x08006650                vtable for EmbSysLib::Hw::Uart_Mcu
 .rodata._ZTVN9EmbSysLib2Hw4UartE
                0x0800668c       0x38 ./Src/lib.o
                0x0800668c                vtable for EmbSysLib::Hw::Uart
 .rodata._ZTVN9EmbSysLib2Hw9Timer_McuE
                0x080066c4       0x1c ./Src/lib.o
                0x080066c4                vtable for EmbSysLib::Hw::Timer_Mcu
 .rodata._ZTVN9EmbSysLib2Hw13SPImaster_McuE
                0x080066e0        0xc ./Src/lib.o
                0x080066e0                vtable for EmbSysLib::Hw::SPImaster_Mcu
 .rodata._ZTVN9EmbSysLib2Hw9SPImasterE
                0x080066ec        0xc ./Src/lib.o
                0x080066ec                vtable for EmbSysLib::Hw::SPImaster
 .rodata._ZTVN9EmbSysLib2Hw8Port_McuE
                0x080066f8       0x20 ./Src/lib.o
                0x080066f8                vtable for EmbSysLib::Hw::Port_Mcu
 .rodata._ZTVN9EmbSysLib2Hw4PortE
                0x08006718       0x20 ./Src/lib.o
                0x08006718                vtable for EmbSysLib::Hw::Port
 .rodata._ZTVN9EmbSysLib2Hw4Port3PinE
                0x08006738       0x1c ./Src/lib.o
                0x08006738                vtable for EmbSysLib::Hw::Port::Pin
 .rodata._ZTVN9EmbSysLib2Hw7Adc_McuE
                0x08006754       0x24 ./Src/lib.o
                0x08006754                vtable for EmbSysLib::Hw::Adc_Mcu
 .rodata._ZTVN9EmbSysLib2Hw3AdcE
                0x08006778       0x24 ./Src/lib.o
                0x08006778                vtable for EmbSysLib::Hw::Adc
 .rodata._ZTVN9EmbSysLib2Hw5TimerE
                0x0800679c       0x1c ./Src/lib.o
                0x0800679c                vtable for EmbSysLib::Hw::Timer
 .rodata._ZTVN9EmbSysLib2Hw5Timer4TaskE
                0x080067b8        0xc ./Src/lib.o
                0x080067b8                vtable for EmbSysLib::Hw::Timer::Task
 .rodata._ZTVN9EmbSysLib3Std6Report7HandlerE
                0x080067c4        0xc ./Src/lib.o
                0x080067c4                vtable for EmbSysLib::Std::Report::Handler
 .rodata._ZTV10myRtosTask
                0x080067d0        0xc ./Src/main.o
                0x080067d0                vtable for myRtosTask
 .rodata._ZTV11myTimerTask
                0x080067dc        0xc ./Src/main.o
                0x080067dc                vtable for myTimerTask
 .rodata._ZTV13myBandCounter
                0x080067e8        0xc ./Src/main.o
                0x080067e8                vtable for myBandCounter
 .rodata._ZTV17myPressureControl
                0x080067f4        0xc ./Src/main.o
                0x080067f4                vtable for myPressureControl
 .rodata._ZTVN9EmbSysLib2Hw21DisplayChar_DIP204spiE
                0x08006800       0x24 ./Src/main.o
                0x08006800                vtable for EmbSysLib::Hw::DisplayChar_DIP204spi
 .rodata._ZTV15myReportHandler
                0x08006824        0xc ./Src/main.o
                0x08006824                vtable for myReportHandler
 .rodata._ZTVN9EmbSysLib3Mod4Rtos4TaskE
                0x08006830        0xc ./Src/main.o
                0x08006830                vtable for EmbSysLib::Mod::Rtos::Task
 .rodata._ZTVN9EmbSysLib3Dev11TaskManagerE
                0x0800683c       0x18 ./Src/main.o
                0x0800683c                vtable for EmbSysLib::Dev::TaskManager
 .rodata._ZTV6Finish
                0x08006854       0x14 ./Src/state.o
                0x08006854                vtable for Finish
 .rodata._ZTV5Error
                0x08006868       0x14 ./Src/state.o
                0x08006868                vtable for Error
 .rodata._ZTV8BluePass
                0x0800687c       0x14 ./Src/state.o
                0x0800687c                vtable for BluePass
 .rodata._ZTV4Blue
                0x08006890       0x14 ./Src/state.o
                0x08006890                vtable for Blue
 .rodata._ZTV5White
                0x080068a4       0x14 ./Src/state.o
                0x080068a4                vtable for White
 .rodata._ZTV3Red
                0x080068b8       0x14 ./Src/state.o
                0x080068b8                vtable for Red
 .rodata._ZTV9CLRDetect
                0x080068cc       0x14 ./Src/state.o
                0x080068cc                vtable for CLRDetect
 .rodata._ZTV12StapelDetect
                0x080068e0       0x14 ./Src/state.o
                0x080068e0                vtable for StapelDetect
 .rodata._ZTV6Manual
                0x080068f4       0x14 ./Src/state.o
                0x080068f4                vtable for Manual
 .rodata._ZTV5State
                0x08006908       0x14 ./Src/stateHandler.o
                0x08006908                vtable for State
 .rodata._svfprintf_r.str1.1
                0x0800691c       0x11 C:/ST/STM32CubeIDE_1.15.1/STM32CubeIDE/plugins/com.st.stm32cube.ide.mcu.externaltools.gnu-tools-for-stm32.12.3.rel1.win32_1.0.100.202403111256/tools/bin/../lib/gcc/arm-none-eabi/12.3.1/../../../../arm-none-eabi/lib/thumb/v7-m/nofp\libc_nano.a(libc_a-nano-svfprintf.o)
 .rodata._printf_i.str1.1
                0x0800692d       0x22 C:/ST/STM32CubeIDE_1.15.1/STM32CubeIDE/plugins/com.st.stm32cube.ide.mcu.externaltools.gnu-tools-for-stm32.12.3.rel1.win32_1.0.100.202403111256/tools/bin/../lib/gcc/arm-none-eabi/12.3.1/../../../../arm-none-eabi/lib/thumb/v7-m/nofp\libc_nano.a(libc_a-nano-vfprintf_i.o)
                0x08006950                        . = ALIGN (0x4)
 *fill*         0x0800694f        0x1 

.ARM.extab      0x08006950        0x0
                0x08006950                        . = ALIGN (0x4)
 *(.ARM.extab* .gnu.linkonce.armextab.*)
                0x08006950                        . = ALIGN (0x4)

.ARM            0x08006950        0x8
                0x08006950                        . = ALIGN (0x4)
                0x08006950                        __exidx_start = .
 *(.ARM.exidx*)
 .ARM.exidx     0x08006950        0x8 C:/ST/STM32CubeIDE_1.15.1/STM32CubeIDE/plugins/com.st.stm32cube.ide.mcu.externaltools.gnu-tools-for-stm32.12.3.rel1.win32_1.0.100.202403111256/tools/bin/../lib/gcc/arm-none-eabi/12.3.1/../../../../arm-none-eabi/lib/thumb/v7-m/nofp\libc_nano.a(libc_a-strlen.o)
                0x08006958                        __exidx_end = .
                0x08006958                        . = ALIGN (0x4)

.rel.dyn        0x08006958        0x0
 .rel.iplt      0x08006958        0x0 C:/ST/STM32CubeIDE_1.15.1/STM32CubeIDE/plugins/com.st.stm32cube.ide.mcu.externaltools.gnu-tools-for-stm32.12.3.rel1.win32_1.0.100.202403111256/tools/bin/../lib/gcc/arm-none-eabi/12.3.1/thumb/v7-m/nofp/crtbegin.o

.preinit_array  0x08006958        0x0
                0x08006958                        . = ALIGN (0x4)
                0x08006958                        PROVIDE (__preinit_array_start = .)
 *(.preinit_array*)
                0x08006958                        PROVIDE (__preinit_array_end = .)
                0x08006958                        . = ALIGN (0x4)

.init_array     0x08006958        0xc
                0x08006958                        . = ALIGN (0x4)
                0x08006958                        PROVIDE (__init_array_start = .)
 *(SORT_BY_NAME(.init_array.*))
 *(.init_array*)
 .init_array    0x08006958        0x4 C:/ST/STM32CubeIDE_1.15.1/STM32CubeIDE/plugins/com.st.stm32cube.ide.mcu.externaltools.gnu-tools-for-stm32.12.3.rel1.win32_1.0.100.202403111256/tools/bin/../lib/gcc/arm-none-eabi/12.3.1/thumb/v7-m/nofp/crtbegin.o
 .init_array    0x0800695c        0x4 ./Src/lib.o
 .init_array    0x08006960        0x4 ./Src/main.o
                0x08006964                        PROVIDE (__init_array_end = .)
                0x08006964                        . = ALIGN (0x4)

.fini_array     0x08006964        0x8
                0x08006964                        . = ALIGN (0x4)
                [!provide]                        PROVIDE (__fini_array_start = .)
 *(SORT_BY_NAME(.fini_array.*))
 *(.fini_array*)
 .fini_array    0x08006964        0x4 C:/ST/STM32CubeIDE_1.15.1/STM32CubeIDE/plugins/com.st.stm32cube.ide.mcu.externaltools.gnu-tools-for-stm32.12.3.rel1.win32_1.0.100.202403111256/tools/bin/../lib/gcc/arm-none-eabi/12.3.1/thumb/v7-m/nofp/crtbegin.o
 .fini_array    0x08006968        0x4 ./Src/main.o
                [!provide]                        PROVIDE (__fini_array_end = .)
                0x0800696c                        . = ALIGN (0x4)
                0x0800696c                        _sidata = LOADADDR (.data)

.data           0x20000000       0x74 load address 0x0800696c
                0x20000000                        . = ALIGN (0x4)
                0x20000000                        _sdata = .
 *(.data)
 *(.data*)
 .data._ZN9EmbSysLib2Hw9PinConfig5tableE
                0x20000000       0x24 ./Src/main.o
                0x20000000                EmbSysLib::Hw::PinConfig::table
 .data._impure_ptr
                0x20000024        0x4 C:/ST/STM32CubeIDE_1.15.1/STM32CubeIDE/plugins/com.st.stm32cube.ide.mcu.externaltools.gnu-tools-for-stm32.12.3.rel1.win32_1.0.100.202403111256/tools/bin/../lib/gcc/arm-none-eabi/12.3.1/../../../../arm-none-eabi/lib/thumb/v7-m/nofp\libc_nano.a(libc_a-impure.o)
                0x20000024                _impure_ptr
 .data._impure_data
                0x20000028       0x4c C:/ST/STM32CubeIDE_1.15.1/STM32CubeIDE/plugins/com.st.stm32cube.ide.mcu.externaltools.gnu-tools-for-stm32.12.3.rel1.win32_1.0.100.202403111256/tools/bin/../lib/gcc/arm-none-eabi/12.3.1/../../../../arm-none-eabi/lib/thumb/v7-m/nofp\libc_nano.a(libc_a-impure.o)
                0x20000028                _impure_data
 *(.RamFunc)
 *(.RamFunc*)
                0x20000074                        . = ALIGN (0x4)
                0x20000074                        _edata = .

.igot.plt       0x20000074        0x0 load address 0x080069e0
 .igot.plt      0x20000074        0x0 C:/ST/STM32CubeIDE_1.15.1/STM32CubeIDE/plugins/com.st.stm32cube.ide.mcu.externaltools.gnu-tools-for-stm32.12.3.rel1.win32_1.0.100.202403111256/tools/bin/../lib/gcc/arm-none-eabi/12.3.1/thumb/v7-m/nofp/crtbegin.o
                0x20000074                        . = ALIGN (0x4)

.bss            0x20000078      0x58c load address 0x080069e0
                0x20000078                        _sbss = .
                0x20000078                        __bss_start__ = _sbss
 *(.bss)
 .bss           0x20000078       0x1c C:/ST/STM32CubeIDE_1.15.1/STM32CubeIDE/plugins/com.st.stm32cube.ide.mcu.externaltools.gnu-tools-for-stm32.12.3.rel1.win32_1.0.100.202403111256/tools/bin/../lib/gcc/arm-none-eabi/12.3.1/thumb/v7-m/nofp/crtbegin.o
 *(.bss*)
 .bss._ZN9EmbSysLib2Hw6System12cntInterruptE
                0x20000094        0x1 ./Src/lib.o
                0x20000094                EmbSysLib::Hw::System::cntInterrupt
 *fill*         0x20000095        0x3 
 .bss._ZN9EmbSysLib2Hw9PinConfig6reportE
                0x20000098        0x4 ./Src/lib.o
                0x20000098                EmbSysLib::Hw::PinConfig::report
 .bss._ZN9EmbSysLib2Hw7Adc_Mcu6adcPtrE
                0x2000009c        0x4 ./Src/lib.o
                0x2000009c                EmbSysLib::Hw::Adc_Mcu::adcPtr
 .bss._ZN9EmbSysLib2Hw8Rtos_Mcu8scheduleE
                0x200000a0        0x4 ./Src/lib.o
                0x200000a0                EmbSysLib::Hw::Rtos_Mcu::schedule
 .bss._ZN9EmbSysLib2Hw8Rtos_Mcu6sysTicE
                0x200000a4        0x4 ./Src/lib.o
                0x200000a4                EmbSysLib::Hw::Rtos_Mcu::sysTic
 .bss._ZN9EmbSysLib2Hw8Rtos_Mcu10sysTicTimeE
                0x200000a8        0x4 ./Src/lib.o
                0x200000a8                EmbSysLib::Hw::Rtos_Mcu::sysTicTime
 .bss._ZZ15SysTick_HandlerE12stackPointer
                0x200000ac        0x4 ./Src/lib.o
 .bss._ZZ14PendSV_HandlerE12stackPointer
                0x200000b0        0x4 ./Src/lib.o
 .bss._ZN9EmbSysLib2Hw9Timer_Mcu10timerPtr_2E
                0x200000b4        0x4 ./Src/lib.o
                0x200000b4                EmbSysLib::Hw::Timer_Mcu::timerPtr_2
 .bss._ZN9EmbSysLib2Hw9Timer_Mcu10timerPtr_3E
                0x200000b8        0x4 ./Src/lib.o
                0x200000b8                EmbSysLib::Hw::Timer_Mcu::timerPtr_3
 .bss._ZN9EmbSysLib2Hw9Timer_Mcu10timerPtr_4E
                0x200000bc        0x4 ./Src/lib.o
                0x200000bc                EmbSysLib::Hw::Timer_Mcu::timerPtr_4
 .bss._ZN9EmbSysLib2Hw9Timer_Mcu10timerPtr_5E
                0x200000c0        0x4 ./Src/lib.o
                0x200000c0                EmbSysLib::Hw::Timer_Mcu::timerPtr_5
 .bss._ZN9EmbSysLib2Hw9Timer_Mcu10timerPtr_6E
                0x200000c4        0x4 ./Src/lib.o
                0x200000c4                EmbSysLib::Hw::Timer_Mcu::timerPtr_6
 .bss._ZN9EmbSysLib2Hw9Timer_Mcu10timerPtr_7E
                0x200000c8        0x4 ./Src/lib.o
                0x200000c8                EmbSysLib::Hw::Timer_Mcu::timerPtr_7
 .bss._ZN9EmbSysLib2Hw9Timer_Mcu10timerPtr_9E
                0x200000cc        0x4 ./Src/lib.o
                0x200000cc                EmbSysLib::Hw::Timer_Mcu::timerPtr_9
 .bss._ZN9EmbSysLib2Hw9Timer_Mcu11timerPtr_10E
                0x200000d0        0x4 ./Src/lib.o
                0x200000d0                EmbSysLib::Hw::Timer_Mcu::timerPtr_10
 .bss._ZN9EmbSysLib2Hw9Timer_Mcu11timerPtr_11E
                0x200000d4        0x4 ./Src/lib.o
                0x200000d4                EmbSysLib::Hw::Timer_Mcu::timerPtr_11
 .bss._ZN9EmbSysLib2Hw8Uart_Mcu9uartPtr_1E
                0x200000d8        0x4 ./Src/lib.o
                0x200000d8                EmbSysLib::Hw::Uart_Mcu::uartPtr_1
 .bss._ZN9EmbSysLib2Hw8Uart_Mcu9uartPtr_2E
                0x200000dc        0x4 ./Src/lib.o
                0x200000dc                EmbSysLib::Hw::Uart_Mcu::uartPtr_2
 .bss._ZN9EmbSysLib2Hw8Uart_Mcu9uartPtr_3E
                0x200000e0        0x4 ./Src/lib.o
                0x200000e0                EmbSysLib::Hw::Uart_Mcu::uartPtr_3
 .bss._ZN9EmbSysLib2Hw13USBdevice_Mcu6usbPtrE
                0x200000e4        0x4 ./Src/lib.o
                0x200000e4                EmbSysLib::Hw::USBdevice_Mcu::usbPtr
 .bss._ZN9EmbSysLib3Std6Report10msgHandlerE
                0x200000e8        0x4 ./Src/lib.o
                0x200000e8                EmbSysLib::Std::Report::msgHandler
 .bss._ZN9EmbSysLib3Std6Report10globalCodeE
                0x200000ec        0x2 ./Src/lib.o
                0x200000ec                EmbSysLib::Std::Report::globalCode
 .bss._ZN9EmbSysLib3Std6Report12globalModuleE
                0x200000ee        0x2 ./Src/lib.o
                0x200000ee                EmbSysLib::Std::Report::globalModule
 .bss._ZN9EmbSysLib3Mod4Rtos3ptrE
                0x200000f0        0x4 ./Src/lib.o
                0x200000f0                EmbSysLib::Mod::Rtos::ptr
 .bss.report    0x200000f4        0x4 ./Src/main.o
                0x200000f4                report
 .bss.timer     0x200000f8       0x1c ./Src/main.o
                0x200000f8                timer
 *fill*         0x20000114        0x4 
 .bss.taskManager
                0x20000118       0x20 ./Src/main.o
                0x20000118                taskManager
 .bss.portA     0x20000138        0xc ./Src/main.o
                0x20000138                portA
 .bss.portB     0x20000144        0xc ./Src/main.o
                0x20000144                portB
 .bss.portC     0x20000150        0xc ./Src/main.o
                0x20000150                portC
 .bss.portD     0x2000015c        0xc ./Src/main.o
                0x2000015c                portD
 .bss.led0      0x20000168       0x18 ./Src/main.o
                0x20000168                led0
 .bss.btnA      0x20000180       0x18 ./Src/main.o
                0x20000180                btnA
 .bss.PC0       0x20000198       0x18 ./Src/main.o
                0x20000198                PC0